<html>
<body>
<pre>
<h1>µVision Build Log</h1>
<h2>Tool Versions:</h2>
IDE-Version: ¦ÌVision V5.38.0.0
Copyright (C) 2022 ARM Ltd and ARM Germany GmbH. All rights reserved.
License Information: 1 Star, 1, LIC=47GU5-GATTW-SBCEJ-UUD2C-64JUH-3ES8J
 
Tool Versions:
Toolchain:       MDK-ARM Plus  Version: 5.38.0.0
Toolchain Path:  C:\Dev\Tools\Keil_v5\ARM\ARMCC\Bin
C Compiler:      Armcc.exe V5.06 update 7 (build 960)
Assembler:       Armasm.exe V5.06 update 7 (build 960)
Linker/Locator:  ArmLink.exe V5.06 update 7 (build 960)
Library Manager: ArmAr.exe V5.06 update 7 (build 960)
Hex Converter:   FromElf.exe V5.06 update 7 (build 960)
CPU DLL:         SARMCM3.DLL V5.38.0.0
Dialog DLL:      DCM.DLL V1.17.5.0
Target DLL:      UL2CM3.DLL V1.164.8.0
Dialog DLL:      TCM.DLL V1.56.4.0
 
<h2>Project:</h2>
C:\Dev\Projects\STM32-Lab\SmartLED\Project\SmartLED\SmartLED.uvprojx
Project File Date:  06/26/2026

<h2>Output:</h2>
*** Using Compiler 'V5.06 update 7 (build 960)', folder: 'C:\Dev\Tools\Keil_v5\ARM\ARMCC\Bin'
*** Warning: You are compiling one or more files of source type C++ and have selected 'use MicroLIB'. MicroLIB does not support C++!
  
Rebuild target 'SmartLED'
assembling startup_stm32f40xx.s...
compiling stm32f4xx_crc.c...
compiling stm32f4xx_cryp_aes.c...
compiling stm32f4xx_cryp.c...
compiling system_stm32f4xx.c...
compiling stm32f4xx_cec.c...
compiling stm32f4xx_cryp_des.c...
compiling stm32f4xx_dcmi.c...
compiling stm32f4xx_adc.c...
compiling misc.c...
compiling stm32f4xx_cryp_tdes.c...
compiling stm32f4xx_dbgmcu.c...
compiling stm32f4xx_dac.c...
compiling stm32f4xx_can.c...
compiling stm32f4xx_dma.c...
compiling stm32f4xx_exti.c...
compiling stm32f4xx_flash.c...
compiling stm32f4xx_flash_ramfunc.c...
compiling stm32f4xx_fmpi2c.c...
compiling stm32f4xx_gpio.c...
compiling stm32f4xx_hash.c...
compiling stm32f4xx_fsmc.c...
compiling stm32f4xx_hash_md5.c...
compiling stm32f4xx_hash_sha1.c...
compiling stm32f4xx_i2c.c...
compiling stm32f4xx_iwdg.c...
compiling stm32f4xx_pwr.c...
compiling stm32f4xx_qspi.c...
compiling stm32f4xx_rng.c...
compiling stm32f4xx_rcc.c...
compiling stm32f4xx_rtc.c...
compiling stm32f4xx_sai.c...
compiling stm32f4xx_sdio.c...
compiling stm32f4xx_spdifrx.c...
compiling stm32f4xx_syscfg.c...
compiling stm32f4xx_spi.c...
compiling stm32f4xx_usart.c...
compiling stm32f4xx_wwdg.c...
compiling stm32f4xx_tim.c...
compiling bsp_debug_usart.c...
compiling stm32f4xx_it.c...
compiling bsp_led.c...
compiling main.c...
compiling bsp_key.c...
assembling cmb_fault.S...
compiling bsp_i2c_touch.c...
compiling bsp_sdio_sd.c...
compiling bsp_fsmc.c...
compiling bsp_spi_flash.c...
compiling ff.c...
compiling DMA_LCD.c...
compiling cm_backtrace.c...
compiling gt9xx.c...
compiling diskio.c...
compiling croutine.c...
compiling bsp_nt35510_lcd.c...
compiling event_groups.c...
compiling extern_cc936.c...
compiling list.c...
compiling ASCII_16_4BPP.c...
compiling timers.c...
compiling queue.c...
compiling ASCII_24_4BPP.c...
compiling tasks.c...
compiling heap_4.c...
compiling port.c...
compiling GUI_GPU.c...
compiling GUI_Arch.c...
compiling EXT_LCD_Arch.c...
compiling X_GUI_FreeRTOS.c...
compiling gui_log_port.c...
compiling gui_lcd_port.c...
compiling gui_mem_port.c...
compiling gui_font_port.c...
compiling gui_startup.c...
compiling boot_logo.c...
compiling gui_touch_port.c...
compiling gui_input_port.c...
compiling gui_fs_port.c...
compiling gui_resource_port.c...
compiling gui_picture_port.c...
compiling x_obj.cpp...
compiling gui_desktop.c...
compiling GUI_Boot_Interface_Dialog.c...
compiling GUI_RES_Writer_Dialog.c...
compiling backend_res_writer.c...
compiling GUI_Board_App_Desktop.c...
compiling CListMenu.cpp...
compiling OEM_Button.c...
compiling OEM_CheckBox.c...
compiling OEM_GroupBox.c...
compiling OEM_ListBox.c...
compiling OEM_RadioBox.c...
compiling OEM_TextBox.c...
compiling OEM_ProgressBar.c...
compiling GUI_LED_KEY_Dialog.c...
compiling OEM_ScrollBar.c...
linking...
Program Size: Code=165488 RO-data=86132 RW-data=1628 ZI-data=1106568  
FromELF: creating hex file...
"..\..\Output\SmartLED.axf" - 0 Error(s), 0 Warning(s).

<h2>Software Packages used:</h2>

Package Vendor: Keil
                https://www.keil.com/pack/Keil.STM32F4xx_DFP.2.17.1.pack
                Keil.STM32F4xx_DFP.2.17.1
                STMicroelectronics STM32F4 Series Device Support, Drivers and Examples

<h2>Collection of Component include folders:</h2>
  C:/Dev/Tools/Keil_Packs/Keil/STM32F4xx_DFP/2.17.1/Drivers/CMSIS/Device/ST/STM32F4xx/Include

<h2>Collection of Component Files used:</h2>
Build Time Elapsed:  00:00:06
</pre>
</body>
</html>
