<!doctype html public "-//w3c//dtd html 4.0 transitional//en">
<html><head>
<title>Static Call Graph - [..\..\Output\SmartLED.axf]</title></head>
<body><HR>
<H1>Static Call Graph for image ..\..\Output\SmartLED.axf</H1><HR>
<BR><P>#&#060CALLGRAPH&#062# ARM Linker, 5060960: Last Updated: Fri Jun 26 13:10:00 2026
<BR><P>
<H3>Maximum Stack Usage =       1320 bytes + Unknown(Cycles, Untraceable Function Pointers)</H3><H3>
Call chain for Maximum Stack Depth:</H3>
desktop_proc &rArr; DefDesktopProc &rArr; DefWindowProc &rArr; DestroyWindow &rArr;  DestroyWindow (Cycle)
<P>
<H3>
Mutually Recursive functions
</H3> <LI><a href="#[1d]">ADC_IRQHandler</a>&nbsp;&nbsp;&nbsp;&rArr;&nbsp;&nbsp;&nbsp;<a href="#[1d]">ADC_IRQHandler</a><BR>
 <LI><a href="#[5]">BusFault_Handler</a>&nbsp;&nbsp;&nbsp;&rArr;&nbsp;&nbsp;&nbsp;<a href="#[5]">BusFault_Handler</a><BR>
 <LI><a href="#[4]">MemManage_Handler</a>&nbsp;&nbsp;&nbsp;&rArr;&nbsp;&nbsp;&nbsp;<a href="#[4]">MemManage_Handler</a><BR>
 <LI><a href="#[6]">UsageFault_Handler</a>&nbsp;&nbsp;&nbsp;&rArr;&nbsp;&nbsp;&nbsp;<a href="#[6]">UsageFault_Handler</a><BR>
 <LI><a href="#[28f]">_InvalidateAndChild</a>&nbsp;&nbsp;&nbsp;&rArr;&nbsp;&nbsp;&nbsp;<a href="#[191]">InvalidateRect</a><BR>
 <LI><a href="#[331]">_SetWindowClipFlag</a>&nbsp;&nbsp;&nbsp;&rArr;&nbsp;&nbsp;&nbsp;<a href="#[331]">_SetWindowClipFlag</a><BR>
 <LI><a href="#[332]">_RedrawWindow</a>&nbsp;&nbsp;&nbsp;&rArr;&nbsp;&nbsp;&nbsp;<a href="#[332]">_RedrawWindow</a><BR>
 <LI><a href="#[2ff]">_PaintWindow</a>&nbsp;&nbsp;&nbsp;&rArr;&nbsp;&nbsp;&nbsp;<a href="#[2ff]">_PaintWindow</a><BR>
 <LI><a href="#[32b]">_EndPaintTransWindowNC</a>&nbsp;&nbsp;&nbsp;&rArr;&nbsp;&nbsp;&nbsp;<a href="#[2ff]">_PaintWindow</a><BR>
 <LI><a href="#[33a]">_SendMessage_WM_SIZE_AllChild</a>&nbsp;&nbsp;&nbsp;&rArr;&nbsp;&nbsp;&nbsp;<a href="#[33a]">_SendMessage_WM_SIZE_AllChild</a><BR>
 <LI><a href="#[339]">_SendMessage_WM_MOVE_AllChild</a>&nbsp;&nbsp;&nbsp;&rArr;&nbsp;&nbsp;&nbsp;<a href="#[339]">_SendMessage_WM_MOVE_AllChild</a><BR>
 <LI><a href="#[337]">_OffsetWindowRect</a>&nbsp;&nbsp;&nbsp;&rArr;&nbsp;&nbsp;&nbsp;<a href="#[337]">_OffsetWindowRect</a><BR>
 <LI><a href="#[386]">disk_read</a>&nbsp;&nbsp;&nbsp;&rArr;&nbsp;&nbsp;&nbsp;<a href="#[386]">disk_read</a><BR>
 <LI><a href="#[387]">disk_write</a>&nbsp;&nbsp;&nbsp;&rArr;&nbsp;&nbsp;&nbsp;<a href="#[387]">disk_write</a><BR>
 <LI><a href="#[26c]">_GetWindowFromPoint</a>&nbsp;&nbsp;&nbsp;&rArr;&nbsp;&nbsp;&nbsp;<a href="#[26c]">_GetWindowFromPoint</a><BR>
 <LI><a href="#[197]">DestroyWindow</a>&nbsp;&nbsp;&nbsp;&rArr;&nbsp;&nbsp;&nbsp;<a href="#[197]">DestroyWindow</a><BR>
</UL>
<P>
<H3>
Function Pointers
</H3><UL>
 <LI><a href="#[1d]">ADC_IRQHandler</a> from startup_stm32f40xx.o(.text) referenced from startup_stm32f40xx.o(RESET)
 <LI><a href="#[ef]">ARGB4444_GetARGB</a> from surface_argb4444.o(i.ARGB4444_GetARGB) referenced from surface_argb4444.o(.constdata)
 <LI><a href="#[ee]">ARGB4444_GetRGB</a> from surface_argb4444.o(i.ARGB4444_GetRGB) referenced from surface_argb4444.o(.constdata)
 <LI><a href="#[ed]">ARGB4444_MapARGB</a> from surface_argb4444.o(i.ARGB4444_MapARGB) referenced from surface_argb4444.o(.constdata)
 <LI><a href="#[e6]">ARGB4444_MapARGB1555</a> from surface_argb4444.o(i.ARGB4444_MapARGB1555) referenced from surface_argb4444.o(.constdata)
 <LI><a href="#[e8]">ARGB4444_MapARGB4444</a> from surface_argb4444.o(i.ARGB4444_MapARGB4444) referenced from surface_argb4444.o(.constdata)
 <LI><a href="#[ea]">ARGB4444_MapARGB8888</a> from surface_argb4444.o(i.ARGB4444_MapARGB8888) referenced from surface_argb4444.o(.constdata)
 <LI><a href="#[ec]">ARGB4444_MapRGB</a> from surface_argb4444.o(i.ARGB4444_MapRGB) referenced from surface_argb4444.o(.constdata)
 <LI><a href="#[e3]">ARGB4444_MapRGB332</a> from surface_argb4444.o(i.ARGB4444_MapRGB332) referenced from surface_argb4444.o(.constdata)
 <LI><a href="#[e4]">ARGB4444_MapRGB565</a> from surface_argb4444.o(i.ARGB4444_MapRGB565) referenced from surface_argb4444.o(.constdata)
 <LI><a href="#[e5]">ARGB4444_MapXRGB1555</a> from surface_argb4444.o(i.ARGB4444_MapXRGB1555) referenced from surface_argb4444.o(.constdata)
 <LI><a href="#[e7]">ARGB4444_MapXRGB4444</a> from surface_argb4444.o(i.ARGB4444_MapXRGB4444) referenced from surface_argb4444.o(.constdata)
 <LI><a href="#[e9]">ARGB4444_MapXRGB8888</a> from surface_argb4444.o(i.ARGB4444_MapXRGB8888) referenced from surface_argb4444.o(.constdata)
 <LI><a href="#[eb]">ARGB4444_ToARGB</a> from surface_argb4444.o(i.ARGB4444_ToARGB) referenced from surface_argb4444.o(.constdata)
 <LI><a href="#[5]">BusFault_Handler</a> from stm32f4xx_it.o(i.BusFault_Handler) referenced from startup_stm32f40xx.o(RESET)
 <LI><a href="#[1f]">CAN1_RX0_IRQHandler</a> from startup_stm32f40xx.o(.text) referenced from startup_stm32f40xx.o(RESET)
 <LI><a href="#[20]">CAN1_RX1_IRQHandler</a> from startup_stm32f40xx.o(.text) referenced from startup_stm32f40xx.o(RESET)
 <LI><a href="#[21]">CAN1_SCE_IRQHandler</a> from startup_stm32f40xx.o(.text) referenced from startup_stm32f40xx.o(RESET)
 <LI><a href="#[1e]">CAN1_TX_IRQHandler</a> from startup_stm32f40xx.o(.text) referenced from startup_stm32f40xx.o(RESET)
 <LI><a href="#[4b]">CAN2_RX0_IRQHandler</a> from startup_stm32f40xx.o(.text) referenced from startup_stm32f40xx.o(RESET)
 <LI><a href="#[4c]">CAN2_RX1_IRQHandler</a> from startup_stm32f40xx.o(.text) referenced from startup_stm32f40xx.o(RESET)
 <LI><a href="#[4d]">CAN2_SCE_IRQHandler</a> from startup_stm32f40xx.o(.text) referenced from startup_stm32f40xx.o(RESET)
 <LI><a href="#[4a]">CAN2_TX_IRQHandler</a> from startup_stm32f40xx.o(.text) referenced from startup_stm32f40xx.o(RESET)
 <LI><a href="#[5a]">CRYP_IRQHandler</a> from startup_stm32f40xx.o(.text) referenced from startup_stm32f40xx.o(RESET)
 <LI><a href="#[59]">DCMI_IRQHandler</a> from startup_stm32f40xx.o(.text) referenced from startup_stm32f40xx.o(RESET)
 <LI><a href="#[16]">DMA1_Stream0_IRQHandler</a> from startup_stm32f40xx.o(.text) referenced from startup_stm32f40xx.o(RESET)
 <LI><a href="#[17]">DMA1_Stream1_IRQHandler</a> from startup_stm32f40xx.o(.text) referenced from startup_stm32f40xx.o(RESET)
 <LI><a href="#[18]">DMA1_Stream2_IRQHandler</a> from startup_stm32f40xx.o(.text) referenced from startup_stm32f40xx.o(RESET)
 <LI><a href="#[19]">DMA1_Stream3_IRQHandler</a> from startup_stm32f40xx.o(.text) referenced from startup_stm32f40xx.o(RESET)
 <LI><a href="#[1a]">DMA1_Stream4_IRQHandler</a> from startup_stm32f40xx.o(.text) referenced from startup_stm32f40xx.o(RESET)
 <LI><a href="#[1b]">DMA1_Stream5_IRQHandler</a> from startup_stm32f40xx.o(.text) referenced from startup_stm32f40xx.o(RESET)
 <LI><a href="#[1c]">DMA1_Stream6_IRQHandler</a> from startup_stm32f40xx.o(.text) referenced from startup_stm32f40xx.o(RESET)
 <LI><a href="#[3a]">DMA1_Stream7_IRQHandler</a> from startup_stm32f40xx.o(.text) referenced from startup_stm32f40xx.o(RESET)
 <LI><a href="#[43]">DMA2_Stream0_IRQHandler</a> from dma_lcd.o(i.DMA2_Stream0_IRQHandler) referenced from startup_stm32f40xx.o(RESET)
 <LI><a href="#[44]">DMA2_Stream1_IRQHandler</a> from startup_stm32f40xx.o(.text) referenced from startup_stm32f40xx.o(RESET)
 <LI><a href="#[45]">DMA2_Stream2_IRQHandler</a> from startup_stm32f40xx.o(.text) referenced from startup_stm32f40xx.o(RESET)
 <LI><a href="#[46]">DMA2_Stream3_IRQHandler</a> from bsp_sdio_sd.o(i.DMA2_Stream3_IRQHandler) referenced from startup_stm32f40xx.o(RESET)
 <LI><a href="#[47]">DMA2_Stream4_IRQHandler</a> from startup_stm32f40xx.o(.text) referenced from startup_stm32f40xx.o(RESET)
 <LI><a href="#[4f]">DMA2_Stream5_IRQHandler</a> from startup_stm32f40xx.o(.text) referenced from startup_stm32f40xx.o(RESET)
 <LI><a href="#[50]">DMA2_Stream6_IRQHandler</a> from startup_stm32f40xx.o(.text) referenced from startup_stm32f40xx.o(RESET)
 <LI><a href="#[51]">DMA2_Stream7_IRQHandler</a> from startup_stm32f40xx.o(.text) referenced from startup_stm32f40xx.o(RESET)
 <LI><a href="#[8]">DebugMon_Handler</a> from stm32f4xx_it.o(i.DebugMon_Handler) referenced from startup_stm32f40xx.o(RESET)
 <LI><a href="#[48]">ETH_IRQHandler</a> from startup_stm32f40xx.o(.text) referenced from startup_stm32f40xx.o(RESET)
 <LI><a href="#[49]">ETH_WKUP_IRQHandler</a> from startup_stm32f40xx.o(.text) referenced from startup_stm32f40xx.o(RESET)
 <LI><a href="#[11]">EXTI0_IRQHandler</a> from startup_stm32f40xx.o(.text) referenced from startup_stm32f40xx.o(RESET)
 <LI><a href="#[33]">EXTI15_10_IRQHandler</a> from startup_stm32f40xx.o(.text) referenced from startup_stm32f40xx.o(RESET)
 <LI><a href="#[12]">EXTI1_IRQHandler</a> from startup_stm32f40xx.o(.text) referenced from startup_stm32f40xx.o(RESET)
 <LI><a href="#[13]">EXTI2_IRQHandler</a> from startup_stm32f40xx.o(.text) referenced from startup_stm32f40xx.o(RESET)
 <LI><a href="#[14]">EXTI3_IRQHandler</a> from startup_stm32f40xx.o(.text) referenced from startup_stm32f40xx.o(RESET)
 <LI><a href="#[15]">EXTI4_IRQHandler</a> from startup_stm32f40xx.o(.text) referenced from startup_stm32f40xx.o(RESET)
 <LI><a href="#[22]">EXTI9_5_IRQHandler</a> from startup_stm32f40xx.o(.text) referenced from startup_stm32f40xx.o(RESET)
 <LI><a href="#[f]">FLASH_IRQHandler</a> from startup_stm32f40xx.o(.text) referenced from startup_stm32f40xx.o(RESET)
 <LI><a href="#[5c]">FPU_IRQHandler</a> from startup_stm32f40xx.o(.text) referenced from startup_stm32f40xx.o(RESET)
 <LI><a href="#[3b]">FSMC_IRQHandler</a> from startup_stm32f40xx.o(.text) referenced from startup_stm32f40xx.o(RESET)
 <LI><a href="#[d6]">GUI_Thread_Entry</a> from main.o(i.GUI_Thread_Entry) referenced from main.o(i.main)
 <LI><a href="#[5b]">HASH_RNG_IRQHandler</a> from startup_stm32f40xx.o(.text) referenced from startup_stm32f40xx.o(RESET)
 <LI><a href="#[3]">HardFault_Handler</a> from cmb_fault.o(.text) referenced from startup_stm32f40xx.o(RESET)
 <LI><a href="#[2b]">I2C1_ER_IRQHandler</a> from startup_stm32f40xx.o(.text) referenced from startup_stm32f40xx.o(RESET)
 <LI><a href="#[2a]">I2C1_EV_IRQHandler</a> from startup_stm32f40xx.o(.text) referenced from startup_stm32f40xx.o(RESET)
 <LI><a href="#[2d]">I2C2_ER_IRQHandler</a> from startup_stm32f40xx.o(.text) referenced from startup_stm32f40xx.o(RESET)
 <LI><a href="#[2c]">I2C2_EV_IRQHandler</a> from startup_stm32f40xx.o(.text) referenced from startup_stm32f40xx.o(RESET)
 <LI><a href="#[54]">I2C3_ER_IRQHandler</a> from startup_stm32f40xx.o(.text) referenced from startup_stm32f40xx.o(RESET)
 <LI><a href="#[53]">I2C3_EV_IRQHandler</a> from startup_stm32f40xx.o(.text) referenced from startup_stm32f40xx.o(RESET)
 <LI><a href="#[4]">MemManage_Handler</a> from stm32f4xx_it.o(i.MemManage_Handler) referenced from startup_stm32f40xx.o(RESET)
 <LI><a href="#[2]">NMI_Handler</a> from stm32f4xx_it.o(i.NMI_Handler) referenced from startup_stm32f40xx.o(RESET)
 <LI><a href="#[4e]">OTG_FS_IRQHandler</a> from startup_stm32f40xx.o(.text) referenced from startup_stm32f40xx.o(RESET)
 <LI><a href="#[35]">OTG_FS_WKUP_IRQHandler</a> from startup_stm32f40xx.o(.text) referenced from startup_stm32f40xx.o(RESET)
 <LI><a href="#[56]">OTG_HS_EP1_IN_IRQHandler</a> from startup_stm32f40xx.o(.text) referenced from startup_stm32f40xx.o(RESET)
 <LI><a href="#[55]">OTG_HS_EP1_OUT_IRQHandler</a> from startup_stm32f40xx.o(.text) referenced from startup_stm32f40xx.o(RESET)
 <LI><a href="#[58]">OTG_HS_IRQHandler</a> from startup_stm32f40xx.o(.text) referenced from startup_stm32f40xx.o(RESET)
 <LI><a href="#[57]">OTG_HS_WKUP_IRQHandler</a> from startup_stm32f40xx.o(.text) referenced from startup_stm32f40xx.o(RESET)
 <LI><a href="#[c]">PVD_IRQHandler</a> from startup_stm32f40xx.o(.text) referenced from startup_stm32f40xx.o(RESET)
 <LI><a href="#[9]">PendSV_Handler</a> from port.o(.emb_text) referenced from startup_stm32f40xx.o(RESET)
 <LI><a href="#[10]">RCC_IRQHandler</a> from startup_stm32f40xx.o(.text) referenced from startup_stm32f40xx.o(RESET)
 <LI><a href="#[34]">RTC_Alarm_IRQHandler</a> from startup_stm32f40xx.o(.text) referenced from startup_stm32f40xx.o(RESET)
 <LI><a href="#[e]">RTC_WKUP_IRQHandler</a> from startup_stm32f40xx.o(.text) referenced from startup_stm32f40xx.o(RESET)
 <LI><a href="#[1]">Reset_Handler</a> from startup_stm32f40xx.o(.text) referenced from startup_stm32f40xx.o(RESET)
 <LI><a href="#[3c]">SDIO_IRQHandler</a> from bsp_sdio_sd.o(i.SDIO_IRQHandler) referenced from startup_stm32f40xx.o(RESET)
 <LI><a href="#[2e]">SPI1_IRQHandler</a> from startup_stm32f40xx.o(.text) referenced from startup_stm32f40xx.o(RESET)
 <LI><a href="#[2f]">SPI2_IRQHandler</a> from startup_stm32f40xx.o(.text) referenced from startup_stm32f40xx.o(RESET)
 <LI><a href="#[3e]">SPI3_IRQHandler</a> from startup_stm32f40xx.o(.text) referenced from startup_stm32f40xx.o(RESET)
 <LI><a href="#[7]">SVC_Handler</a> from port.o(.emb_text) referenced from startup_stm32f40xx.o(RESET)
 <LI><a href="#[a]">SysTick_Handler</a> from stm32f4xx_it.o(i.SysTick_Handler) referenced from startup_stm32f40xx.o(RESET)
 <LI><a href="#[5e]">SystemInit</a> from system_stm32f4xx.o(i.SystemInit) referenced from startup_stm32f40xx.o(.text)
 <LI><a href="#[d]">TAMP_STAMP_IRQHandler</a> from startup_stm32f40xx.o(.text) referenced from startup_stm32f40xx.o(RESET)
 <LI><a href="#[23]">TIM1_BRK_TIM9_IRQHandler</a> from startup_stm32f40xx.o(.text) referenced from startup_stm32f40xx.o(RESET)
 <LI><a href="#[26]">TIM1_CC_IRQHandler</a> from startup_stm32f40xx.o(.text) referenced from startup_stm32f40xx.o(RESET)
 <LI><a href="#[25]">TIM1_TRG_COM_TIM11_IRQHandler</a> from startup_stm32f40xx.o(.text) referenced from startup_stm32f40xx.o(RESET)
 <LI><a href="#[24]">TIM1_UP_TIM10_IRQHandler</a> from startup_stm32f40xx.o(.text) referenced from startup_stm32f40xx.o(RESET)
 <LI><a href="#[27]">TIM2_IRQHandler</a> from startup_stm32f40xx.o(.text) referenced from startup_stm32f40xx.o(RESET)
 <LI><a href="#[28]">TIM3_IRQHandler</a> from startup_stm32f40xx.o(.text) referenced from startup_stm32f40xx.o(RESET)
 <LI><a href="#[29]">TIM4_IRQHandler</a> from startup_stm32f40xx.o(.text) referenced from startup_stm32f40xx.o(RESET)
 <LI><a href="#[3d]">TIM5_IRQHandler</a> from startup_stm32f40xx.o(.text) referenced from startup_stm32f40xx.o(RESET)
 <LI><a href="#[41]">TIM6_DAC_IRQHandler</a> from startup_stm32f40xx.o(.text) referenced from startup_stm32f40xx.o(RESET)
 <LI><a href="#[42]">TIM7_IRQHandler</a> from startup_stm32f40xx.o(.text) referenced from startup_stm32f40xx.o(RESET)
 <LI><a href="#[36]">TIM8_BRK_TIM12_IRQHandler</a> from startup_stm32f40xx.o(.text) referenced from startup_stm32f40xx.o(RESET)
 <LI><a href="#[39]">TIM8_CC_IRQHandler</a> from startup_stm32f40xx.o(.text) referenced from startup_stm32f40xx.o(RESET)
 <LI><a href="#[38]">TIM8_TRG_COM_TIM14_IRQHandler</a> from startup_stm32f40xx.o(.text) referenced from startup_stm32f40xx.o(RESET)
 <LI><a href="#[37]">TIM8_UP_TIM13_IRQHandler</a> from startup_stm32f40xx.o(.text) referenced from startup_stm32f40xx.o(RESET)
 <LI><a href="#[3f]">UART4_IRQHandler</a> from startup_stm32f40xx.o(.text) referenced from startup_stm32f40xx.o(RESET)
 <LI><a href="#[40]">UART5_IRQHandler</a> from startup_stm32f40xx.o(.text) referenced from startup_stm32f40xx.o(RESET)
 <LI><a href="#[30]">USART1_IRQHandler</a> from startup_stm32f40xx.o(.text) referenced from startup_stm32f40xx.o(RESET)
 <LI><a href="#[31]">USART2_IRQHandler</a> from startup_stm32f40xx.o(.text) referenced from startup_stm32f40xx.o(RESET)
 <LI><a href="#[32]">USART3_IRQHandler</a> from startup_stm32f40xx.o(.text) referenced from startup_stm32f40xx.o(RESET)
 <LI><a href="#[52]">USART6_IRQHandler</a> from startup_stm32f40xx.o(.text) referenced from startup_stm32f40xx.o(RESET)
 <LI><a href="#[6]">UsageFault_Handler</a> from stm32f4xx_it.o(i.UsageFault_Handler) referenced from startup_stm32f40xx.o(RESET)
 <LI><a href="#[b]">WWDG_IRQHandler</a> from startup_stm32f40xx.o(.text) referenced from startup_stm32f40xx.o(RESET)
 <LI><a href="#[f9]">_GetARGB</a> from surface_argb8888.o(i._GetARGB) referenced 4 times from surface_argb8888.o(.constdata)
 <LI><a href="#[f8]">_GetRGB</a> from surface_argb8888.o(i._GetRGB) referenced 4 times from surface_argb8888.o(.constdata)
 <LI><a href="#[f7]">_MapARGB</a> from surface_argb8888.o(i._MapARGB) referenced 4 times from surface_argb8888.o(.constdata)
 <LI><a href="#[f6]">_MapRGB</a> from surface_argb8888.o(i._MapRGB) referenced 4 times from surface_argb8888.o(.constdata)
 <LI><a href="#[f0]">_MapRGB332</a> from surface_argb8888.o(i._MapRGB332) referenced 4 times from surface_argb8888.o(.constdata)
 <LI><a href="#[f1]">_MapRGB565</a> from surface_argb8888.o(i._MapRGB565) referenced 4 times from surface_argb8888.o(.constdata)
 <LI><a href="#[f2]">_MapXRGB1555</a> from surface_argb8888.o(i._MapXRGB1555) referenced 8 times from surface_argb8888.o(.constdata)
 <LI><a href="#[f3]">_MapXRGB4444</a> from surface_argb8888.o(i._MapXRGB4444) referenced 8 times from surface_argb8888.o(.constdata)
 <LI><a href="#[f4]">_MapXRGB8888</a> from surface_argb8888.o(i._MapXRGB8888) referenced 8 times from surface_argb8888.o(.constdata)
 <LI><a href="#[f5]">_ToARGB</a> from surface_argb8888.o(i._ToARGB) referenced 4 times from surface_argb8888.o(.constdata)
 <LI><a href="#[69]">__copy_bits</a> from gl_mem_16bpp.o(i.__copy_bits) referenced from gl_mem_16bpp.o(i.GL_MEM_16BPP_Init)
 <LI><a href="#[85]">__copy_bits</a> from gl_mem_32bpp.o(i.__copy_bits) referenced from gl_mem_32bpp.o(i.GL_MEM_32BPP_Init)
 <LI><a href="#[a1]">__copy_bits</a> from gl_mem_8bpp.o(i.__copy_bits) referenced from gl_mem_8bpp.o(i.GL_MEM_8BPP_Init)
 <LI><a href="#[c0]">__copy_bits</a> from gl_ext_lcd_16bit.o(i.__copy_bits) referenced from gl_ext_lcd_16bit.o(i._GL_MPU_16BPP_Init)
 <LI><a href="#[d9]">__create_font</a> from gui_font_xft.o(i.__create_font) referenced 2 times from gui_font_xft.o(.constdata)
 <LI><a href="#[da]">__delete_font</a> from gui_font_xft.o(i.__delete_font) referenced 2 times from gui_font_xft.o(.constdata)
 <LI><a href="#[76]">__draw_bitmap_AL1</a> from gl_mem_16bpp.o(i.__draw_bitmap_AL1) referenced from gl_mem_16bpp.o(i.GL_MEM_16BPP_Init)
 <LI><a href="#[92]">__draw_bitmap_AL1</a> from gl_mem_32bpp.o(i.__draw_bitmap_AL1) referenced from gl_mem_32bpp.o(i.GL_MEM_32BPP_Init)
 <LI><a href="#[ae]">__draw_bitmap_AL1</a> from gl_mem_8bpp.o(i.__draw_bitmap_AL1) referenced from gl_mem_8bpp.o(i.GL_MEM_8BPP_Init)
 <LI><a href="#[cd]">__draw_bitmap_AL1</a> from gl_ext_lcd_16bit.o(i.__draw_bitmap_AL1) referenced from gl_ext_lcd_16bit.o(i._GL_MPU_16BPP_Init)
 <LI><a href="#[77]">__draw_bitmap_AL2</a> from gl_mem_16bpp.o(i.__draw_bitmap_AL2) referenced from gl_mem_16bpp.o(i.GL_MEM_16BPP_Init)
 <LI><a href="#[93]">__draw_bitmap_AL2</a> from gl_mem_32bpp.o(i.__draw_bitmap_AL2) referenced from gl_mem_32bpp.o(i.GL_MEM_32BPP_Init)
 <LI><a href="#[af]">__draw_bitmap_AL2</a> from gl_mem_8bpp.o(i.__draw_bitmap_AL2) referenced from gl_mem_8bpp.o(i.GL_MEM_8BPP_Init)
 <LI><a href="#[ce]">__draw_bitmap_AL2</a> from gl_ext_lcd_16bit.o(i.__draw_bitmap_AL2) referenced from gl_ext_lcd_16bit.o(i._GL_MPU_16BPP_Init)
 <LI><a href="#[78]">__draw_bitmap_AL4</a> from gl_mem_16bpp.o(i.__draw_bitmap_AL4) referenced from gl_mem_16bpp.o(i.GL_MEM_16BPP_Init)
 <LI><a href="#[94]">__draw_bitmap_AL4</a> from gl_mem_32bpp.o(i.__draw_bitmap_AL4) referenced from gl_mem_32bpp.o(i.GL_MEM_32BPP_Init)
 <LI><a href="#[b0]">__draw_bitmap_AL4</a> from gl_mem_8bpp.o(i.__draw_bitmap_AL4) referenced from gl_mem_8bpp.o(i.GL_MEM_8BPP_Init)
 <LI><a href="#[cf]">__draw_bitmap_AL4</a> from gl_ext_lcd_16bit.o(i.__draw_bitmap_AL4) referenced from gl_ext_lcd_16bit.o(i._GL_MPU_16BPP_Init)
 <LI><a href="#[79]">__draw_bitmap_AL8</a> from gl_mem_16bpp.o(i.__draw_bitmap_AL8) referenced from gl_mem_16bpp.o(i.GL_MEM_16BPP_Init)
 <LI><a href="#[95]">__draw_bitmap_AL8</a> from gl_mem_32bpp.o(i.__draw_bitmap_AL8) referenced from gl_mem_32bpp.o(i.GL_MEM_32BPP_Init)
 <LI><a href="#[b1]">__draw_bitmap_AL8</a> from gl_mem_8bpp.o(i.__draw_bitmap_AL8) referenced from gl_mem_8bpp.o(i.GL_MEM_8BPP_Init)
 <LI><a href="#[d0]">__draw_bitmap_AL8</a> from gl_ext_lcd_16bit.o(i.__draw_bitmap_AL8) referenced from gl_ext_lcd_16bit.o(i._GL_MPU_16BPP_Init)
 <LI><a href="#[71]">__draw_bitmap_ARGB1555</a> from gl_mem_16bpp.o(i.__draw_bitmap_ARGB1555) referenced from gl_mem_16bpp.o(i.GL_MEM_16BPP_Init)
 <LI><a href="#[8d]">__draw_bitmap_ARGB1555</a> from gl_mem_32bpp.o(i.__draw_bitmap_ARGB1555) referenced from gl_mem_32bpp.o(i.GL_MEM_32BPP_Init)
 <LI><a href="#[a9]">__draw_bitmap_ARGB1555</a> from gl_mem_8bpp.o(i.__draw_bitmap_ARGB1555) referenced from gl_mem_8bpp.o(i.GL_MEM_8BPP_Init)
 <LI><a href="#[c8]">__draw_bitmap_ARGB1555</a> from gl_ext_lcd_16bit.o(i.__draw_bitmap_ARGB1555) referenced from gl_ext_lcd_16bit.o(i._GL_MPU_16BPP_Init)
 <LI><a href="#[72]">__draw_bitmap_ARGB4444</a> from gl_mem_16bpp.o(i.__draw_bitmap_ARGB4444) referenced from gl_mem_16bpp.o(i.GL_MEM_16BPP_Init)
 <LI><a href="#[8e]">__draw_bitmap_ARGB4444</a> from gl_mem_32bpp.o(i.__draw_bitmap_ARGB4444) referenced from gl_mem_32bpp.o(i.GL_MEM_32BPP_Init)
 <LI><a href="#[aa]">__draw_bitmap_ARGB4444</a> from gl_mem_8bpp.o(i.__draw_bitmap_ARGB4444) referenced from gl_mem_8bpp.o(i.GL_MEM_8BPP_Init)
 <LI><a href="#[c9]">__draw_bitmap_ARGB4444</a> from gl_ext_lcd_16bit.o(i.__draw_bitmap_ARGB4444) referenced from gl_ext_lcd_16bit.o(i._GL_MPU_16BPP_Init)
 <LI><a href="#[75]">__draw_bitmap_ARGB8888</a> from gl_mem_16bpp.o(i.__draw_bitmap_ARGB8888) referenced from gl_mem_16bpp.o(i.GL_MEM_16BPP_Init)
 <LI><a href="#[91]">__draw_bitmap_ARGB8888</a> from gl_mem_32bpp.o(i.__draw_bitmap_ARGB8888) referenced from gl_mem_32bpp.o(i.GL_MEM_32BPP_Init)
 <LI><a href="#[ad]">__draw_bitmap_ARGB8888</a> from gl_mem_8bpp.o(i.__draw_bitmap_ARGB8888) referenced from gl_mem_8bpp.o(i.GL_MEM_8BPP_Init)
 <LI><a href="#[cc]">__draw_bitmap_ARGB8888</a> from gl_ext_lcd_16bit.o(i.__draw_bitmap_ARGB8888) referenced from gl_ext_lcd_16bit.o(i._GL_MPU_16BPP_Init)
 <LI><a href="#[6a]">__draw_bitmap_LUT1</a> from gl_mem_16bpp.o(i.__draw_bitmap_LUT1) referenced from gl_mem_16bpp.o(i.GL_MEM_16BPP_Init)
 <LI><a href="#[86]">__draw_bitmap_LUT1</a> from gl_mem_32bpp.o(i.__draw_bitmap_LUT1) referenced from gl_mem_32bpp.o(i.GL_MEM_32BPP_Init)
 <LI><a href="#[a2]">__draw_bitmap_LUT1</a> from gl_mem_8bpp.o(i.__draw_bitmap_LUT1) referenced from gl_mem_8bpp.o(i.GL_MEM_8BPP_Init)
 <LI><a href="#[c1]">__draw_bitmap_LUT1</a> from gl_ext_lcd_16bit.o(i.__draw_bitmap_LUT1) referenced from gl_ext_lcd_16bit.o(i._GL_MPU_16BPP_Init)
 <LI><a href="#[6b]">__draw_bitmap_LUT2</a> from gl_mem_16bpp.o(i.__draw_bitmap_LUT2) referenced from gl_mem_16bpp.o(i.GL_MEM_16BPP_Init)
 <LI><a href="#[87]">__draw_bitmap_LUT2</a> from gl_mem_32bpp.o(i.__draw_bitmap_LUT2) referenced from gl_mem_32bpp.o(i.GL_MEM_32BPP_Init)
 <LI><a href="#[a3]">__draw_bitmap_LUT2</a> from gl_mem_8bpp.o(i.__draw_bitmap_LUT2) referenced from gl_mem_8bpp.o(i.GL_MEM_8BPP_Init)
 <LI><a href="#[c2]">__draw_bitmap_LUT2</a> from gl_ext_lcd_16bit.o(i.__draw_bitmap_LUT2) referenced from gl_ext_lcd_16bit.o(i._GL_MPU_16BPP_Init)
 <LI><a href="#[6c]">__draw_bitmap_LUT4</a> from gl_mem_16bpp.o(i.__draw_bitmap_LUT4) referenced from gl_mem_16bpp.o(i.GL_MEM_16BPP_Init)
 <LI><a href="#[88]">__draw_bitmap_LUT4</a> from gl_mem_32bpp.o(i.__draw_bitmap_LUT4) referenced from gl_mem_32bpp.o(i.GL_MEM_32BPP_Init)
 <LI><a href="#[a4]">__draw_bitmap_LUT4</a> from gl_mem_8bpp.o(i.__draw_bitmap_LUT4) referenced from gl_mem_8bpp.o(i.GL_MEM_8BPP_Init)
 <LI><a href="#[c3]">__draw_bitmap_LUT4</a> from gl_ext_lcd_16bit.o(i.__draw_bitmap_LUT4) referenced from gl_ext_lcd_16bit.o(i._GL_MPU_16BPP_Init)
 <LI><a href="#[6d]">__draw_bitmap_LUT8</a> from gl_mem_16bpp.o(i.__draw_bitmap_LUT8) referenced from gl_mem_16bpp.o(i.GL_MEM_16BPP_Init)
 <LI><a href="#[89]">__draw_bitmap_LUT8</a> from gl_mem_32bpp.o(i.__draw_bitmap_LUT8) referenced from gl_mem_32bpp.o(i.GL_MEM_32BPP_Init)
 <LI><a href="#[a5]">__draw_bitmap_LUT8</a> from gl_mem_8bpp.o(i.__draw_bitmap_LUT8) referenced from gl_mem_8bpp.o(i.GL_MEM_8BPP_Init)
 <LI><a href="#[c4]">__draw_bitmap_LUT8</a> from gl_ext_lcd_16bit.o(i.__draw_bitmap_LUT8) referenced from gl_ext_lcd_16bit.o(i._GL_MPU_16BPP_Init)
 <LI><a href="#[6e]">__draw_bitmap_RGB332</a> from gl_mem_16bpp.o(i.__draw_bitmap_RGB332) referenced from gl_mem_16bpp.o(i.GL_MEM_16BPP_Init)
 <LI><a href="#[8a]">__draw_bitmap_RGB332</a> from gl_mem_32bpp.o(i.__draw_bitmap_RGB332) referenced from gl_mem_32bpp.o(i.GL_MEM_32BPP_Init)
 <LI><a href="#[a6]">__draw_bitmap_RGB332</a> from gl_mem_8bpp.o(i.__draw_bitmap_RGB332) referenced from gl_mem_8bpp.o(i.GL_MEM_8BPP_Init)
 <LI><a href="#[c5]">__draw_bitmap_RGB332</a> from gl_ext_lcd_16bit.o(i.__draw_bitmap_RGB332) referenced from gl_ext_lcd_16bit.o(i._GL_MPU_16BPP_Init)
 <LI><a href="#[6f]">__draw_bitmap_RGB565</a> from gl_mem_16bpp.o(i.__draw_bitmap_RGB565) referenced from gl_mem_16bpp.o(i.GL_MEM_16BPP_Init)
 <LI><a href="#[8b]">__draw_bitmap_RGB565</a> from gl_mem_32bpp.o(i.__draw_bitmap_RGB565) referenced from gl_mem_32bpp.o(i.GL_MEM_32BPP_Init)
 <LI><a href="#[a7]">__draw_bitmap_RGB565</a> from gl_mem_8bpp.o(i.__draw_bitmap_RGB565) referenced from gl_mem_8bpp.o(i.GL_MEM_8BPP_Init)
 <LI><a href="#[c6]">__draw_bitmap_RGB565</a> from gl_ext_lcd_16bit.o(i.__draw_bitmap_RGB565) referenced from gl_ext_lcd_16bit.o(i._GL_MPU_16BPP_Init)
 <LI><a href="#[73]">__draw_bitmap_RGB888</a> from gl_mem_16bpp.o(i.__draw_bitmap_RGB888) referenced from gl_mem_16bpp.o(i.GL_MEM_16BPP_Init)
 <LI><a href="#[8f]">__draw_bitmap_RGB888</a> from gl_mem_32bpp.o(i.__draw_bitmap_RGB888) referenced from gl_mem_32bpp.o(i.GL_MEM_32BPP_Init)
 <LI><a href="#[ab]">__draw_bitmap_RGB888</a> from gl_mem_8bpp.o(i.__draw_bitmap_RGB888) referenced from gl_mem_8bpp.o(i.GL_MEM_8BPP_Init)
 <LI><a href="#[ca]">__draw_bitmap_RGB888</a> from gl_ext_lcd_16bit.o(i.__draw_bitmap_RGB888) referenced from gl_ext_lcd_16bit.o(i._GL_MPU_16BPP_Init)
 <LI><a href="#[70]">__draw_bitmap_XRGB1555</a> from gl_mem_16bpp.o(i.__draw_bitmap_XRGB1555) referenced from gl_mem_16bpp.o(i.GL_MEM_16BPP_Init)
 <LI><a href="#[8c]">__draw_bitmap_XRGB1555</a> from gl_mem_32bpp.o(i.__draw_bitmap_XRGB1555) referenced from gl_mem_32bpp.o(i.GL_MEM_32BPP_Init)
 <LI><a href="#[a8]">__draw_bitmap_XRGB1555</a> from gl_mem_8bpp.o(i.__draw_bitmap_XRGB1555) referenced from gl_mem_8bpp.o(i.GL_MEM_8BPP_Init)
 <LI><a href="#[c7]">__draw_bitmap_XRGB1555</a> from gl_ext_lcd_16bit.o(i.__draw_bitmap_XRGB1555) referenced from gl_ext_lcd_16bit.o(i._GL_MPU_16BPP_Init)
 <LI><a href="#[74]">__draw_bitmap_XRGB8888</a> from gl_mem_16bpp.o(i.__draw_bitmap_XRGB8888) referenced from gl_mem_16bpp.o(i.GL_MEM_16BPP_Init)
 <LI><a href="#[90]">__draw_bitmap_XRGB8888</a> from gl_mem_32bpp.o(i.__draw_bitmap_XRGB8888) referenced from gl_mem_32bpp.o(i.GL_MEM_32BPP_Init)
 <LI><a href="#[ac]">__draw_bitmap_XRGB8888</a> from gl_mem_8bpp.o(i.__draw_bitmap_XRGB8888) referenced from gl_mem_8bpp.o(i.GL_MEM_8BPP_Init)
 <LI><a href="#[cb]">__draw_bitmap_XRGB8888</a> from gl_ext_lcd_16bit.o(i.__draw_bitmap_XRGB8888) referenced from gl_ext_lcd_16bit.o(i._GL_MPU_16BPP_Init)
 <LI><a href="#[dd]">__draw_char</a> from gui_font_xft.o(i.__draw_char) referenced 2 times from gui_font_xft.o(.constdata)
 <LI><a href="#[65]">__draw_hline</a> from gl_mem_16bpp.o(i.__draw_hline) referenced from gl_mem_16bpp.o(i.GL_MEM_16BPP_Init)
 <LI><a href="#[81]">__draw_hline</a> from gl_mem_32bpp.o(i.__draw_hline) referenced from gl_mem_32bpp.o(i.GL_MEM_32BPP_Init)
 <LI><a href="#[9d]">__draw_hline</a> from gl_mem_8bpp.o(i.__draw_hline) referenced from gl_mem_8bpp.o(i.GL_MEM_8BPP_Init)
 <LI><a href="#[bc]">__draw_hline</a> from gl_ext_lcd_16bit.o(i.__draw_hline) referenced from gl_ext_lcd_16bit.o(i._GL_MPU_16BPP_Init)
 <LI><a href="#[66]">__draw_vline</a> from gl_mem_16bpp.o(i.__draw_vline) referenced from gl_mem_16bpp.o(i.GL_MEM_16BPP_Init)
 <LI><a href="#[82]">__draw_vline</a> from gl_mem_32bpp.o(i.__draw_vline) referenced from gl_mem_32bpp.o(i.GL_MEM_32BPP_Init)
 <LI><a href="#[9e]">__draw_vline</a> from gl_mem_8bpp.o(i.__draw_vline) referenced from gl_mem_8bpp.o(i.GL_MEM_8BPP_Init)
 <LI><a href="#[bd]">__draw_vline</a> from gl_ext_lcd_16bit.o(i.__draw_vline) referenced from gl_ext_lcd_16bit.o(i._GL_MPU_16BPP_Init)
 <LI><a href="#[67]">__fill_rect</a> from gl_mem_16bpp.o(i.__fill_rect) referenced from gl_mem_16bpp.o(i.GL_MEM_16BPP_Init)
 <LI><a href="#[83]">__fill_rect</a> from gl_mem_32bpp.o(i.__fill_rect) referenced from gl_mem_32bpp.o(i.GL_MEM_32BPP_Init)
 <LI><a href="#[9f]">__fill_rect</a> from gl_mem_8bpp.o(i.__fill_rect) referenced from gl_mem_8bpp.o(i.GL_MEM_8BPP_Init)
 <LI><a href="#[be]">__fill_rect</a> from gl_ext_lcd_16bit.o(i.__fill_rect) referenced from gl_ext_lcd_16bit.o(i._GL_MPU_16BPP_Init)
 <LI><a href="#[68]">__fill_rect_ARGB</a> from gl_mem_16bpp.o(i.__fill_rect_ARGB) referenced from gl_mem_16bpp.o(i.GL_MEM_16BPP_Init)
 <LI><a href="#[84]">__fill_rect_ARGB</a> from gl_mem_32bpp.o(i.__fill_rect_ARGB) referenced from gl_mem_32bpp.o(i.GL_MEM_32BPP_Init)
 <LI><a href="#[a0]">__fill_rect_ARGB</a> from gl_mem_8bpp.o(i.__fill_rect_ARGB) referenced from gl_mem_8bpp.o(i.GL_MEM_8BPP_Init)
 <LI><a href="#[bf]">__fill_rect_ARGB</a> from gl_ext_lcd_16bit.o(i.__fill_rect_ARGB) referenced from gl_ext_lcd_16bit.o(i._GL_MPU_16BPP_Init)
 <LI><a href="#[dc]">__get_char_info</a> from gui_font_xft.o(i.__get_char_info) referenced 2 times from gui_font_xft.o(.constdata)
 <LI><a href="#[db]">__get_font_info</a> from gui_font_xft.o(i.__get_font_info) referenced 2 times from gui_font_xft.o(.constdata)
 <LI><a href="#[62]">__get_pixel</a> from gl_mem_16bpp.o(i.__get_pixel) referenced from gl_mem_16bpp.o(i.GL_MEM_16BPP_Init)
 <LI><a href="#[7e]">__get_pixel</a> from gl_mem_32bpp.o(i.__get_pixel) referenced from gl_mem_32bpp.o(i.GL_MEM_32BPP_Init)
 <LI><a href="#[9a]">__get_pixel</a> from gl_mem_8bpp.o(i.__get_pixel) referenced from gl_mem_8bpp.o(i.GL_MEM_8BPP_Init)
 <LI><a href="#[b9]">__get_pixel</a> from gl_ext_lcd_16bit.o(i.__get_pixel) referenced from gl_ext_lcd_16bit.o(i._GL_MPU_16BPP_Init)
 <LI><a href="#[5f]">__main</a> from entry.o(.ARM.Collect$$$$00000000) referenced from startup_stm32f40xx.o(.text)
 <LI><a href="#[7b]">__rotate_bitmap</a> from gl_mem_16bpp.o(i.__rotate_bitmap) referenced from gl_mem_16bpp.o(i.GL_MEM_16BPP_Init)
 <LI><a href="#[97]">__rotate_bitmap</a> from gl_mem_32bpp.o(i.__rotate_bitmap) referenced from gl_mem_32bpp.o(i.GL_MEM_32BPP_Init)
 <LI><a href="#[b3]">__rotate_bitmap</a> from gl_mem_8bpp.o(i.__rotate_bitmap) referenced from gl_mem_8bpp.o(i.GL_MEM_8BPP_Init)
 <LI><a href="#[d2]">__rotate_bitmap</a> from gl_ext_lcd_16bit.o(i.__rotate_bitmap) referenced from gl_ext_lcd_16bit.o(i._GL_MPU_16BPP_Init)
 <LI><a href="#[7a]">__scale_bitmap</a> from gl_mem_16bpp.o(i.__scale_bitmap) referenced from gl_mem_16bpp.o(i.GL_MEM_16BPP_Init)
 <LI><a href="#[96]">__scale_bitmap</a> from gl_mem_32bpp.o(i.__scale_bitmap) referenced from gl_mem_32bpp.o(i.GL_MEM_32BPP_Init)
 <LI><a href="#[b2]">__scale_bitmap</a> from gl_mem_8bpp.o(i.__scale_bitmap) referenced from gl_mem_8bpp.o(i.GL_MEM_8BPP_Init)
 <LI><a href="#[d1]">__scale_bitmap</a> from gl_ext_lcd_16bit.o(i.__scale_bitmap) referenced from gl_ext_lcd_16bit.o(i._GL_MPU_16BPP_Init)
 <LI><a href="#[61]">__set_pixel</a> from gl_mem_16bpp.o(i.__set_pixel) referenced from gl_mem_16bpp.o(i.GL_MEM_16BPP_Init)
 <LI><a href="#[7d]">__set_pixel</a> from gl_mem_32bpp.o(i.__set_pixel) referenced from gl_mem_32bpp.o(i.GL_MEM_32BPP_Init)
 <LI><a href="#[99]">__set_pixel</a> from gl_mem_8bpp.o(i.__set_pixel) referenced from gl_mem_8bpp.o(i.GL_MEM_8BPP_Init)
 <LI><a href="#[b8]">__set_pixel</a> from gl_ext_lcd_16bit.o(i.__set_pixel) referenced from gl_ext_lcd_16bit.o(i._GL_MPU_16BPP_Init)
 <LI><a href="#[64]">__set_pixel_ARGB</a> from gl_mem_16bpp.o(i.__set_pixel_ARGB) referenced from gl_mem_16bpp.o(i.GL_MEM_16BPP_Init)
 <LI><a href="#[80]">__set_pixel_ARGB</a> from gl_mem_32bpp.o(i.__set_pixel_ARGB) referenced from gl_mem_32bpp.o(i.GL_MEM_32BPP_Init)
 <LI><a href="#[9c]">__set_pixel_ARGB</a> from gl_mem_8bpp.o(i.__set_pixel_ARGB) referenced from gl_mem_8bpp.o(i.GL_MEM_8BPP_Init)
 <LI><a href="#[bb]">__set_pixel_ARGB</a> from gl_ext_lcd_16bit.o(i.__set_pixel_ARGB) referenced from gl_ext_lcd_16bit.o(i._GL_MPU_16BPP_Init)
 <LI><a href="#[60]">__set_pos</a> from gl_mem_16bpp.o(i.__set_pos) referenced from gl_mem_16bpp.o(i.GL_MEM_16BPP_Init)
 <LI><a href="#[7c]">__set_pos</a> from gl_mem_32bpp.o(i.__set_pos) referenced from gl_mem_32bpp.o(i.GL_MEM_32BPP_Init)
 <LI><a href="#[98]">__set_pos</a> from gl_mem_8bpp.o(i.__set_pos) referenced from gl_mem_8bpp.o(i.GL_MEM_8BPP_Init)
 <LI><a href="#[b7]">__set_pos</a> from gl_ext_lcd_16bit.o(i.__set_pos) referenced from gl_ext_lcd_16bit.o(i._GL_MPU_16BPP_Init)
 <LI><a href="#[63]">__xor_pixel</a> from gl_mem_16bpp.o(i.__xor_pixel) referenced from gl_mem_16bpp.o(i.GL_MEM_16BPP_Init)
 <LI><a href="#[7f]">__xor_pixel</a> from gl_mem_32bpp.o(i.__xor_pixel) referenced from gl_mem_32bpp.o(i.GL_MEM_32BPP_Init)
 <LI><a href="#[9b]">__xor_pixel</a> from gl_mem_8bpp.o(i.__xor_pixel) referenced from gl_mem_8bpp.o(i.GL_MEM_8BPP_Init)
 <LI><a href="#[ba]">__xor_pixel</a> from gl_ext_lcd_16bit.o(i.__xor_pixel) referenced from gl_ext_lcd_16bit.o(i._GL_MPU_16BPP_Init)
 <LI><a href="#[b6]">_gdHLine</a> from gd_line.o(i._gdHLine) referenced from gui_gdi.o(i.InitDC)
 <LI><a href="#[d4]">_sputc</a> from printf8.o(i._sputc) referenced from printf8.o(i.__0sprintf$8)
 <LI><a href="#[b4]">desktop_proc</a> from gui_desktop.o(i.desktop_proc) referenced from gui_desktop.o(i.GUI_DesktopStartup)
 <LI><a href="#[b5]">font_read_data_exFlash</a> from gui_font_port.o(i.font_read_data_exFlash) referenced from gui_font_port.o(i.GUI_Init_Extern_Font_Stream)
 <LI><a href="#[d3]">fputc</a> from bsp_debug_usart.o(i.fputc) referenced from printf8.o(i.__0printf$8)
 <LI><a href="#[d5]">gui_app_thread</a> from gui_desktop.o(i.gui_app_thread) referenced from gui_desktop.o(i.desktop_proc)
 <LI><a href="#[5d]">main</a> from main.o(i.main) referenced from entry9a.o(.ARM.Collect$$$$0000000B)
 <LI><a href="#[d8]">prvIdleTask</a> from tasks.o(i.prvIdleTask) referenced from tasks.o(i.vTaskStartScheduler)
 <LI><a href="#[d7]">prvTaskExitError</a> from port.o(i.prvTaskExitError) referenced from port.o(i.pxPortInitialiseStack)
</UL>
<P>
<H3>
Global Symbols
</H3>
<P><STRONG><a name="[5f]"></a>__main</STRONG> (Thumb, 0 bytes, Stack size unknown bytes, entry.o(.ARM.Collect$$$$00000000))
<BR>[Address Reference Count : 1]<UL><LI> startup_stm32f40xx.o(.text)
</UL>
<P><STRONG><a name="[3c9]"></a>_main_stk</STRONG> (Thumb, 0 bytes, Stack size unknown bytes, entry2.o(.ARM.Collect$$$$00000001))

<P><STRONG><a name="[118]"></a>_main_scatterload</STRONG> (Thumb, 0 bytes, Stack size unknown bytes, entry5.o(.ARM.Collect$$$$00000004))
<BR><BR>[Calls]<UL><LI><a href="#[119]">&gt;&gt;</a>&nbsp;&nbsp;&nbsp;__scatterload
</UL>

<P><STRONG><a name="[135]"></a>__main_after_scatterload</STRONG> (Thumb, 0 bytes, Stack size unknown bytes, entry5.o(.ARM.Collect$$$$00000004))
<BR><BR>[Called By]<UL><LI><a href="#[119]">&gt;&gt;</a>&nbsp;&nbsp;&nbsp;__scatterload
</UL>

<P><STRONG><a name="[3ca]"></a>_main_clock</STRONG> (Thumb, 0 bytes, Stack size unknown bytes, entry7b.o(.ARM.Collect$$$$00000008))

<P><STRONG><a name="[3cb]"></a>_main_cpp_init</STRONG> (Thumb, 0 bytes, Stack size unknown bytes, entry8b.o(.ARM.Collect$$$$0000000A))

<P><STRONG><a name="[3cc]"></a>_main_init</STRONG> (Thumb, 0 bytes, Stack size unknown bytes, entry9a.o(.ARM.Collect$$$$0000000B))

<P><STRONG><a name="[3cd]"></a>__rt_lib_shutdown_fini</STRONG> (Thumb, 0 bytes, Stack size unknown bytes, entry12b.o(.ARM.Collect$$$$0000000E))

<P><STRONG><a name="[3ce]"></a>__rt_final_cpp</STRONG> (Thumb, 0 bytes, Stack size unknown bytes, entry10a.o(.ARM.Collect$$$$0000000F))

<P><STRONG><a name="[3cf]"></a>__rt_final_exit</STRONG> (Thumb, 0 bytes, Stack size unknown bytes, entry11a.o(.ARM.Collect$$$$00000011))

<P><STRONG><a name="[3d0]"></a>__asm___14_cm_backtrace_c_13c737ea__cmb_get_msp</STRONG> (Thumb, 6 bytes, Stack size 0 bytes, cm_backtrace.o(.emb_text), UNUSED)

<P><STRONG><a name="[37d]"></a>__asm___14_cm_backtrace_c_13c737ea__cmb_get_psp</STRONG> (Thumb, 6 bytes, Stack size 0 bytes, cm_backtrace.o(.emb_text))
<BR><BR>[Called By]<UL><LI><a href="#[11b]">&gt;&gt;</a>&nbsp;&nbsp;&nbsp;cm_backtrace_fault
<LI><a href="#[37a]">&gt;&gt;</a>&nbsp;&nbsp;&nbsp;cm_backtrace_call_stack
</UL>

<P><STRONG><a name="[37c]"></a>__asm___14_cm_backtrace_c_13c737ea__cmb_get_sp</STRONG> (Thumb, 4 bytes, Stack size 0 bytes, cm_backtrace.o(.emb_text))
<BR><BR>[Called By]<UL><LI><a href="#[37a]">&gt;&gt;</a>&nbsp;&nbsp;&nbsp;cm_backtrace_call_stack
</UL>

<P><STRONG><a name="[7]"></a>SVC_Handler</STRONG> (Thumb, 28 bytes, Stack size 0 bytes, port.o(.emb_text))
<BR>[Address Reference Count : 1]<UL><LI> startup_stm32f40xx.o(RESET)
</UL>
<P><STRONG><a name="[3c3]"></a>__asm___6_port_c_39a90d8d__prvStartFirstTask</STRONG> (Thumb, 28 bytes, Stack size 0 bytes, port.o(.emb_text))
<BR><BR>[Called By]<UL><LI><a href="#[3bf]">&gt;&gt;</a>&nbsp;&nbsp;&nbsp;xPortStartScheduler
</UL>

<P><STRONG><a name="[3c2]"></a>__asm___6_port_c_39a90d8d__prvEnableVFP</STRONG> (Thumb, 16 bytes, Stack size 0 bytes, port.o(.emb_text))
<BR><BR>[Called By]<UL><LI><a href="#[3bf]">&gt;&gt;</a>&nbsp;&nbsp;&nbsp;xPortStartScheduler
</UL>

<P><STRONG><a name="[9]"></a>PendSV_Handler</STRONG> (Thumb, 88 bytes, Stack size 0 bytes, port.o(.emb_text))
<BR><BR>[Stack]<UL><LI>Max Depth = 40<LI>Call Chain = PendSV_Handler &rArr; vTaskSwitchContext &rArr; __2printf
</UL>
<BR>[Calls]<UL><LI><a href="#[11a]">&gt;&gt;</a>&nbsp;&nbsp;&nbsp;vTaskSwitchContext
</UL>
<BR>[Address Reference Count : 1]<UL><LI> startup_stm32f40xx.o(RESET)
</UL>
<P><STRONG><a name="[3ba]"></a>vPortGetIPSR</STRONG> (Thumb, 6 bytes, Stack size 0 bytes, port.o(.emb_text))
<BR><BR>[Called By]<UL><LI><a href="#[3b9]">&gt;&gt;</a>&nbsp;&nbsp;&nbsp;vPortValidateInterruptPriority
</UL>

<P><STRONG><a name="[1]"></a>Reset_Handler</STRONG> (Thumb, 8 bytes, Stack size 0 bytes, startup_stm32f40xx.o(.text))
<BR>[Address Reference Count : 1]<UL><LI> startup_stm32f40xx.o(RESET)
</UL>
<P><STRONG><a name="[1d]"></a>ADC_IRQHandler</STRONG> (Thumb, 0 bytes, Stack size 0 bytes, startup_stm32f40xx.o(.text))
<BR><BR>[Calls]<UL><LI><a href="#[1d]">&gt;&gt;</a>&nbsp;&nbsp;&nbsp;ADC_IRQHandler
</UL>
<BR>[Called By]<UL><LI><a href="#[1d]">&gt;&gt;</a>&nbsp;&nbsp;&nbsp;ADC_IRQHandler
</UL>
<BR>[Address Reference Count : 1]<UL><LI> startup_stm32f40xx.o(RESET)
</UL>
<P><STRONG><a name="[1f]"></a>CAN1_RX0_IRQHandler</STRONG> (Thumb, 0 bytes, Stack size 0 bytes, startup_stm32f40xx.o(.text))
<BR>[Address Reference Count : 1]<UL><LI> startup_stm32f40xx.o(RESET)
</UL>
<P><STRONG><a name="[20]"></a>CAN1_RX1_IRQHandler</STRONG> (Thumb, 0 bytes, Stack size 0 bytes, startup_stm32f40xx.o(.text))
<BR>[Address Reference Count : 1]<UL><LI> startup_stm32f40xx.o(RESET)
</UL>
<P><STRONG><a name="[21]"></a>CAN1_SCE_IRQHandler</STRONG> (Thumb, 0 bytes, Stack size 0 bytes, startup_stm32f40xx.o(.text))
<BR>[Address Reference Count : 1]<UL><LI> startup_stm32f40xx.o(RESET)
</UL>
<P><STRONG><a name="[1e]"></a>CAN1_TX_IRQHandler</STRONG> (Thumb, 0 bytes, Stack size 0 bytes, startup_stm32f40xx.o(.text))
<BR>[Address Reference Count : 1]<UL><LI> startup_stm32f40xx.o(RESET)
</UL>
<P><STRONG><a name="[4b]"></a>CAN2_RX0_IRQHandler</STRONG> (Thumb, 0 bytes, Stack size 0 bytes, startup_stm32f40xx.o(.text))
<BR>[Address Reference Count : 1]<UL><LI> startup_stm32f40xx.o(RESET)
</UL>
<P><STRONG><a name="[4c]"></a>CAN2_RX1_IRQHandler</STRONG> (Thumb, 0 bytes, Stack size 0 bytes, startup_stm32f40xx.o(.text))
<BR>[Address Reference Count : 1]<UL><LI> startup_stm32f40xx.o(RESET)
</UL>
<P><STRONG><a name="[4d]"></a>CAN2_SCE_IRQHandler</STRONG> (Thumb, 0 bytes, Stack size 0 bytes, startup_stm32f40xx.o(.text))
<BR>[Address Reference Count : 1]<UL><LI> startup_stm32f40xx.o(RESET)
</UL>
<P><STRONG><a name="[4a]"></a>CAN2_TX_IRQHandler</STRONG> (Thumb, 0 bytes, Stack size 0 bytes, startup_stm32f40xx.o(.text))
<BR>[Address Reference Count : 1]<UL><LI> startup_stm32f40xx.o(RESET)
</UL>
<P><STRONG><a name="[5a]"></a>CRYP_IRQHandler</STRONG> (Thumb, 0 bytes, Stack size 0 bytes, startup_stm32f40xx.o(.text))
<BR>[Address Reference Count : 1]<UL><LI> startup_stm32f40xx.o(RESET)
</UL>
<P><STRONG><a name="[59]"></a>DCMI_IRQHandler</STRONG> (Thumb, 0 bytes, Stack size 0 bytes, startup_stm32f40xx.o(.text))
<BR>[Address Reference Count : 1]<UL><LI> startup_stm32f40xx.o(RESET)
</UL>
<P><STRONG><a name="[16]"></a>DMA1_Stream0_IRQHandler</STRONG> (Thumb, 0 bytes, Stack size 0 bytes, startup_stm32f40xx.o(.text))
<BR>[Address Reference Count : 1]<UL><LI> startup_stm32f40xx.o(RESET)
</UL>
<P><STRONG><a name="[17]"></a>DMA1_Stream1_IRQHandler</STRONG> (Thumb, 0 bytes, Stack size 0 bytes, startup_stm32f40xx.o(.text))
<BR>[Address Reference Count : 1]<UL><LI> startup_stm32f40xx.o(RESET)
</UL>
<P><STRONG><a name="[18]"></a>DMA1_Stream2_IRQHandler</STRONG> (Thumb, 0 bytes, Stack size 0 bytes, startup_stm32f40xx.o(.text))
<BR>[Address Reference Count : 1]<UL><LI> startup_stm32f40xx.o(RESET)
</UL>
<P><STRONG><a name="[19]"></a>DMA1_Stream3_IRQHandler</STRONG> (Thumb, 0 bytes, Stack size 0 bytes, startup_stm32f40xx.o(.text))
<BR>[Address Reference Count : 1]<UL><LI> startup_stm32f40xx.o(RESET)
</UL>
<P><STRONG><a name="[1a]"></a>DMA1_Stream4_IRQHandler</STRONG> (Thumb, 0 bytes, Stack size 0 bytes, startup_stm32f40xx.o(.text))
<BR>[Address Reference Count : 1]<UL><LI> startup_stm32f40xx.o(RESET)
</UL>
<P><STRONG><a name="[1b]"></a>DMA1_Stream5_IRQHandler</STRONG> (Thumb, 0 bytes, Stack size 0 bytes, startup_stm32f40xx.o(.text))
<BR>[Address Reference Count : 1]<UL><LI> startup_stm32f40xx.o(RESET)
</UL>
<P><STRONG><a name="[1c]"></a>DMA1_Stream6_IRQHandler</STRONG> (Thumb, 0 bytes, Stack size 0 bytes, startup_stm32f40xx.o(.text))
<BR>[Address Reference Count : 1]<UL><LI> startup_stm32f40xx.o(RESET)
</UL>
<P><STRONG><a name="[3a]"></a>DMA1_Stream7_IRQHandler</STRONG> (Thumb, 0 bytes, Stack size 0 bytes, startup_stm32f40xx.o(.text))
<BR>[Address Reference Count : 1]<UL><LI> startup_stm32f40xx.o(RESET)
</UL>
<P><STRONG><a name="[44]"></a>DMA2_Stream1_IRQHandler</STRONG> (Thumb, 0 bytes, Stack size 0 bytes, startup_stm32f40xx.o(.text))
<BR>[Address Reference Count : 1]<UL><LI> startup_stm32f40xx.o(RESET)
</UL>
<P><STRONG><a name="[45]"></a>DMA2_Stream2_IRQHandler</STRONG> (Thumb, 0 bytes, Stack size 0 bytes, startup_stm32f40xx.o(.text))
<BR>[Address Reference Count : 1]<UL><LI> startup_stm32f40xx.o(RESET)
</UL>
<P><STRONG><a name="[47]"></a>DMA2_Stream4_IRQHandler</STRONG> (Thumb, 0 bytes, Stack size 0 bytes, startup_stm32f40xx.o(.text))
<BR>[Address Reference Count : 1]<UL><LI> startup_stm32f40xx.o(RESET)
</UL>
<P><STRONG><a name="[4f]"></a>DMA2_Stream5_IRQHandler</STRONG> (Thumb, 0 bytes, Stack size 0 bytes, startup_stm32f40xx.o(.text))
<BR>[Address Reference Count : 1]<UL><LI> startup_stm32f40xx.o(RESET)
</UL>
<P><STRONG><a name="[50]"></a>DMA2_Stream6_IRQHandler</STRONG> (Thumb, 0 bytes, Stack size 0 bytes, startup_stm32f40xx.o(.text))
<BR>[Address Reference Count : 1]<UL><LI> startup_stm32f40xx.o(RESET)
</UL>
<P><STRONG><a name="[51]"></a>DMA2_Stream7_IRQHandler</STRONG> (Thumb, 0 bytes, Stack size 0 bytes, startup_stm32f40xx.o(.text))
<BR>[Address Reference Count : 1]<UL><LI> startup_stm32f40xx.o(RESET)
</UL>
<P><STRONG><a name="[48]"></a>ETH_IRQHandler</STRONG> (Thumb, 0 bytes, Stack size 0 bytes, startup_stm32f40xx.o(.text))
<BR>[Address Reference Count : 1]<UL><LI> startup_stm32f40xx.o(RESET)
</UL>
<P><STRONG><a name="[49]"></a>ETH_WKUP_IRQHandler</STRONG> (Thumb, 0 bytes, Stack size 0 bytes, startup_stm32f40xx.o(.text))
<BR>[Address Reference Count : 1]<UL><LI> startup_stm32f40xx.o(RESET)
</UL>
<P><STRONG><a name="[11]"></a>EXTI0_IRQHandler</STRONG> (Thumb, 0 bytes, Stack size 0 bytes, startup_stm32f40xx.o(.text))
<BR>[Address Reference Count : 1]<UL><LI> startup_stm32f40xx.o(RESET)
</UL>
<P><STRONG><a name="[33]"></a>EXTI15_10_IRQHandler</STRONG> (Thumb, 0 bytes, Stack size 0 bytes, startup_stm32f40xx.o(.text))
<BR>[Address Reference Count : 1]<UL><LI> startup_stm32f40xx.o(RESET)
</UL>
<P><STRONG><a name="[12]"></a>EXTI1_IRQHandler</STRONG> (Thumb, 0 bytes, Stack size 0 bytes, startup_stm32f40xx.o(.text))
<BR>[Address Reference Count : 1]<UL><LI> startup_stm32f40xx.o(RESET)
</UL>
<P><STRONG><a name="[13]"></a>EXTI2_IRQHandler</STRONG> (Thumb, 0 bytes, Stack size 0 bytes, startup_stm32f40xx.o(.text))
<BR>[Address Reference Count : 1]<UL><LI> startup_stm32f40xx.o(RESET)
</UL>
<P><STRONG><a name="[14]"></a>EXTI3_IRQHandler</STRONG> (Thumb, 0 bytes, Stack size 0 bytes, startup_stm32f40xx.o(.text))
<BR>[Address Reference Count : 1]<UL><LI> startup_stm32f40xx.o(RESET)
</UL>
<P><STRONG><a name="[15]"></a>EXTI4_IRQHandler</STRONG> (Thumb, 0 bytes, Stack size 0 bytes, startup_stm32f40xx.o(.text))
<BR>[Address Reference Count : 1]<UL><LI> startup_stm32f40xx.o(RESET)
</UL>
<P><STRONG><a name="[22]"></a>EXTI9_5_IRQHandler</STRONG> (Thumb, 0 bytes, Stack size 0 bytes, startup_stm32f40xx.o(.text))
<BR>[Address Reference Count : 1]<UL><LI> startup_stm32f40xx.o(RESET)
</UL>
<P><STRONG><a name="[f]"></a>FLASH_IRQHandler</STRONG> (Thumb, 0 bytes, Stack size 0 bytes, startup_stm32f40xx.o(.text))
<BR>[Address Reference Count : 1]<UL><LI> startup_stm32f40xx.o(RESET)
</UL>
<P><STRONG><a name="[5c]"></a>FPU_IRQHandler</STRONG> (Thumb, 0 bytes, Stack size 0 bytes, startup_stm32f40xx.o(.text))
<BR>[Address Reference Count : 1]<UL><LI> startup_stm32f40xx.o(RESET)
</UL>
<P><STRONG><a name="[3b]"></a>FSMC_IRQHandler</STRONG> (Thumb, 0 bytes, Stack size 0 bytes, startup_stm32f40xx.o(.text))
<BR>[Address Reference Count : 1]<UL><LI> startup_stm32f40xx.o(RESET)
</UL>
<P><STRONG><a name="[5b]"></a>HASH_RNG_IRQHandler</STRONG> (Thumb, 0 bytes, Stack size 0 bytes, startup_stm32f40xx.o(.text))
<BR>[Address Reference Count : 1]<UL><LI> startup_stm32f40xx.o(RESET)
</UL>
<P><STRONG><a name="[2b]"></a>I2C1_ER_IRQHandler</STRONG> (Thumb, 0 bytes, Stack size 0 bytes, startup_stm32f40xx.o(.text))
<BR>[Address Reference Count : 1]<UL><LI> startup_stm32f40xx.o(RESET)
</UL>
<P><STRONG><a name="[2a]"></a>I2C1_EV_IRQHandler</STRONG> (Thumb, 0 bytes, Stack size 0 bytes, startup_stm32f40xx.o(.text))
<BR>[Address Reference Count : 1]<UL><LI> startup_stm32f40xx.o(RESET)
</UL>
<P><STRONG><a name="[2d]"></a>I2C2_ER_IRQHandler</STRONG> (Thumb, 0 bytes, Stack size 0 bytes, startup_stm32f40xx.o(.text))
<BR>[Address Reference Count : 1]<UL><LI> startup_stm32f40xx.o(RESET)
</UL>
<P><STRONG><a name="[2c]"></a>I2C2_EV_IRQHandler</STRONG> (Thumb, 0 bytes, Stack size 0 bytes, startup_stm32f40xx.o(.text))
<BR>[Address Reference Count : 1]<UL><LI> startup_stm32f40xx.o(RESET)
</UL>
<P><STRONG><a name="[54]"></a>I2C3_ER_IRQHandler</STRONG> (Thumb, 0 bytes, Stack size 0 bytes, startup_stm32f40xx.o(.text))
<BR>[Address Reference Count : 1]<UL><LI> startup_stm32f40xx.o(RESET)
</UL>
<P><STRONG><a name="[53]"></a>I2C3_EV_IRQHandler</STRONG> (Thumb, 0 bytes, Stack size 0 bytes, startup_stm32f40xx.o(.text))
<BR>[Address Reference Count : 1]<UL><LI> startup_stm32f40xx.o(RESET)
</UL>
<P><STRONG><a name="[4e]"></a>OTG_FS_IRQHandler</STRONG> (Thumb, 0 bytes, Stack size 0 bytes, startup_stm32f40xx.o(.text))
<BR>[Address Reference Count : 1]<UL><LI> startup_stm32f40xx.o(RESET)
</UL>
<P><STRONG><a name="[35]"></a>OTG_FS_WKUP_IRQHandler</STRONG> (Thumb, 0 bytes, Stack size 0 bytes, startup_stm32f40xx.o(.text))
<BR>[Address Reference Count : 1]<UL><LI> startup_stm32f40xx.o(RESET)
</UL>
<P><STRONG><a name="[56]"></a>OTG_HS_EP1_IN_IRQHandler</STRONG> (Thumb, 0 bytes, Stack size 0 bytes, startup_stm32f40xx.o(.text))
<BR>[Address Reference Count : 1]<UL><LI> startup_stm32f40xx.o(RESET)
</UL>
<P><STRONG><a name="[55]"></a>OTG_HS_EP1_OUT_IRQHandler</STRONG> (Thumb, 0 bytes, Stack size 0 bytes, startup_stm32f40xx.o(.text))
<BR>[Address Reference Count : 1]<UL><LI> startup_stm32f40xx.o(RESET)
</UL>
<P><STRONG><a name="[58]"></a>OTG_HS_IRQHandler</STRONG> (Thumb, 0 bytes, Stack size 0 bytes, startup_stm32f40xx.o(.text))
<BR>[Address Reference Count : 1]<UL><LI> startup_stm32f40xx.o(RESET)
</UL>
<P><STRONG><a name="[57]"></a>OTG_HS_WKUP_IRQHandler</STRONG> (Thumb, 0 bytes, Stack size 0 bytes, startup_stm32f40xx.o(.text))
<BR>[Address Reference Count : 1]<UL><LI> startup_stm32f40xx.o(RESET)
</UL>
<P><STRONG><a name="[c]"></a>PVD_IRQHandler</STRONG> (Thumb, 0 bytes, Stack size 0 bytes, startup_stm32f40xx.o(.text))
<BR>[Address Reference Count : 1]<UL><LI> startup_stm32f40xx.o(RESET)
</UL>
<P><STRONG><a name="[10]"></a>RCC_IRQHandler</STRONG> (Thumb, 0 bytes, Stack size 0 bytes, startup_stm32f40xx.o(.text))
<BR>[Address Reference Count : 1]<UL><LI> startup_stm32f40xx.o(RESET)
</UL>
<P><STRONG><a name="[34]"></a>RTC_Alarm_IRQHandler</STRONG> (Thumb, 0 bytes, Stack size 0 bytes, startup_stm32f40xx.o(.text))
<BR>[Address Reference Count : 1]<UL><LI> startup_stm32f40xx.o(RESET)
</UL>
<P><STRONG><a name="[e]"></a>RTC_WKUP_IRQHandler</STRONG> (Thumb, 0 bytes, Stack size 0 bytes, startup_stm32f40xx.o(.text))
<BR>[Address Reference Count : 1]<UL><LI> startup_stm32f40xx.o(RESET)
</UL>
<P><STRONG><a name="[2e]"></a>SPI1_IRQHandler</STRONG> (Thumb, 0 bytes, Stack size 0 bytes, startup_stm32f40xx.o(.text))
<BR>[Address Reference Count : 1]<UL><LI> startup_stm32f40xx.o(RESET)
</UL>
<P><STRONG><a name="[2f]"></a>SPI2_IRQHandler</STRONG> (Thumb, 0 bytes, Stack size 0 bytes, startup_stm32f40xx.o(.text))
<BR>[Address Reference Count : 1]<UL><LI> startup_stm32f40xx.o(RESET)
</UL>
<P><STRONG><a name="[3e]"></a>SPI3_IRQHandler</STRONG> (Thumb, 0 bytes, Stack size 0 bytes, startup_stm32f40xx.o(.text))
<BR>[Address Reference Count : 1]<UL><LI> startup_stm32f40xx.o(RESET)
</UL>
<P><STRONG><a name="[d]"></a>TAMP_STAMP_IRQHandler</STRONG> (Thumb, 0 bytes, Stack size 0 bytes, startup_stm32f40xx.o(.text))
<BR>[Address Reference Count : 1]<UL><LI> startup_stm32f40xx.o(RESET)
</UL>
<P><STRONG><a name="[23]"></a>TIM1_BRK_TIM9_IRQHandler</STRONG> (Thumb, 0 bytes, Stack size 0 bytes, startup_stm32f40xx.o(.text))
<BR>[Address Reference Count : 1]<UL><LI> startup_stm32f40xx.o(RESET)
</UL>
<P><STRONG><a name="[26]"></a>TIM1_CC_IRQHandler</STRONG> (Thumb, 0 bytes, Stack size 0 bytes, startup_stm32f40xx.o(.text))
<BR>[Address Reference Count : 1]<UL><LI> startup_stm32f40xx.o(RESET)
</UL>
<P><STRONG><a name="[25]"></a>TIM1_TRG_COM_TIM11_IRQHandler</STRONG> (Thumb, 0 bytes, Stack size 0 bytes, startup_stm32f40xx.o(.text))
<BR>[Address Reference Count : 1]<UL><LI> startup_stm32f40xx.o(RESET)
</UL>
<P><STRONG><a name="[24]"></a>TIM1_UP_TIM10_IRQHandler</STRONG> (Thumb, 0 bytes, Stack size 0 bytes, startup_stm32f40xx.o(.text))
<BR>[Address Reference Count : 1]<UL><LI> startup_stm32f40xx.o(RESET)
</UL>
<P><STRONG><a name="[27]"></a>TIM2_IRQHandler</STRONG> (Thumb, 0 bytes, Stack size 0 bytes, startup_stm32f40xx.o(.text))
<BR>[Address Reference Count : 1]<UL><LI> startup_stm32f40xx.o(RESET)
</UL>
<P><STRONG><a name="[28]"></a>TIM3_IRQHandler</STRONG> (Thumb, 0 bytes, Stack size 0 bytes, startup_stm32f40xx.o(.text))
<BR>[Address Reference Count : 1]<UL><LI> startup_stm32f40xx.o(RESET)
</UL>
<P><STRONG><a name="[29]"></a>TIM4_IRQHandler</STRONG> (Thumb, 0 bytes, Stack size 0 bytes, startup_stm32f40xx.o(.text))
<BR>[Address Reference Count : 1]<UL><LI> startup_stm32f40xx.o(RESET)
</UL>
<P><STRONG><a name="[3d]"></a>TIM5_IRQHandler</STRONG> (Thumb, 0 bytes, Stack size 0 bytes, startup_stm32f40xx.o(.text))
<BR>[Address Reference Count : 1]<UL><LI> startup_stm32f40xx.o(RESET)
</UL>
<P><STRONG><a name="[41]"></a>TIM6_DAC_IRQHandler</STRONG> (Thumb, 0 bytes, Stack size 0 bytes, startup_stm32f40xx.o(.text))
<BR>[Address Reference Count : 1]<UL><LI> startup_stm32f40xx.o(RESET)
</UL>
<P><STRONG><a name="[42]"></a>TIM7_IRQHandler</STRONG> (Thumb, 0 bytes, Stack size 0 bytes, startup_stm32f40xx.o(.text))
<BR>[Address Reference Count : 1]<UL><LI> startup_stm32f40xx.o(RESET)
</UL>
<P><STRONG><a name="[36]"></a>TIM8_BRK_TIM12_IRQHandler</STRONG> (Thumb, 0 bytes, Stack size 0 bytes, startup_stm32f40xx.o(.text))
<BR>[Address Reference Count : 1]<UL><LI> startup_stm32f40xx.o(RESET)
</UL>
<P><STRONG><a name="[39]"></a>TIM8_CC_IRQHandler</STRONG> (Thumb, 0 bytes, Stack size 0 bytes, startup_stm32f40xx.o(.text))
<BR>[Address Reference Count : 1]<UL><LI> startup_stm32f40xx.o(RESET)
</UL>
<P><STRONG><a name="[38]"></a>TIM8_TRG_COM_TIM14_IRQHandler</STRONG> (Thumb, 0 bytes, Stack size 0 bytes, startup_stm32f40xx.o(.text))
<BR>[Address Reference Count : 1]<UL><LI> startup_stm32f40xx.o(RESET)
</UL>
<P><STRONG><a name="[37]"></a>TIM8_UP_TIM13_IRQHandler</STRONG> (Thumb, 0 bytes, Stack size 0 bytes, startup_stm32f40xx.o(.text))
<BR>[Address Reference Count : 1]<UL><LI> startup_stm32f40xx.o(RESET)
</UL>
<P><STRONG><a name="[3f]"></a>UART4_IRQHandler</STRONG> (Thumb, 0 bytes, Stack size 0 bytes, startup_stm32f40xx.o(.text))
<BR>[Address Reference Count : 1]<UL><LI> startup_stm32f40xx.o(RESET)
</UL>
<P><STRONG><a name="[40]"></a>UART5_IRQHandler</STRONG> (Thumb, 0 bytes, Stack size 0 bytes, startup_stm32f40xx.o(.text))
<BR>[Address Reference Count : 1]<UL><LI> startup_stm32f40xx.o(RESET)
</UL>
<P><STRONG><a name="[30]"></a>USART1_IRQHandler</STRONG> (Thumb, 0 bytes, Stack size 0 bytes, startup_stm32f40xx.o(.text))
<BR>[Address Reference Count : 1]<UL><LI> startup_stm32f40xx.o(RESET)
</UL>
<P><STRONG><a name="[31]"></a>USART2_IRQHandler</STRONG> (Thumb, 0 bytes, Stack size 0 bytes, startup_stm32f40xx.o(.text))
<BR>[Address Reference Count : 1]<UL><LI> startup_stm32f40xx.o(RESET)
</UL>
<P><STRONG><a name="[32]"></a>USART3_IRQHandler</STRONG> (Thumb, 0 bytes, Stack size 0 bytes, startup_stm32f40xx.o(.text))
<BR>[Address Reference Count : 1]<UL><LI> startup_stm32f40xx.o(RESET)
</UL>
<P><STRONG><a name="[52]"></a>USART6_IRQHandler</STRONG> (Thumb, 0 bytes, Stack size 0 bytes, startup_stm32f40xx.o(.text))
<BR>[Address Reference Count : 1]<UL><LI> startup_stm32f40xx.o(RESET)
</UL>
<P><STRONG><a name="[b]"></a>WWDG_IRQHandler</STRONG> (Thumb, 0 bytes, Stack size 0 bytes, startup_stm32f40xx.o(.text))
<BR>[Address Reference Count : 1]<UL><LI> startup_stm32f40xx.o(RESET)
</UL>
<P><STRONG><a name="[3]"></a>HardFault_Handler</STRONG> (Thumb, 12 bytes, Stack size 0 bytes, cmb_fault.o(.text))
<BR><BR>[Stack]<UL><LI>Max Depth = 264<LI>Call Chain = HardFault_Handler &rArr; cm_backtrace_fault &rArr; print_call_stack &rArr; cm_backtrace_call_stack &rArr; get_cur_thread_stack_info &rArr; __2printf
</UL>
<BR>[Calls]<UL><LI><a href="#[11b]">&gt;&gt;</a>&nbsp;&nbsp;&nbsp;cm_backtrace_fault
</UL>
<BR>[Address Reference Count : 1]<UL><LI> startup_stm32f40xx.o(RESET)
</UL>
<P><STRONG><a name="[11c]"></a>__aeabi_uldivmod</STRONG> (Thumb, 98 bytes, Stack size 40 bytes, uldiv.o(.text))
<BR><BR>[Stack]<UL><LI>Max Depth = 40<LI>Call Chain = __aeabi_uldivmod
</UL>
<BR>[Calls]<UL><LI><a href="#[11d]">&gt;&gt;</a>&nbsp;&nbsp;&nbsp;__aeabi_llsr
<LI><a href="#[11e]">&gt;&gt;</a>&nbsp;&nbsp;&nbsp;__aeabi_llsl
</UL>
<BR>[Called By]<UL><LI><a href="#[385]">&gt;&gt;</a>&nbsp;&nbsp;&nbsp;disk_ioctl
<LI><a href="#[342]">&gt;&gt;</a>&nbsp;&nbsp;&nbsp;_printf_core
</UL>

<P><STRONG><a name="[3d1]"></a>___aeabi_memcpy8$ret</STRONG> (Thumb, 0 bytes, Stack size 8 bytes, memcpy.o(.text), UNUSED)

<P><STRONG><a name="[1f5]"></a>__aeabi_memcpy</STRONG> (Thumb, 40 bytes, Stack size 8 bytes, memcpy.o(.text))
<BR><BR>[Stack]<UL><LI>Max Depth = 8<LI>Call Chain = __aeabi_memcpy
</UL>
<BR>[Called By]<UL><LI><a href="#[387]">&gt;&gt;</a>&nbsp;&nbsp;&nbsp;disk_write
<LI><a href="#[386]">&gt;&gt;</a>&nbsp;&nbsp;&nbsp;disk_read
<LI><a href="#[1f3]">&gt;&gt;</a>&nbsp;&nbsp;&nbsp;GTP_Execu
<LI><a href="#[3a8]">&gt;&gt;</a>&nbsp;&nbsp;&nbsp;prvCopyDataToQueue
<LI><a href="#[3a7]">&gt;&gt;</a>&nbsp;&nbsp;&nbsp;prvCopyDataFromQueue
<LI><a href="#[d9]">&gt;&gt;</a>&nbsp;&nbsp;&nbsp;__create_font
<LI><a href="#[90]">&gt;&gt;</a>&nbsp;&nbsp;&nbsp;__draw_bitmap_XRGB8888
<LI><a href="#[85]">&gt;&gt;</a>&nbsp;&nbsp;&nbsp;__copy_bits
<LI><a href="#[6f]">&gt;&gt;</a>&nbsp;&nbsp;&nbsp;__draw_bitmap_RGB565
<LI><a href="#[69]">&gt;&gt;</a>&nbsp;&nbsp;&nbsp;__copy_bits
<LI><a href="#[a1]">&gt;&gt;</a>&nbsp;&nbsp;&nbsp;__copy_bits
</UL>

<P><STRONG><a name="[371]"></a>__aeabi_memcpy4</STRONG> (Thumb, 0 bytes, Stack size 8 bytes, memcpy.o(.text))
<BR><BR>[Stack]<UL><LI>Max Depth = 8<LI>Call Chain = __aeabi_memcpy4
</UL>
<BR>[Called By]<UL><LI><a href="#[11b]">&gt;&gt;</a>&nbsp;&nbsp;&nbsp;cm_backtrace_fault
<LI><a href="#[2b6]">&gt;&gt;</a>&nbsp;&nbsp;&nbsp;_copy_msg
</UL>

<P><STRONG><a name="[3d2]"></a>memcpy</STRONG> (Thumb, 0 bytes, Stack size 8 bytes, memcpy.o(.text), UNUSED)

<P><STRONG><a name="[120]"></a>__aeabi_memset</STRONG> (Thumb, 14 bytes, Stack size 0 bytes, memseta.o(.text))
<BR><BR>[Called By]<UL><LI><a href="#[3ad]">&gt;&gt;</a>&nbsp;&nbsp;&nbsp;prvInitialiseNewTask
<LI><a href="#[258]">&gt;&gt;</a>&nbsp;&nbsp;&nbsp;GUI_memset8
<LI><a href="#[121]">&gt;&gt;</a>&nbsp;&nbsp;&nbsp;memset
<LI><a href="#[11f]">&gt;&gt;</a>&nbsp;&nbsp;&nbsp;__aeabi_memclr
</UL>

<P><STRONG><a name="[3d3]"></a>__aeabi_memset4</STRONG> (Thumb, 0 bytes, Stack size 0 bytes, memseta.o(.text), UNUSED)

<P><STRONG><a name="[3d4]"></a>__aeabi_memset8</STRONG> (Thumb, 0 bytes, Stack size 0 bytes, memseta.o(.text), UNUSED)

<P><STRONG><a name="[11f]"></a>__aeabi_memclr</STRONG> (Thumb, 4 bytes, Stack size 0 bytes, memseta.o(.text))
<BR><BR>[Calls]<UL><LI><a href="#[120]">&gt;&gt;</a>&nbsp;&nbsp;&nbsp;__aeabi_memset
</UL>
<BR>[Called By]<UL><LI><a href="#[141]">&gt;&gt;</a>&nbsp;&nbsp;&nbsp;_CleanLine
</UL>

<P><STRONG><a name="[17c]"></a>__aeabi_memclr4</STRONG> (Thumb, 0 bytes, Stack size 0 bytes, memseta.o(.text))
<BR><BR>[Called By]<UL><LI><a href="#[383]">&gt;&gt;</a>&nbsp;&nbsp;&nbsp;print_call_stack
<LI><a href="#[1f3]">&gt;&gt;</a>&nbsp;&nbsp;&nbsp;GTP_Execu
<LI><a href="#[173]">&gt;&gt;</a>&nbsp;&nbsp;&nbsp;DC_Alloc
</UL>

<P><STRONG><a name="[3d5]"></a>__aeabi_memclr8</STRONG> (Thumb, 0 bytes, Stack size 0 bytes, memseta.o(.text), UNUSED)

<P><STRONG><a name="[121]"></a>memset</STRONG> (Thumb, 18 bytes, Stack size 8 bytes, memseta.o(.text), UNUSED)
<BR><BR>[Calls]<UL><LI><a href="#[120]">&gt;&gt;</a>&nbsp;&nbsp;&nbsp;__aeabi_memset
</UL>

<P><STRONG><a name="[122]"></a>__aeabi_fadd</STRONG> (Thumb, 164 bytes, Stack size 16 bytes, fadd.o(.text))
<BR><BR>[Stack]<UL><LI>Max Depth = 20<LI>Call Chain = __aeabi_fadd &rArr; _float_epilogue
</UL>
<BR>[Calls]<UL><LI><a href="#[124]">&gt;&gt;</a>&nbsp;&nbsp;&nbsp;_float_round
<LI><a href="#[123]">&gt;&gt;</a>&nbsp;&nbsp;&nbsp;_float_epilogue
</UL>
<BR>[Called By]<UL><LI><a href="#[137]">&gt;&gt;</a>&nbsp;&nbsp;&nbsp;_Wu_DrawBoldLine
<LI><a href="#[126]">&gt;&gt;</a>&nbsp;&nbsp;&nbsp;__aeabi_frsub
<LI><a href="#[125]">&gt;&gt;</a>&nbsp;&nbsp;&nbsp;__aeabi_fsub
<LI><a href="#[30d]">&gt;&gt;</a>&nbsp;&nbsp;&nbsp;_CalcInterSectLin
</UL>

<P><STRONG><a name="[125]"></a>__aeabi_fsub</STRONG> (Thumb, 6 bytes, Stack size 0 bytes, fadd.o(.text))
<BR><BR>[Stack]<UL><LI>Max Depth = 20<LI>Call Chain = __aeabi_fsub &rArr; __aeabi_fadd &rArr; _float_epilogue
</UL>
<BR>[Calls]<UL><LI><a href="#[122]">&gt;&gt;</a>&nbsp;&nbsp;&nbsp;__aeabi_fadd
</UL>
<BR>[Called By]<UL><LI><a href="#[137]">&gt;&gt;</a>&nbsp;&nbsp;&nbsp;_Wu_DrawBoldLine
<LI><a href="#[30d]">&gt;&gt;</a>&nbsp;&nbsp;&nbsp;_CalcInterSectLin
</UL>

<P><STRONG><a name="[126]"></a>__aeabi_frsub</STRONG> (Thumb, 6 bytes, Stack size 0 bytes, fadd.o(.text))
<BR><BR>[Stack]<UL><LI>Max Depth = 20<LI>Call Chain = __aeabi_frsub &rArr; __aeabi_fadd &rArr; _float_epilogue
</UL>
<BR>[Calls]<UL><LI><a href="#[122]">&gt;&gt;</a>&nbsp;&nbsp;&nbsp;__aeabi_fadd
</UL>
<BR>[Called By]<UL><LI><a href="#[137]">&gt;&gt;</a>&nbsp;&nbsp;&nbsp;_Wu_DrawBoldLine
</UL>

<P><STRONG><a name="[30f]"></a>__aeabi_fmul</STRONG> (Thumb, 100 bytes, Stack size 8 bytes, fmul.o(.text))
<BR><BR>[Stack]<UL><LI>Max Depth = 8<LI>Call Chain = __aeabi_fmul
</UL>
<BR>[Called By]<UL><LI><a href="#[137]">&gt;&gt;</a>&nbsp;&nbsp;&nbsp;_Wu_DrawBoldLine
<LI><a href="#[d2]">&gt;&gt;</a>&nbsp;&nbsp;&nbsp;__rotate_bitmap
<LI><a href="#[97]">&gt;&gt;</a>&nbsp;&nbsp;&nbsp;__rotate_bitmap
<LI><a href="#[7b]">&gt;&gt;</a>&nbsp;&nbsp;&nbsp;__rotate_bitmap
<LI><a href="#[b3]">&gt;&gt;</a>&nbsp;&nbsp;&nbsp;__rotate_bitmap
<LI><a href="#[1f1]">&gt;&gt;</a>&nbsp;&nbsp;&nbsp;_DrawArc
<LI><a href="#[30d]">&gt;&gt;</a>&nbsp;&nbsp;&nbsp;_CalcInterSectLin
</UL>

<P><STRONG><a name="[127]"></a>__aeabi_fdiv</STRONG> (Thumb, 124 bytes, Stack size 8 bytes, fdiv.o(.text))
<BR><BR>[Stack]<UL><LI>Max Depth = 8<LI>Call Chain = __aeabi_fdiv
</UL>
<BR>[Calls]<UL><LI><a href="#[124]">&gt;&gt;</a>&nbsp;&nbsp;&nbsp;_float_round
</UL>
<BR>[Called By]<UL><LI><a href="#[137]">&gt;&gt;</a>&nbsp;&nbsp;&nbsp;_Wu_DrawBoldLine
<LI><a href="#[d2]">&gt;&gt;</a>&nbsp;&nbsp;&nbsp;__rotate_bitmap
<LI><a href="#[97]">&gt;&gt;</a>&nbsp;&nbsp;&nbsp;__rotate_bitmap
<LI><a href="#[7b]">&gt;&gt;</a>&nbsp;&nbsp;&nbsp;__rotate_bitmap
<LI><a href="#[b3]">&gt;&gt;</a>&nbsp;&nbsp;&nbsp;__rotate_bitmap
<LI><a href="#[1f1]">&gt;&gt;</a>&nbsp;&nbsp;&nbsp;_DrawArc
<LI><a href="#[30d]">&gt;&gt;</a>&nbsp;&nbsp;&nbsp;_CalcInterSectLin
</UL>

<P><STRONG><a name="[128]"></a>__aeabi_dadd</STRONG> (Thumb, 322 bytes, Stack size 48 bytes, dadd.o(.text))
<BR><BR>[Stack]<UL><LI>Max Depth = 88<LI>Call Chain = __aeabi_dadd &rArr; _double_epilogue &rArr; _double_round
</UL>
<BR>[Calls]<UL><LI><a href="#[12b]">&gt;&gt;</a>&nbsp;&nbsp;&nbsp;_double_round
<LI><a href="#[12a]">&gt;&gt;</a>&nbsp;&nbsp;&nbsp;_double_epilogue
<LI><a href="#[129]">&gt;&gt;</a>&nbsp;&nbsp;&nbsp;__aeabi_lasr
<LI><a href="#[11e]">&gt;&gt;</a>&nbsp;&nbsp;&nbsp;__aeabi_llsl
</UL>
<BR>[Called By]<UL><LI><a href="#[12c]">&gt;&gt;</a>&nbsp;&nbsp;&nbsp;__aeabi_dsub
<LI><a href="#[2a4]">&gt;&gt;</a>&nbsp;&nbsp;&nbsp;solid_line
<LI><a href="#[12d]">&gt;&gt;</a>&nbsp;&nbsp;&nbsp;__aeabi_drsub
<LI><a href="#[35d]">&gt;&gt;</a>&nbsp;&nbsp;&nbsp;__mathlib_dbl_infnan
<LI><a href="#[361]">&gt;&gt;</a>&nbsp;&nbsp;&nbsp;__hardfp_floor
<LI><a href="#[358]">&gt;&gt;</a>&nbsp;&nbsp;&nbsp;__hardfp_ceil
<LI><a href="#[364]">&gt;&gt;</a>&nbsp;&nbsp;&nbsp;__kernel_poly
<LI><a href="#[35f]">&gt;&gt;</a>&nbsp;&nbsp;&nbsp;__kernel_sin
<LI><a href="#[35e]">&gt;&gt;</a>&nbsp;&nbsp;&nbsp;__ieee754_rem_pio2
</UL>

<P><STRONG><a name="[12c]"></a>__aeabi_dsub</STRONG> (Thumb, 6 bytes, Stack size 0 bytes, dadd.o(.text))
<BR><BR>[Stack]<UL><LI>Max Depth = 88<LI>Call Chain = __aeabi_dsub &rArr; __aeabi_dadd &rArr; _double_epilogue &rArr; _double_round
</UL>
<BR>[Calls]<UL><LI><a href="#[128]">&gt;&gt;</a>&nbsp;&nbsp;&nbsp;__aeabi_dadd
</UL>
<BR>[Called By]<UL><LI><a href="#[2a4]">&gt;&gt;</a>&nbsp;&nbsp;&nbsp;solid_line
<LI><a href="#[360]">&gt;&gt;</a>&nbsp;&nbsp;&nbsp;__kernel_cos
<LI><a href="#[35f]">&gt;&gt;</a>&nbsp;&nbsp;&nbsp;__kernel_sin
<LI><a href="#[35e]">&gt;&gt;</a>&nbsp;&nbsp;&nbsp;__ieee754_rem_pio2
</UL>

<P><STRONG><a name="[12d]"></a>__aeabi_drsub</STRONG> (Thumb, 6 bytes, Stack size 0 bytes, dadd.o(.text))
<BR><BR>[Stack]<UL><LI>Max Depth = 88<LI>Call Chain = __aeabi_drsub &rArr; __aeabi_dadd &rArr; _double_epilogue &rArr; _double_round
</UL>
<BR>[Calls]<UL><LI><a href="#[128]">&gt;&gt;</a>&nbsp;&nbsp;&nbsp;__aeabi_dadd
</UL>
<BR>[Called By]<UL><LI><a href="#[360]">&gt;&gt;</a>&nbsp;&nbsp;&nbsp;__kernel_cos
<LI><a href="#[361]">&gt;&gt;</a>&nbsp;&nbsp;&nbsp;__hardfp_floor
<LI><a href="#[358]">&gt;&gt;</a>&nbsp;&nbsp;&nbsp;__hardfp_ceil
<LI><a href="#[35f]">&gt;&gt;</a>&nbsp;&nbsp;&nbsp;__kernel_sin
<LI><a href="#[35e]">&gt;&gt;</a>&nbsp;&nbsp;&nbsp;__ieee754_rem_pio2
</UL>

<P><STRONG><a name="[12e]"></a>__aeabi_dmul</STRONG> (Thumb, 228 bytes, Stack size 48 bytes, dmul.o(.text))
<BR><BR>[Stack]<UL><LI>Max Depth = 88<LI>Call Chain = __aeabi_dmul &rArr; _double_epilogue &rArr; _double_round
</UL>
<BR>[Calls]<UL><LI><a href="#[12a]">&gt;&gt;</a>&nbsp;&nbsp;&nbsp;_double_epilogue
</UL>
<BR>[Called By]<UL><LI><a href="#[2a4]">&gt;&gt;</a>&nbsp;&nbsp;&nbsp;solid_line
<LI><a href="#[360]">&gt;&gt;</a>&nbsp;&nbsp;&nbsp;__kernel_cos
<LI><a href="#[364]">&gt;&gt;</a>&nbsp;&nbsp;&nbsp;__kernel_poly
<LI><a href="#[35f]">&gt;&gt;</a>&nbsp;&nbsp;&nbsp;__kernel_sin
<LI><a href="#[35e]">&gt;&gt;</a>&nbsp;&nbsp;&nbsp;__ieee754_rem_pio2
<LI><a href="#[366]">&gt;&gt;</a>&nbsp;&nbsp;&nbsp;__mathlib_dbl_underflow
</UL>

<P><STRONG><a name="[12f]"></a>__aeabi_ddiv</STRONG> (Thumb, 222 bytes, Stack size 32 bytes, ddiv.o(.text))
<BR><BR>[Stack]<UL><LI>Max Depth = 40<LI>Call Chain = __aeabi_ddiv &rArr; _double_round
</UL>
<BR>[Calls]<UL><LI><a href="#[12b]">&gt;&gt;</a>&nbsp;&nbsp;&nbsp;_double_round
</UL>
<BR>[Called By]<UL><LI><a href="#[2a4]">&gt;&gt;</a>&nbsp;&nbsp;&nbsp;solid_line
<LI><a href="#[35c]">&gt;&gt;</a>&nbsp;&nbsp;&nbsp;__mathlib_dbl_invalid
</UL>

<P><STRONG><a name="[130]"></a>__aeabi_i2f</STRONG> (Thumb, 18 bytes, Stack size 0 bytes, fflti.o(.text))
<BR><BR>[Stack]<UL><LI>Max Depth = 4<LI>Call Chain = __aeabi_i2f &rArr; _float_epilogue
</UL>
<BR>[Calls]<UL><LI><a href="#[123]">&gt;&gt;</a>&nbsp;&nbsp;&nbsp;_float_epilogue
</UL>
<BR>[Called By]<UL><LI><a href="#[137]">&gt;&gt;</a>&nbsp;&nbsp;&nbsp;_Wu_DrawBoldLine
<LI><a href="#[d2]">&gt;&gt;</a>&nbsp;&nbsp;&nbsp;__rotate_bitmap
<LI><a href="#[97]">&gt;&gt;</a>&nbsp;&nbsp;&nbsp;__rotate_bitmap
<LI><a href="#[7b]">&gt;&gt;</a>&nbsp;&nbsp;&nbsp;__rotate_bitmap
<LI><a href="#[b3]">&gt;&gt;</a>&nbsp;&nbsp;&nbsp;__rotate_bitmap
<LI><a href="#[1f1]">&gt;&gt;</a>&nbsp;&nbsp;&nbsp;_DrawArc
</UL>

<P><STRONG><a name="[131]"></a>__aeabi_i2d</STRONG> (Thumb, 34 bytes, Stack size 16 bytes, dflti.o(.text))
<BR><BR>[Stack]<UL><LI>Max Depth = 56<LI>Call Chain = __aeabi_i2d &rArr; _double_epilogue &rArr; _double_round
</UL>
<BR>[Calls]<UL><LI><a href="#[12a]">&gt;&gt;</a>&nbsp;&nbsp;&nbsp;_double_epilogue
</UL>
<BR>[Called By]<UL><LI><a href="#[2a4]">&gt;&gt;</a>&nbsp;&nbsp;&nbsp;solid_line
<LI><a href="#[35e]">&gt;&gt;</a>&nbsp;&nbsp;&nbsp;__ieee754_rem_pio2
</UL>

<P><STRONG><a name="[132]"></a>__aeabi_ui2d</STRONG> (Thumb, 26 bytes, Stack size 16 bytes, dfltui.o(.text))
<BR><BR>[Stack]<UL><LI>Max Depth = 56<LI>Call Chain = __aeabi_ui2d &rArr; _double_epilogue &rArr; _double_round
</UL>
<BR>[Calls]<UL><LI><a href="#[12a]">&gt;&gt;</a>&nbsp;&nbsp;&nbsp;_double_epilogue
</UL>
<BR>[Called By]<UL><LI><a href="#[35e]">&gt;&gt;</a>&nbsp;&nbsp;&nbsp;__ieee754_rem_pio2
</UL>

<P><STRONG><a name="[323]"></a>__aeabi_f2iz</STRONG> (Thumb, 50 bytes, Stack size 0 bytes, ffixi.o(.text))
<BR><BR>[Called By]<UL><LI><a href="#[137]">&gt;&gt;</a>&nbsp;&nbsp;&nbsp;_Wu_DrawBoldLine
<LI><a href="#[d2]">&gt;&gt;</a>&nbsp;&nbsp;&nbsp;__rotate_bitmap
<LI><a href="#[97]">&gt;&gt;</a>&nbsp;&nbsp;&nbsp;__rotate_bitmap
<LI><a href="#[7b]">&gt;&gt;</a>&nbsp;&nbsp;&nbsp;__rotate_bitmap
<LI><a href="#[b3]">&gt;&gt;</a>&nbsp;&nbsp;&nbsp;__rotate_bitmap
<LI><a href="#[1f1]">&gt;&gt;</a>&nbsp;&nbsp;&nbsp;_DrawArc
</UL>

<P><STRONG><a name="[33e]"></a>__aeabi_f2uiz</STRONG> (Thumb, 40 bytes, Stack size 0 bytes, ffixui.o(.text))
<BR><BR>[Called By]<UL><LI><a href="#[137]">&gt;&gt;</a>&nbsp;&nbsp;&nbsp;_Wu_DrawBoldLine
</UL>

<P><STRONG><a name="[133]"></a>__aeabi_d2iz</STRONG> (Thumb, 62 bytes, Stack size 16 bytes, dfixi.o(.text))
<BR><BR>[Stack]<UL><LI>Max Depth = 16<LI>Call Chain = __aeabi_d2iz
</UL>
<BR>[Calls]<UL><LI><a href="#[11d]">&gt;&gt;</a>&nbsp;&nbsp;&nbsp;__aeabi_llsr
</UL>
<BR>[Called By]<UL><LI><a href="#[2a4]">&gt;&gt;</a>&nbsp;&nbsp;&nbsp;solid_line
<LI><a href="#[1f1]">&gt;&gt;</a>&nbsp;&nbsp;&nbsp;_DrawArc
<LI><a href="#[360]">&gt;&gt;</a>&nbsp;&nbsp;&nbsp;__kernel_cos
<LI><a href="#[35e]">&gt;&gt;</a>&nbsp;&nbsp;&nbsp;__ieee754_rem_pio2
</UL>

<P><STRONG><a name="[31c]"></a>__aeabi_f2d</STRONG> (Thumb, 38 bytes, Stack size 0 bytes, f2d.o(.text))
<BR><BR>[Called By]<UL><LI><a href="#[d2]">&gt;&gt;</a>&nbsp;&nbsp;&nbsp;__rotate_bitmap
<LI><a href="#[97]">&gt;&gt;</a>&nbsp;&nbsp;&nbsp;__rotate_bitmap
<LI><a href="#[7b]">&gt;&gt;</a>&nbsp;&nbsp;&nbsp;__rotate_bitmap
<LI><a href="#[b3]">&gt;&gt;</a>&nbsp;&nbsp;&nbsp;__rotate_bitmap
<LI><a href="#[1f1]">&gt;&gt;</a>&nbsp;&nbsp;&nbsp;_DrawArc
</UL>

<P><STRONG><a name="[359]"></a>__aeabi_cdrcmple</STRONG> (Thumb, 48 bytes, Stack size 0 bytes, cdrcmple.o(.text))
<BR><BR>[Called By]<UL><LI><a href="#[361]">&gt;&gt;</a>&nbsp;&nbsp;&nbsp;__hardfp_floor
<LI><a href="#[358]">&gt;&gt;</a>&nbsp;&nbsp;&nbsp;__hardfp_ceil
</UL>

<P><STRONG><a name="[134]"></a>__aeabi_d2f</STRONG> (Thumb, 56 bytes, Stack size 8 bytes, d2f.o(.text))
<BR><BR>[Stack]<UL><LI>Max Depth = 8<LI>Call Chain = __aeabi_d2f
</UL>
<BR>[Calls]<UL><LI><a href="#[124]">&gt;&gt;</a>&nbsp;&nbsp;&nbsp;_float_round
</UL>
<BR>[Called By]<UL><LI><a href="#[d2]">&gt;&gt;</a>&nbsp;&nbsp;&nbsp;__rotate_bitmap
<LI><a href="#[97]">&gt;&gt;</a>&nbsp;&nbsp;&nbsp;__rotate_bitmap
<LI><a href="#[7b]">&gt;&gt;</a>&nbsp;&nbsp;&nbsp;__rotate_bitmap
<LI><a href="#[b3]">&gt;&gt;</a>&nbsp;&nbsp;&nbsp;__rotate_bitmap
<LI><a href="#[1f1]">&gt;&gt;</a>&nbsp;&nbsp;&nbsp;_DrawArc
</UL>

<P><STRONG><a name="[30e]"></a>__aeabi_cfcmpeq</STRONG> (Thumb, 0 bytes, Stack size 0 bytes, cfcmple.o(.text))
<BR><BR>[Called By]<UL><LI><a href="#[30d]">&gt;&gt;</a>&nbsp;&nbsp;&nbsp;_CalcInterSectLin
</UL>

<P><STRONG><a name="[322]"></a>__aeabi_cfcmple</STRONG> (Thumb, 20 bytes, Stack size 0 bytes, cfcmple.o(.text))
<BR><BR>[Called By]<UL><LI><a href="#[1f1]">&gt;&gt;</a>&nbsp;&nbsp;&nbsp;_DrawArc
</UL>

<P><STRONG><a name="[324]"></a>__aeabi_cfrcmple</STRONG> (Thumb, 20 bytes, Stack size 0 bytes, cfrcmple.o(.text))
<BR><BR>[Called By]<UL><LI><a href="#[1f1]">&gt;&gt;</a>&nbsp;&nbsp;&nbsp;_DrawArc
</UL>

<P><STRONG><a name="[11e]"></a>__aeabi_llsl</STRONG> (Thumb, 30 bytes, Stack size 0 bytes, llshl.o(.text))
<BR><BR>[Called By]<UL><LI><a href="#[128]">&gt;&gt;</a>&nbsp;&nbsp;&nbsp;__aeabi_dadd
<LI><a href="#[12a]">&gt;&gt;</a>&nbsp;&nbsp;&nbsp;_double_epilogue
<LI><a href="#[11c]">&gt;&gt;</a>&nbsp;&nbsp;&nbsp;__aeabi_uldivmod
</UL>

<P><STRONG><a name="[3d6]"></a>_ll_shift_l</STRONG> (Thumb, 0 bytes, Stack size 0 bytes, llshl.o(.text), UNUSED)

<P><STRONG><a name="[11d]"></a>__aeabi_llsr</STRONG> (Thumb, 32 bytes, Stack size 0 bytes, llushr.o(.text))
<BR><BR>[Called By]<UL><LI><a href="#[133]">&gt;&gt;</a>&nbsp;&nbsp;&nbsp;__aeabi_d2iz
<LI><a href="#[12a]">&gt;&gt;</a>&nbsp;&nbsp;&nbsp;_double_epilogue
<LI><a href="#[11c]">&gt;&gt;</a>&nbsp;&nbsp;&nbsp;__aeabi_uldivmod
</UL>

<P><STRONG><a name="[3d7]"></a>_ll_ushift_r</STRONG> (Thumb, 0 bytes, Stack size 0 bytes, llushr.o(.text), UNUSED)

<P><STRONG><a name="[129]"></a>__aeabi_lasr</STRONG> (Thumb, 36 bytes, Stack size 0 bytes, llsshr.o(.text))
<BR><BR>[Called By]<UL><LI><a href="#[128]">&gt;&gt;</a>&nbsp;&nbsp;&nbsp;__aeabi_dadd
</UL>

<P><STRONG><a name="[3d8]"></a>_ll_sshift_r</STRONG> (Thumb, 0 bytes, Stack size 0 bytes, llsshr.o(.text), UNUSED)

<P><STRONG><a name="[3d9]"></a>__I$use$fp</STRONG> (Thumb, 0 bytes, Stack size 0 bytes, iusefp.o(.text), UNUSED)

<P><STRONG><a name="[124]"></a>_float_round</STRONG> (Thumb, 18 bytes, Stack size 0 bytes, fepilogue.o(.text))
<BR><BR>[Called By]<UL><LI><a href="#[127]">&gt;&gt;</a>&nbsp;&nbsp;&nbsp;__aeabi_fdiv
<LI><a href="#[122]">&gt;&gt;</a>&nbsp;&nbsp;&nbsp;__aeabi_fadd
<LI><a href="#[134]">&gt;&gt;</a>&nbsp;&nbsp;&nbsp;__aeabi_d2f
</UL>

<P><STRONG><a name="[123]"></a>_float_epilogue</STRONG> (Thumb, 92 bytes, Stack size 4 bytes, fepilogue.o(.text))
<BR><BR>[Stack]<UL><LI>Max Depth = 4<LI>Call Chain = _float_epilogue
</UL>
<BR>[Called By]<UL><LI><a href="#[130]">&gt;&gt;</a>&nbsp;&nbsp;&nbsp;__aeabi_i2f
<LI><a href="#[122]">&gt;&gt;</a>&nbsp;&nbsp;&nbsp;__aeabi_fadd
</UL>

<P><STRONG><a name="[12b]"></a>_double_round</STRONG> (Thumb, 30 bytes, Stack size 8 bytes, depilogue.o(.text))
<BR><BR>[Stack]<UL><LI>Max Depth = 8<LI>Call Chain = _double_round
</UL>
<BR>[Called By]<UL><LI><a href="#[128]">&gt;&gt;</a>&nbsp;&nbsp;&nbsp;__aeabi_dadd
<LI><a href="#[12f]">&gt;&gt;</a>&nbsp;&nbsp;&nbsp;__aeabi_ddiv
<LI><a href="#[12a]">&gt;&gt;</a>&nbsp;&nbsp;&nbsp;_double_epilogue
</UL>

<P><STRONG><a name="[12a]"></a>_double_epilogue</STRONG> (Thumb, 156 bytes, Stack size 32 bytes, depilogue.o(.text))
<BR><BR>[Stack]<UL><LI>Max Depth = 40<LI>Call Chain = _double_epilogue &rArr; _double_round
</UL>
<BR>[Calls]<UL><LI><a href="#[12b]">&gt;&gt;</a>&nbsp;&nbsp;&nbsp;_double_round
<LI><a href="#[11d]">&gt;&gt;</a>&nbsp;&nbsp;&nbsp;__aeabi_llsr
<LI><a href="#[11e]">&gt;&gt;</a>&nbsp;&nbsp;&nbsp;__aeabi_llsl
</UL>
<BR>[Called By]<UL><LI><a href="#[128]">&gt;&gt;</a>&nbsp;&nbsp;&nbsp;__aeabi_dadd
<LI><a href="#[131]">&gt;&gt;</a>&nbsp;&nbsp;&nbsp;__aeabi_i2d
<LI><a href="#[12e]">&gt;&gt;</a>&nbsp;&nbsp;&nbsp;__aeabi_dmul
<LI><a href="#[132]">&gt;&gt;</a>&nbsp;&nbsp;&nbsp;__aeabi_ui2d
</UL>

<P><STRONG><a name="[119]"></a>__scatterload</STRONG> (Thumb, 28 bytes, Stack size 0 bytes, init.o(.text))
<BR><BR>[Calls]<UL><LI><a href="#[135]">&gt;&gt;</a>&nbsp;&nbsp;&nbsp;__main_after_scatterload
</UL>
<BR>[Called By]<UL><LI><a href="#[118]">&gt;&gt;</a>&nbsp;&nbsp;&nbsp;_main_scatterload
</UL>

<P><STRONG><a name="[3da]"></a>__scatterload_rt2</STRONG> (Thumb, 0 bytes, Stack size 0 bytes, init.o(.text), UNUSED)

<P><STRONG><a name="[3db]"></a>__decompress</STRONG> (Thumb, 0 bytes, Stack size unknown bytes, __dczerorl2.o(.text), UNUSED)

<P><STRONG><a name="[3dc]"></a>__decompress1</STRONG> (Thumb, 86 bytes, Stack size unknown bytes, __dczerorl2.o(.text), UNUSED)

<P><STRONG><a name="[136]"></a>AA_DrawBoldLine</STRONG> (Thumb, 36 bytes, Stack size 40 bytes, gd_line.o(i.AA_DrawBoldLine))
<BR><BR>[Stack]<UL><LI>Max Depth = 448<LI>Call Chain = AA_DrawBoldLine &rArr; _Wu_DrawBoldLine &rArr; gdSetPixelARGB &rArr; BeginDraw &rArr; WIN_Lock &rArr; GUI_Lock &rArr; GUI_MutexLock &rArr; xQueueTakeMutexRecursive &rArr; xQueueGenericReceive &rArr; prvUnlockQueue &rArr; prvNotifyQueueSetContainer &rArr; prvCopyDataToQueue &rArr; xTaskPriorityDisinherit &rArr; __2printf
</UL>
<BR>[Calls]<UL><LI><a href="#[137]">&gt;&gt;</a>&nbsp;&nbsp;&nbsp;_Wu_DrawBoldLine
</UL>
<BR>[Called By]<UL><LI><a href="#[16d]">&gt;&gt;</a>&nbsp;&nbsp;&nbsp;DrawWindowNC
</UL>

<P><STRONG><a name="[138]"></a>AA_DrawLine</STRONG> (Thumb, 74 bytes, Stack size 56 bytes, gd_line.o(i.AA_DrawLine))
<BR><BR>[Stack]<UL><LI>Max Depth = 364<LI>Call Chain = AA_DrawLine &rArr; _Wu_DrawLine &rArr; _gdSetPixelARGB &rArr; CursorCheck &rArr; GL_CursorCheck &rArr; _CursorHide &rArr; _IntersectRect &rArr; _IsIntersectRect
</UL>
<BR>[Calls]<UL><LI><a href="#[13b]">&gt;&gt;</a>&nbsp;&nbsp;&nbsp;_Wu_DrawLine
<LI><a href="#[13c]">&gt;&gt;</a>&nbsp;&nbsp;&nbsp;EndDraw
<LI><a href="#[139]">&gt;&gt;</a>&nbsp;&nbsp;&nbsp;BeginDraw
<LI><a href="#[13a]">&gt;&gt;</a>&nbsp;&nbsp;&nbsp;_LPtoDP
</UL>
<BR>[Called By]<UL><LI><a href="#[2a4]">&gt;&gt;</a>&nbsp;&nbsp;&nbsp;solid_line
</UL>

<P><STRONG><a name="[13d]"></a>AA_FlushLine</STRONG> (Thumb, 252 bytes, Stack size 64 bytes, gui_aa_core.o(i.AA_FlushLine))
<BR><BR>[Stack]<UL><LI>Max Depth = 308<LI>Call Chain = AA_FlushLine &rArr; _gdHLine &rArr; CursorCheck &rArr; GL_CursorCheck &rArr; _CursorHide &rArr; _IntersectRect &rArr; _IsIntersectRect
</UL>
<BR>[Calls]<UL><LI><a href="#[13e]">&gt;&gt;</a>&nbsp;&nbsp;&nbsp;GetRGB
<LI><a href="#[141]">&gt;&gt;</a>&nbsp;&nbsp;&nbsp;_CleanLine
<LI><a href="#[140]">&gt;&gt;</a>&nbsp;&nbsp;&nbsp;_gdSetPixelARGB
<LI><a href="#[13f]">&gt;&gt;</a>&nbsp;&nbsp;&nbsp;_gdSetPixel
<LI><a href="#[b6]">&gt;&gt;</a>&nbsp;&nbsp;&nbsp;_gdHLine
</UL>
<BR>[Called By]<UL><LI><a href="#[32a]">&gt;&gt;</a>&nbsp;&nbsp;&nbsp;_gdDrawArc
<LI><a href="#[1e7]">&gt;&gt;</a>&nbsp;&nbsp;&nbsp;_FillRoundRect
<LI><a href="#[1f0]">&gt;&gt;</a>&nbsp;&nbsp;&nbsp;GL_DrawArc
</UL>

<P><STRONG><a name="[ef]"></a>ARGB4444_GetARGB</STRONG> (Thumb, 36 bytes, Stack size 12 bytes, surface_argb4444.o(i.ARGB4444_GetARGB))
<BR><BR>[Stack]<UL><LI>Max Depth = 12<LI>Call Chain = ARGB4444_GetARGB
</UL>
<BR>[Called By]<UL><LI><a href="#[8e]">&gt;&gt;</a>&nbsp;&nbsp;&nbsp;__draw_bitmap_ARGB4444
<LI><a href="#[72]">&gt;&gt;</a>&nbsp;&nbsp;&nbsp;__draw_bitmap_ARGB4444
</UL>
<BR>[Address Reference Count : 1]<UL><LI> surface_argb4444.o(.constdata)
</UL>
<P><STRONG><a name="[ee]"></a>ARGB4444_GetRGB</STRONG> (Thumb, 26 bytes, Stack size 8 bytes, surface_argb4444.o(i.ARGB4444_GetRGB))
<BR><BR>[Stack]<UL><LI>Max Depth = 8<LI>Call Chain = ARGB4444_GetRGB
</UL>
<BR>[Address Reference Count : 1]<UL><LI> surface_argb4444.o(.constdata)
</UL>
<P><STRONG><a name="[ed]"></a>ARGB4444_MapARGB</STRONG> (Thumb, 26 bytes, Stack size 12 bytes, surface_argb4444.o(i.ARGB4444_MapARGB))
<BR><BR>[Stack]<UL><LI>Max Depth = 12<LI>Call Chain = ARGB4444_MapARGB
</UL>
<BR>[Address Reference Count : 1]<UL><LI> surface_argb4444.o(.constdata)
</UL>
<P><STRONG><a name="[e6]"></a>ARGB4444_MapARGB1555</STRONG> (Thumb, 30 bytes, Stack size 0 bytes, surface_argb4444.o(i.ARGB4444_MapARGB1555))
<BR>[Address Reference Count : 1]<UL><LI> surface_argb4444.o(.constdata)
</UL>
<P><STRONG><a name="[e8]"></a>ARGB4444_MapARGB4444</STRONG> (Thumb, 2 bytes, Stack size 0 bytes, surface_argb4444.o(i.ARGB4444_MapARGB4444))
<BR>[Address Reference Count : 1]<UL><LI> surface_argb4444.o(.constdata)
</UL>
<P><STRONG><a name="[ea]"></a>ARGB4444_MapARGB8888</STRONG> (Thumb, 30 bytes, Stack size 0 bytes, surface_argb4444.o(i.ARGB4444_MapARGB8888))
<BR>[Address Reference Count : 1]<UL><LI> surface_argb4444.o(.constdata)
</UL>
<P><STRONG><a name="[ec]"></a>ARGB4444_MapRGB</STRONG> (Thumb, 26 bytes, Stack size 8 bytes, surface_argb4444.o(i.ARGB4444_MapRGB))
<BR><BR>[Stack]<UL><LI>Max Depth = 8<LI>Call Chain = ARGB4444_MapRGB
</UL>
<BR>[Address Reference Count : 1]<UL><LI> surface_argb4444.o(.constdata)
</UL>
<P><STRONG><a name="[e3]"></a>ARGB4444_MapRGB332</STRONG> (Thumb, 36 bytes, Stack size 0 bytes, surface_argb4444.o(i.ARGB4444_MapRGB332))
<BR>[Address Reference Count : 1]<UL><LI> surface_argb4444.o(.constdata)
</UL>
<P><STRONG><a name="[e4]"></a>ARGB4444_MapRGB565</STRONG> (Thumb, 30 bytes, Stack size 0 bytes, surface_argb4444.o(i.ARGB4444_MapRGB565))
<BR>[Address Reference Count : 1]<UL><LI> surface_argb4444.o(.constdata)
</UL>
<P><STRONG><a name="[e5]"></a>ARGB4444_MapXRGB1555</STRONG> (Thumb, 30 bytes, Stack size 0 bytes, surface_argb4444.o(i.ARGB4444_MapXRGB1555))
<BR>[Address Reference Count : 1]<UL><LI> surface_argb4444.o(.constdata)
</UL>
<P><STRONG><a name="[e7]"></a>ARGB4444_MapXRGB4444</STRONG> (Thumb, 2 bytes, Stack size 0 bytes, surface_argb4444.o(i.ARGB4444_MapXRGB4444))
<BR>[Address Reference Count : 1]<UL><LI> surface_argb4444.o(.constdata)
</UL>
<P><STRONG><a name="[e9]"></a>ARGB4444_MapXRGB8888</STRONG> (Thumb, 30 bytes, Stack size 0 bytes, surface_argb4444.o(i.ARGB4444_MapXRGB8888))
<BR>[Address Reference Count : 1]<UL><LI> surface_argb4444.o(.constdata)
</UL>
<P><STRONG><a name="[eb]"></a>ARGB4444_ToARGB</STRONG> (Thumb, 30 bytes, Stack size 0 bytes, surface_argb4444.o(i.ARGB4444_ToARGB))
<BR>[Address Reference Count : 1]<UL><LI> surface_argb4444.o(.constdata)
</UL>
[...]
</UL>
<P><STRONG><a name="[67]"></a>__fill_rect</STRONG> (Thumb, 86 bytes, Stack size 48 bytes, gl_mem_16bpp.o(i.__fill_rect))
<BR><BR>[Stack]<UL><LI>Max Depth = 56<LI>Call Chain = __fill_rect &rArr; GUI_memset16
</UL>
<BR>[Calls]<UL><LI><a href="#[355]">&gt;&gt;</a>&nbsp;&nbsp;&nbsp;GPU_FillRect
<LI><a href="#[350]">&gt;&gt;</a>&nbsp;&nbsp;&nbsp;GUI_memset16
</UL>
<BR>[Address Reference Count : 1]<UL><LI> gl_mem_16bpp.o(i.GL_MEM_16BPP_Init)
</UL>
<P><STRONG><a name="[68]"></a>__fill_rect_ARGB</STRONG> (Thumb, 118 bytes, Stack size 64 bytes, gl_mem_16bpp.o(i.__fill_rect_ARGB))
<BR><BR>[Stack]<UL><LI>Max Depth = 112<LI>Call Chain = __fill_rect_ARGB &rArr; __blend_argb
</UL>
<BR>[Calls]<UL><LI><a href="#[356]">&gt;&gt;</a>&nbsp;&nbsp;&nbsp;GPU_FillRectARGB
<LI><a href="#[346]">&gt;&gt;</a>&nbsp;&nbsp;&nbsp;__blend_argb
</UL>
<BR>[Address Reference Count : 1]<UL><LI> gl_mem_16bpp.o(i.GL_MEM_16BPP_Init)
</UL>
<P><STRONG><a name="[62]"></a>__get_pixel</STRONG> (Thumb, 20 bytes, Stack size 12 bytes, gl_mem_16bpp.o(i.__get_pixel))
<BR><BR>[Stack]<UL><LI>Max Depth = 12<LI>Call Chain = __get_pixel
</UL>
<BR>[Address Reference Count : 1]<UL><LI> gl_mem_16bpp.o(i.GL_MEM_16BPP_Init)
</UL>
<P><STRONG><a name="[7b]"></a>__rotate_bitmap</STRONG> (Thumb, 2130 bytes, Stack size 184 bytes, gl_mem_16bpp.o(i.__rotate_bitmap))
<BR><BR>[Stack]<UL><LI>Max Depth = 432<LI>Call Chain = __rotate_bitmap &rArr; sin &rArr; __hardfp_sin &rArr; __ieee754_rem_pio2 &rArr; __aeabi_dsub &rArr; __aeabi_dadd &rArr; _double_epilogue &rArr; _double_round
</UL>
<BR>[Calls]<UL><LI><a href="#[127]">&gt;&gt;</a>&nbsp;&nbsp;&nbsp;__aeabi_fdiv
<LI><a href="#[130]">&gt;&gt;</a>&nbsp;&nbsp;&nbsp;__aeabi_i2f
<LI><a href="#[30f]">&gt;&gt;</a>&nbsp;&nbsp;&nbsp;__aeabi_fmul
<LI><a href="#[323]">&gt;&gt;</a>&nbsp;&nbsp;&nbsp;__aeabi_f2iz
<LI><a href="#[31c]">&gt;&gt;</a>&nbsp;&nbsp;&nbsp;__aeabi_f2d
<LI><a href="#[134]">&gt;&gt;</a>&nbsp;&nbsp;&nbsp;__aeabi_d2f
<LI><a href="#[367]">&gt;&gt;</a>&nbsp;&nbsp;&nbsp;GUI_MakeBilinearXRGB8888ii
<LI><a href="#[368]">&gt;&gt;</a>&nbsp;&nbsp;&nbsp;GUI_MakeBilinearARGB8888ii
<LI><a href="#[64]">&gt;&gt;</a>&nbsp;&nbsp;&nbsp;__set_pixel_ARGB
<LI><a href="#[61]">&gt;&gt;</a>&nbsp;&nbsp;&nbsp;__set_pixel
<LI><a href="#[72]">&gt;&gt;</a>&nbsp;&nbsp;&nbsp;__draw_bitmap_ARGB4444
<LI><a href="#[31d]">&gt;&gt;</a>&nbsp;&nbsp;&nbsp;sin
<LI><a href="#[31e]">&gt;&gt;</a>&nbsp;&nbsp;&nbsp;cos
</UL>
<BR>[Address Reference Count : 1]<UL><LI> gl_mem_16bpp.o(i.GL_MEM_16BPP_Init)
</UL>
<P><STRONG><a name="[7a]"></a>__scale_bitmap</STRONG> (Thumb, 888 bytes, Stack size 96 bytes, gl_mem_16bpp.o(i.__scale_bitmap))
<BR><BR>[Stack]<UL><LI>Max Depth = 144<LI>Call Chain = __scale_bitmap &rArr; __blend_argb
</UL>
<BR>[Calls]<UL><LI><a href="#[36a]">&gt;&gt;</a>&nbsp;&nbsp;&nbsp;GPU_ScaleBitmap
<LI><a href="#[367]">&gt;&gt;</a>&nbsp;&nbsp;&nbsp;GUI_MakeBilinearXRGB8888ii
<LI><a href="#[368]">&gt;&gt;</a>&nbsp;&nbsp;&nbsp;GUI_MakeBilinearARGB8888ii
<LI><a href="#[346]">&gt;&gt;</a>&nbsp;&nbsp;&nbsp;__blend_argb
</UL>
<BR>[Address Reference Count : 1]<UL><LI> gl_mem_16bpp.o(i.GL_MEM_16BPP_Init)
</UL>
<P><STRONG><a name="[61]"></a>__set_pixel</STRONG> (Thumb, 18 bytes, Stack size 16 bytes, gl_mem_16bpp.o(i.__set_pixel))
<BR><BR>[Stack]<UL><LI>Max Depth = 16<LI>Call Chain = __set_pixel
</UL>
<BR>[Called By]<UL><LI><a href="#[7b]">&gt;&gt;</a>&nbsp;&nbsp;&nbsp;__rotate_bitmap
</UL>
<BR>[Address Reference Count : 1]<UL><LI> gl_mem_16bpp.o(i.GL_MEM_16BPP_Init)
</UL>
<P><STRONG><a name="[64]"></a>__set_pixel_ARGB</STRONG> (Thumb, 74 bytes, Stack size 48 bytes, gl_mem_16bpp.o(i.__set_pixel_ARGB))
<BR><BR>[Stack]<UL><LI>Max Depth = 96<LI>Call Chain = __set_pixel_ARGB &rArr; __blend_argb
</UL>
<BR>[Calls]<UL><LI><a href="#[346]">&gt;&gt;</a>&nbsp;&nbsp;&nbsp;__blend_argb
</UL>
<BR>[Called By]<UL><LI><a href="#[7b]">&gt;&gt;</a>&nbsp;&nbsp;&nbsp;__rotate_bitmap
</UL>
<BR>[Address Reference Count : 1]<UL><LI> gl_mem_16bpp.o(i.GL_MEM_16BPP_Init)
</UL>
<P><STRONG><a name="[60]"></a>__set_pos</STRONG> (Thumb, 18 bytes, Stack size 8 bytes, gl_mem_16bpp.o(i.__set_pos))
<BR><BR>[Stack]<UL><LI>Max Depth = 8<LI>Call Chain = __set_pos
</UL>
<BR>[Address Reference Count : 1]<UL><LI> gl_mem_16bpp.o(i.GL_MEM_16BPP_Init)
</UL>
<P><STRONG><a name="[63]"></a>__xor_pixel</STRONG> (Thumb, 26 bytes, Stack size 12 bytes, gl_mem_16bpp.o(i.__xor_pixel))
<BR><BR>[Stack]<UL><LI>Max Depth = 12<LI>Call Chain = __xor_pixel
</UL>
<BR>[Address Reference Count : 1]<UL><LI> gl_mem_16bpp.o(i.GL_MEM_16BPP_Init)
</UL>
<P><STRONG><a name="[349]"></a>__alpha_blend_value</STRONG> (Thumb, 14 bytes, Stack size 0 bytes, gl_mem_32bpp.o(i.__alpha_blend_value))
<BR><BR>[Called By]<UL><LI><a href="#[348]">&gt;&gt;</a>&nbsp;&nbsp;&nbsp;__blend_argb
</UL>

<P><STRONG><a name="[348]"></a>__blend_argb</STRONG> (Thumb, 198 bytes, Stack size 48 bytes, gl_mem_32bpp.o(i.__blend_argb))
<BR><BR>[Stack]<UL><LI>Max Depth = 48<LI>Call Chain = __blend_argb
</UL>
<BR>[Calls]<UL><LI><a href="#[349]">&gt;&gt;</a>&nbsp;&nbsp;&nbsp;__alpha_blend_value
</UL>
<BR>[Called By]<UL><LI><a href="#[80]">&gt;&gt;</a>&nbsp;&nbsp;&nbsp;__set_pixel_ARGB
<LI><a href="#[96]">&gt;&gt;</a>&nbsp;&nbsp;&nbsp;__scale_bitmap
<LI><a href="#[84]">&gt;&gt;</a>&nbsp;&nbsp;&nbsp;__fill_rect_ARGB
<LI><a href="#[91]">&gt;&gt;</a>&nbsp;&nbsp;&nbsp;__draw_bitmap_ARGB8888
<LI><a href="#[8e]">&gt;&gt;</a>&nbsp;&nbsp;&nbsp;__draw_bitmap_ARGB4444
<LI><a href="#[95]">&gt;&gt;</a>&nbsp;&nbsp;&nbsp;__draw_bitmap_AL8
<LI><a href="#[94]">&gt;&gt;</a>&nbsp;&nbsp;&nbsp;__draw_bitmap_AL4
<LI><a href="#[93]">&gt;&gt;</a>&nbsp;&nbsp;&nbsp;__draw_bitmap_AL2
</UL>

<P><STRONG><a name="[85]"></a>__copy_bits</STRONG> (Thumb, 92 bytes, Stack size 64 bytes, gl_mem_32bpp.o(i.__copy_bits))
<BR><BR>[Stack]<UL><LI>Max Depth = 72<LI>Call Chain = __copy_bits &rArr; __aeabi_memcpy
</UL>
<BR>[Calls]<UL><LI><a href="#[34a]">&gt;&gt;</a>&nbsp;&nbsp;&nbsp;GPU_CopyBits
<LI><a href="#[1f5]">&gt;&gt;</a>&nbsp;&nbsp;&nbsp;__aeabi_memcpy
</UL>
<BR>[Address Reference Count : 1]<UL><LI> gl_mem_32bpp.o(i.GL_MEM_32BPP_Init)
</UL>
<P><STRONG><a name="[92]"></a>__draw_bitmap_AL1</STRONG> (Thumb, 324 bytes, Stack size 36 bytes, gl_mem_32bpp.o(i.__draw_bitmap_AL1))
<BR><BR>[Stack]<UL><LI>Max Depth = 36<LI>Call Chain = __draw_bitmap_AL1
</UL>
<BR>[Address Reference Count : 1]<UL><LI> gl_mem_32bpp.o(i.GL_MEM_32BPP_Init)
</UL>
<P><STRONG><a name="[93]"></a>__draw_bitmap_AL2</STRONG> (Thumb, 416 bytes, Stack size 80 bytes, gl_mem_32bpp.o(i.__draw_bitmap_AL2))
<BR><BR>[Stack]<UL><LI>Max Depth = 128<LI>Call Chain = __draw_bitmap_AL2 &rArr; __blend_argb
</UL>
<BR>[Calls]<UL><LI><a href="#[348]">&gt;&gt;</a>&nbsp;&nbsp;&nbsp;__blend_argb
</UL>
<BR>[Address Reference Count : 1]<UL><LI> gl_mem_32bpp.o(i.GL_MEM_32BPP_Init)
</UL>
<P><STRONG><a name="[94]"></a>__draw_bitmap_AL4</STRONG> (Thumb, 252 bytes, Stack size 72 bytes, gl_mem_32bpp.o(i.__draw_bitmap_AL4))
<BR><BR>[Stack]<UL><LI>Max Depth = 120<LI>Call Chain = __draw_bitmap_AL4 &rArr; __blend_argb
</UL>
<BR>[Calls]<UL><LI><a href="#[348]">&gt;&gt;</a>&nbsp;&nbsp;&nbsp;__blend_argb
</UL>
<BR>[Address Reference Count : 1]<UL><LI> gl_mem_32bpp.o(i.GL_MEM_32BPP_Init)
</UL>
<P><STRONG><a name="[95]"></a>__draw_bitmap_AL8</STRONG> (Thumb, 134 bytes, Stack size 56 bytes, gl_mem_32bpp.o(i.__draw_bitmap_AL8))
<BR><BR>[Stack]<UL><LI>Max Depth = 104<LI>Call Chain = __draw_bitmap_AL8 &rArr; __blend_argb
</UL>
<BR>[Calls]<UL><LI><a href="#[348]">&gt;&gt;</a>&nbsp;&nbsp;&nbsp;__blend_argb
</UL>
<BR>[Address Reference Count : 1]<UL><LI> gl_mem_32bpp.o(i.GL_MEM_32BPP_Init)
</UL>
<P><STRONG><a name="[8d]"></a>__draw_bitmap_ARGB1555</STRONG> (Thumb, 134 bytes, Stack size 80 bytes, gl_mem_32bpp.o(i.__draw_bitmap_ARGB1555))
<BR><BR>[Stack]<UL><LI>Max Depth = 80<LI>Call Chain = __draw_bitmap_ARGB1555
</UL>
<BR>[Calls]<UL><LI><a href="#[34d]">&gt;&gt;</a>&nbsp;&nbsp;&nbsp;GPU_DrawBitmap
</UL>
<BR>[Address Reference Count : 1]<UL><LI> gl_mem_32bpp.o(i.GL_MEM_32BPP_Init)
</UL>
<P><STRONG><a name="[8e]"></a>__draw_bitmap_ARGB4444</STRONG> (Thumb, 194 bytes, Stack size 96 bytes, gl_mem_32bpp.o(i.__draw_bitmap_ARGB4444))
<BR><BR>[Stack]<UL><LI>Max Depth = 144<LI>Call Chain = __draw_bitmap_ARGB4444 &rArr; __blend_argb
</UL>
<BR>[Calls]<UL><LI><a href="#[34d]">&gt;&gt;</a>&nbsp;&nbsp;&nbsp;GPU_DrawBitmap
<LI><a href="#[348]">&gt;&gt;</a>&nbsp;&nbsp;&nbsp;__blend_argb
<LI><a href="#[ef]">&gt;&gt;</a>&nbsp;&nbsp;&nbsp;ARGB4444_GetARGB
</UL>
<BR>[Called By]<UL><LI><a href="#[97]">&gt;&gt;</a>&nbsp;&nbsp;&nbsp;__rotate_bitmap
</UL>
<BR>[Address Reference Count : 1]<UL><LI> gl_mem_32bpp.o(i.GL_MEM_32BPP_Init)
</UL>
<P><STRONG><a name="[91]"></a>__draw_bitmap_ARGB8888</STRONG> (Thumb, 198 bytes, Stack size 80 bytes, gl_mem_32bpp.o(i.__draw_bitmap_ARGB8888))
<BR><BR>[Stack]<UL><LI>Max Depth = 128<LI>Call Chain = __draw_bitmap_ARGB8888 &rArr; __blend_argb
</UL>
<BR>[Calls]<UL><LI><a href="#[34d]">&gt;&gt;</a>&nbsp;&nbsp;&nbsp;GPU_DrawBitmap
<LI><a href="#[348]">&gt;&gt;</a>&nbsp;&nbsp;&nbsp;__blend_argb
</UL>
<BR>[Address Reference Count : 1]<UL><LI> gl_mem_32bpp.o(i.GL_MEM_32BPP_Init)
</UL>
<P><STRONG><a name="[86]"></a>__draw_bitmap_LUT1</STRONG> (Thumb, 342 bytes, Stack size 52 bytes, gl_mem_32bpp.o(i.__draw_bitmap_LUT1))
<BR><BR>[Stack]<UL><LI>Max Depth = 52<LI>Call Chain = __draw_bitmap_LUT1
</UL>
<BR>[Address Reference Count : 1]<UL><LI> gl_mem_32bpp.o(i.GL_MEM_32BPP_Init)
</UL>
<P><STRONG><a name="[87]"></a>__draw_bitmap_LUT2</STRONG> (Thumb, 10 bytes, Stack size 20 bytes, gl_mem_32bpp.o(i.__draw_bitmap_LUT2))
<BR><BR>[Stack]<UL><LI>Max Depth = 20<LI>Call Chain = __draw_bitmap_LUT2
</UL>
<BR>[Address Reference Count : 1]<UL><LI> gl_mem_32bpp.o(i.GL_MEM_32BPP_Init)
</UL>
<P><STRONG><a name="[88]"></a>__draw_bitmap_LUT4</STRONG> (Thumb, 134 bytes, Stack size 36 bytes, gl_mem_32bpp.o(i.__draw_bitmap_LUT4))
<BR><BR>[Stack]<UL><LI>Max Depth = 36<LI>Call Chain = __draw_bitmap_LUT4
</UL>
<BR>[Address Reference Count : 1]<UL><LI> gl_mem_32bpp.o(i.GL_MEM_32BPP_Init)
</UL>
<P><STRONG><a name="[89]"></a>__draw_bitmap_LUT8</STRONG> (Thumb, 76 bytes, Stack size 36 bytes, gl_mem_32bpp.o(i.__draw_bitmap_LUT8))
<BR><BR>[Stack]<UL><LI>Max Depth = 36<LI>Call Chain = __draw_bitmap_LUT8
</UL>
<BR>[Address Reference Count : 1]<UL><LI> gl_mem_32bpp.o(i.GL_MEM_32BPP_Init)
</UL>
<P><STRONG><a name="[8a]"></a>__draw_bitmap_RGB332</STRONG> (Thumb, 134 bytes, Stack size 64 bytes, gl_mem_32bpp.o(i.__draw_bitmap_RGB332))
<BR><BR>[Stack]<UL><LI>Max Depth = 64<LI>Call Chain = __draw_bitmap_RGB332
</UL>
<BR>[Calls]<UL><LI><a href="#[34d]">&gt;&gt;</a>&nbsp;&nbsp;&nbsp;GPU_DrawBitmap
</UL>
<BR>[Address Reference Count : 1]<UL><LI> gl_mem_32bpp.o(i.GL_MEM_32BPP_Init)
</UL>
<P><STRONG><a name="[8b]"></a>__draw_bitmap_RGB565</STRONG> (Thumb, 134 bytes, Stack size 64 bytes, gl_mem_32bpp.o(i.__draw_bitmap_RGB565))
<BR><BR>[Stack]<UL><LI>Max Depth = 64<LI>Call Chain = __draw_bitmap_RGB565
</UL>
<BR>[Calls]<UL><LI><a href="#[34d]">&gt;&gt;</a>&nbsp;&nbsp;&nbsp;GPU_DrawBitmap
</UL>
<BR>[Address Reference Count : 1]<UL><LI> gl_mem_32bpp.o(i.GL_MEM_32BPP_Init)
</UL>
<P><STRONG><a name="[8f]"></a>__draw_bitmap_RGB888</STRONG> (Thumb, 162 bytes, Stack size 72 bytes, gl_mem_32bpp.o(i.__draw_bitmap_RGB888))
<BR><BR>[Stack]<UL><LI>Max Depth = 72<LI>Call Chain = __draw_bitmap_RGB888
</UL>
<BR>[Calls]<UL><LI><a href="#[34d]">&gt;&gt;</a>&nbsp;&nbsp;&nbsp;GPU_DrawBitmap
</UL>
<BR>[Address Reference Count : 1]<UL><LI> gl_mem_32bpp.o(i.GL_MEM_32BPP_Init)
</UL>
<P><STRONG><a name="[8c]"></a>__draw_bitmap_XRGB1555</STRONG> (Thumb, 134 bytes, Stack size 64 bytes, gl_mem_32bpp.o(i.__draw_bitmap_XRGB1555))
<BR><BR>[Stack]<UL><LI>Max Depth = 64<LI>Call Chain = __draw_bitmap_XRGB1555
</UL>
<BR>[Calls]<UL><LI><a href="#[34d]">&gt;&gt;</a>&nbsp;&nbsp;&nbsp;GPU_DrawBitmap
</UL>
<BR>[Address Reference Count : 1]<UL><LI> gl_mem_32bpp.o(i.GL_MEM_32BPP_Init)
</UL>
<P><STRONG><a name="[90]"></a>__draw_bitmap_XRGB8888</STRONG> (Thumb, 220 bytes, Stack size 56 bytes, gl_mem_32bpp.o(i.__draw_bitmap_XRGB8888))
<BR><BR>[Stack]<UL><LI>Max Depth = 64<LI>Call Chain = __draw_bitmap_XRGB8888 &rArr; __aeabi_memcpy
</UL>
<BR>[Calls]<UL><LI><a href="#[34d]">&gt;&gt;</a>&nbsp;&nbsp;&nbsp;GPU_DrawBitmap
<LI><a href="#[1f5]">&gt;&gt;</a>&nbsp;&nbsp;&nbsp;__aeabi_memcpy
</UL>
<BR>[Address Reference Count : 1]<UL><LI> gl_mem_32bpp.o(i.GL_MEM_32BPP_Init)
</UL>
<P><STRONG><a name="[81]"></a>__draw_hline</STRONG> (Thumb, 42 bytes, Stack size 32 bytes, gl_mem_32bpp.o(i.__draw_hline))
<BR><BR>[Stack]<UL><LI>Max Depth = 40<LI>Call Chain = __draw_hline &rArr; GUI_memset32
</UL>
<BR>[Calls]<UL><LI><a href="#[351]">&gt;&gt;</a>&nbsp;&nbsp;&nbsp;GUI_memset32
</UL>
<BR>[Address Reference Count : 1]<UL><LI> gl_mem_32bpp.o(i.GL_MEM_32BPP_Init)
</UL>
<P><STRONG><a name="[82]"></a>__draw_vline</STRONG> (Thumb, 46 bytes, Stack size 32 bytes, gl_mem_32bpp.o(i.__draw_vline))
<BR><BR>[Stack]<UL><LI>Max Depth = 44<LI>Call Chain = __draw_vline &rArr; GUI_memset32_step
</UL>
<BR>[Calls]<UL><LI><a href="#[354]">&gt;&gt;</a>&nbsp;&nbsp;&nbsp;GUI_memset32_step
</UL>
<BR>[Address Reference Count : 1]<UL><LI> gl_mem_32bpp.o(i.GL_MEM_32BPP_Init)
</UL>
<P><STRONG><a name="[83]"></a>__fill_rect</STRONG> (Thumb, 84 bytes, Stack size 48 bytes, gl_mem_32bpp.o(i.__fill_rect))
<BR><BR>[Stack]<UL><LI>Max Depth = 56<LI>Call Chain = __fill_rect &rArr; GUI_memset32
</UL>
<BR>[Calls]<UL><LI><a href="#[355]">&gt;&gt;</a>&nbsp;&nbsp;&nbsp;GPU_FillRect
<LI><a href="#[351]">&gt;&gt;</a>&nbsp;&nbsp;&nbsp;GUI_memset32
</UL>
<BR>[Address Reference Count : 1]<UL><LI> gl_mem_32bpp.o(i.GL_MEM_32BPP_Init)
</UL>
<P><STRONG><a name="[84]"></a>__fill_rect_ARGB</STRONG> (Thumb, 118 bytes, Stack size 64 bytes, gl_mem_32bpp.o(i.__fill_rect_ARGB))
<BR><BR>[Stack]<UL><LI>Max Depth = 112<LI>Call Chain = __fill_rect_ARGB &rArr; __blend_argb
</UL>
<BR>[Calls]<UL><LI><a href="#[356]">&gt;&gt;</a>&nbsp;&nbsp;&nbsp;GPU_FillRectARGB
<LI><a href="#[348]">&gt;&gt;</a>&nbsp;&nbsp;&nbsp;__blend_argb
</UL>
<BR>[Address Reference Count : 1]<UL><LI> gl_mem_32bpp.o(i.GL_MEM_32BPP_Init)
</UL>
<P><STRONG><a name="[7e]"></a>__get_pixel</STRONG> (Thumb, 20 bytes, Stack size 12 bytes, gl_mem_32bpp.o(i.__get_pixel))
<BR><BR>[Stack]<UL><LI>Max Depth = 12<LI>Call Chain = __get_pixel
</UL>
<BR>[Address Reference Count : 1]<UL><LI> gl_mem_32bpp.o(i.GL_MEM_32BPP_Init)
</UL>
<P><STRONG><a name="[97]"></a>__rotate_bitmap</STRONG> (Thumb, 2130 bytes, Stack size 184 bytes, gl_mem_32bpp.o(i.__rotate_bitmap))
<BR><BR>[Stack]<UL><LI>Max Depth = 432<LI>Call Chain = __rotate_bitmap &rArr; sin &rArr; __hardfp_sin &rArr; __ieee754_rem_pio2 &rArr; __aeabi_dsub &rArr; __aeabi_dadd &rArr; _double_epilogue &rArr; _double_round
</UL>
<BR>[Calls]<UL><LI><a href="#[127]">&gt;&gt;</a>&nbsp;&nbsp;&nbsp;__aeabi_fdiv
<LI><a href="#[130]">&gt;&gt;</a>&nbsp;&nbsp;&nbsp;__aeabi_i2f
<LI><a href="#[30f]">&gt;&gt;</a>&nbsp;&nbsp;&nbsp;__aeabi_fmul
<LI><a href="#[323]">&gt;&gt;</a>&nbsp;&nbsp;&nbsp;__aeabi_f2iz
<LI><a href="#[31c]">&gt;&gt;</a>&nbsp;&nbsp;&nbsp;__aeabi_f2d
<LI><a href="#[134]">&gt;&gt;</a>&nbsp;&nbsp;&nbsp;__aeabi_d2f
<LI><a href="#[367]">&gt;&gt;</a>&nbsp;&nbsp;&nbsp;GUI_MakeBilinearXRGB8888ii
<LI><a href="#[368]">&gt;&gt;</a>&nbsp;&nbsp;&nbsp;GUI_MakeBilinearARGB8888ii
<LI><a href="#[80]">&gt;&gt;</a>&nbsp;&nbsp;&nbsp;__set_pixel_ARGB
<LI><a href="#[7d]">&gt;&gt;</a>&nbsp;&nbsp;&nbsp;__set_pixel
<LI><a href="#[8e]">&gt;&gt;</a>&nbsp;&nbsp;&nbsp;__draw_bitmap_ARGB4444
<LI><a href="#[31d]">&gt;&gt;</a>&nbsp;&nbsp;&nbsp;sin
<LI><a href="#[31e]">&gt;&gt;</a>&nbsp;&nbsp;&nbsp;cos
</UL>
<BR>[Address Reference Count : 1]<UL><LI> gl_mem_32bpp.o(i.GL_MEM_32BPP_Init)
</UL>
<P><STRONG><a name="[96]"></a>__scale_bitmap</STRONG> (Thumb, 922 bytes, Stack size 104 bytes, gl_mem_32bpp.o(i.__scale_bitmap))
<BR><BR>[Stack]<UL><LI>Max Depth = 152<LI>Call Chain = __scale_bitmap &rArr; __blend_argb
</UL>
<BR>[Calls]<UL><LI><a href="#[36a]">&gt;&gt;</a>&nbsp;&nbsp;&nbsp;GPU_ScaleBitmap
<LI><a href="#[367]">&gt;&gt;</a>&nbsp;&nbsp;&nbsp;GUI_MakeBilinearXRGB8888ii
<LI><a href="#[368]">&gt;&gt;</a>&nbsp;&nbsp;&nbsp;GUI_MakeBilinearARGB8888ii
<LI><a href="#[348]">&gt;&gt;</a>&nbsp;&nbsp;&nbsp;__blend_argb
</UL>
<BR>[Address Reference Count : 1]<UL><LI> gl_mem_32bpp.o(i.GL_MEM_32BPP_Init)
</UL>
<P><STRONG><a name="[7d]"></a>__set_pixel</STRONG> (Thumb, 18 bytes, Stack size 16 bytes, gl_mem_32bpp.o(i.__set_pixel))
<BR><BR>[Stack]<UL><LI>Max Depth = 16<LI>Call Chain = __set_pixel
</UL>
<BR>[Called By]<UL><LI><a href="#[97]">&gt;&gt;</a>&nbsp;&nbsp;&nbsp;__rotate_bitmap
</UL>
<BR>[Address Reference Count : 1]<UL><LI> gl_mem_32bpp.o(i.GL_MEM_32BPP_Init)
</UL>
<P><STRONG><a name="[80]"></a>__set_pixel_ARGB</STRONG> (Thumb, 74 bytes, Stack size 48 bytes, gl_mem_32bpp.o(i.__set_pixel_ARGB))
<BR><BR>[Stack]<UL><LI>Max Depth = 96<LI>Call Chain = __set_pixel_ARGB &rArr; __blend_argb
</UL>
<BR>[Calls]<UL><LI><a href="#[348]">&gt;&gt;</a>&nbsp;&nbsp;&nbsp;__blend_argb
</UL>
<BR>[Called By]<UL><LI><a href="#[97]">&gt;&gt;</a>&nbsp;&nbsp;&nbsp;__rotate_bitmap
</UL>
<BR>[Address Reference Count : 1]<UL><LI> gl_mem_32bpp.o(i.GL_MEM_32BPP_Init)
</UL>
<P><STRONG><a name="[7c]"></a>__set_pos</STRONG> (Thumb, 18 bytes, Stack size 8 bytes, gl_mem_32bpp.o(i.__set_pos))
<BR><BR>[Stack]<UL><LI>Max Depth = 8<LI>Call Chain = __set_pos
</UL>
<BR>[Address Reference Count : 1]<UL><LI> gl_mem_32bpp.o(i.GL_MEM_32BPP_Init)
</UL>
<P><STRONG><a name="[7f]"></a>__xor_pixel</STRONG> (Thumb, 22 bytes, Stack size 12 bytes, gl_mem_32bpp.o(i.__xor_pixel))
<BR><BR>[Stack]<UL><LI>Max Depth = 12<LI>Call Chain = __xor_pixel
</UL>
<BR>[Address Reference Count : 1]<UL><LI> gl_mem_32bpp.o(i.GL_MEM_32BPP_Init)
</UL>
<P><STRONG><a name="[1ec]"></a>_Bitblt_SRCCOPY</STRONG> (Thumb, 74 bytes, Stack size 56 bytes, gl_bitblt.o(i._Bitblt_SRCCOPY))
<BR><BR>[Stack]<UL><LI>Max Depth = 64<LI>Call Chain = _Bitblt_SRCCOPY &rArr; bitblt_init
</UL>
<BR>[Calls]<UL><LI><a href="#[30c]">&gt;&gt;</a>&nbsp;&nbsp;&nbsp;bitblt_init
</UL>
<BR>[Called By]<UL><LI><a href="#[154]">&gt;&gt;</a>&nbsp;&nbsp;&nbsp;GL_BitBlt
</UL>

<P><STRONG><a name="[30c]"></a>bitblt_init</STRONG> (Thumb, 86 bytes, Stack size 8 bytes, gl_bitblt.o(i.bitblt_init))
<BR><BR>[Stack]<UL><LI>Max Depth = 8<LI>Call Chain = bitblt_init
</UL>
<BR>[Called By]<UL><LI><a href="#[1ec]">&gt;&gt;</a>&nbsp;&nbsp;&nbsp;_Bitblt_SRCCOPY
</UL>

<P><STRONG><a name="[342]"></a>_printf_core</STRONG> (Thumb, 984 bytes, Stack size 104 bytes, printf8.o(i._printf_core), UNUSED)
<BR><BR>[Calls]<UL><LI><a href="#[376]">&gt;&gt;</a>&nbsp;&nbsp;&nbsp;_printf_pre_padding
<LI><a href="#[377]">&gt;&gt;</a>&nbsp;&nbsp;&nbsp;_printf_post_padding
<LI><a href="#[11c]">&gt;&gt;</a>&nbsp;&nbsp;&nbsp;__aeabi_uldivmod
</UL>
<BR>[Called By]<UL><LI><a href="#[343]">&gt;&gt;</a>&nbsp;&nbsp;&nbsp;__0sprintf$8
<LI><a href="#[341]">&gt;&gt;</a>&nbsp;&nbsp;&nbsp;__0printf$8
</UL>

<P><STRONG><a name="[377]"></a>_printf_post_padding</STRONG> (Thumb, 36 bytes, Stack size 24 bytes, printf8.o(i._printf_post_padding), UNUSED)
<BR><BR>[Called By]<UL><LI><a href="#[342]">&gt;&gt;</a>&nbsp;&nbsp;&nbsp;_printf_core
</UL>

<P><STRONG><a name="[376]"></a>_printf_pre_padding</STRONG> (Thumb, 46 bytes, Stack size 24 bytes, printf8.o(i._printf_pre_padding), UNUSED)
<BR><BR>[Called By]<UL><LI><a href="#[342]">&gt;&gt;</a>&nbsp;&nbsp;&nbsp;_printf_core
</UL>

<P><STRONG><a name="[d4]"></a>_sputc</STRONG> (Thumb, 10 bytes, Stack size 0 bytes, printf8.o(i._sputc))
<BR><BR>[Called By]<UL><LI><a href="#[343]">&gt;&gt;</a>&nbsp;&nbsp;&nbsp;__0sprintf$8
</UL>
<BR>[Address Reference Count : 1]<UL><LI> printf8.o(i.__0sprintf$8)
</UL><P>
<H3>
Undefined Global Symbols
</H3><HR></body></html>
