<!doctype html public "-//w3c//dtd html 4.0 transitional//en">
<html><head>
<title>Static Call Graph - [..\..\Output\SmartLED.axf]</title></head>
<body><HR>
<H1>Static Call Graph for image ..\..\Output\SmartLED.axf</H1><HR>
<BR><P>#&#060CALLGRAPH&#062# ARM Linker, 5060960: Last Updated: Fri Jun 26 13:39:08 2026
<BR><P>
<H3>Maximum Stack Usage =       2956 bytes + Unknown(Cycles, Untraceable Function Pointers)</H3><H3>
Call chain for Maximum Stack Depth:</H3>
win_proc &rArr; App_FLASH_Writer &rArr; BurnFile &rArr; Burn_Content &rArr; Read_CatalogInfo &rArr; f_open &rArr; dir_register &rArr; dir_find &rArr; dir_next &rArr; create_chain &rArr; put_fat &rArr; move_window &rArr; sync_window &rArr; disk_write &rArr;  disk_write (Cycle)
<P>
<H3>
Mutually Recursive functions
</H3> <LI><a href="#[2f]">CAN1_RX0_IRQHandler</a>&nbsp;&nbsp;&nbsp;&rArr;&nbsp;&nbsp;&nbsp;<a href="#[2f]">CAN1_RX0_IRQHandler</a><BR>
 <LI><a href="#[15]">BusFault_Handler</a>&nbsp;&nbsp;&nbsp;&rArr;&nbsp;&nbsp;&nbsp;<a href="#[15]">BusFault_Handler</a><BR>
 <LI><a href="#[2fe]">_InvalidateAndChild</a>&nbsp;&nbsp;&nbsp;&rArr;&nbsp;&nbsp;&nbsp;<a href="#[1db]">InvalidateRect</a><BR>
 <LI><a href="#[1d9]">_SetWindowClipFlag</a>&nbsp;&nbsp;&nbsp;&rArr;&nbsp;&nbsp;&nbsp;<a href="#[1d9]">_SetWindowClipFlag</a><BR>
 <LI><a href="#[3bb]">_RedrawWindow</a>&nbsp;&nbsp;&nbsp;&rArr;&nbsp;&nbsp;&nbsp;<a href="#[3bb]">_RedrawWindow</a><BR>
 <LI><a href="#[388]">_PaintWindow</a>&nbsp;&nbsp;&nbsp;&rArr;&nbsp;&nbsp;&nbsp;<a href="#[388]">_PaintWindow</a><BR>
 <LI><a href="#[3b5]">_EndPaintTransWindowNC</a>&nbsp;&nbsp;&nbsp;&rArr;&nbsp;&nbsp;&nbsp;<a href="#[388]">_PaintWindow</a><BR>
 <LI><a href="#[3cc]">_SendMessage_WM_SIZE_AllChild</a>&nbsp;&nbsp;&nbsp;&rArr;&nbsp;&nbsp;&nbsp;<a href="#[3cc]">_SendMessage_WM_SIZE_AllChild</a><BR>
 <LI><a href="#[3cb]">_SendMessage_WM_MOVE_AllChild</a>&nbsp;&nbsp;&nbsp;&rArr;&nbsp;&nbsp;&nbsp;<a href="#[3cb]">_SendMessage_WM_MOVE_AllChild</a><BR>
 <LI><a href="#[3c0]">_OffsetWindowRect</a>&nbsp;&nbsp;&nbsp;&rArr;&nbsp;&nbsp;&nbsp;<a href="#[3c0]">_OffsetWindowRect</a><BR>
 <LI><a href="#[14]">MemManage_Handler</a>&nbsp;&nbsp;&nbsp;&rArr;&nbsp;&nbsp;&nbsp;<a href="#[14]">MemManage_Handler</a><BR>
 <LI><a href="#[16]">UsageFault_Handler</a>&nbsp;&nbsp;&nbsp;&rArr;&nbsp;&nbsp;&nbsp;<a href="#[16]">UsageFault_Handler</a><BR>
 <LI><a href="#[468]">disk_write</a>&nbsp;&nbsp;&nbsp;&rArr;&nbsp;&nbsp;&nbsp;<a href="#[468]">disk_write</a><BR>
 <LI><a href="#[467]">disk_read</a>&nbsp;&nbsp;&nbsp;&rArr;&nbsp;&nbsp;&nbsp;<a href="#[467]">disk_read</a><BR>
 <LI><a href="#[2d3]">_GetWindowFromPoint</a>&nbsp;&nbsp;&nbsp;&rArr;&nbsp;&nbsp;&nbsp;<a href="#[2d3]">_GetWindowFromPoint</a><BR>
 <LI><a href="#[1f8]">DestroyWindow</a>&nbsp;&nbsp;&nbsp;&rArr;&nbsp;&nbsp;&nbsp;<a href="#[1f8]">DestroyWindow</a><BR>
 <LI><a href="#[447]">color_tree_cleanup</a>&nbsp;&nbsp;&nbsp;&rArr;&nbsp;&nbsp;&nbsp;<a href="#[447]">color_tree_cleanup</a><BR>
 <LI><a href="#[19d]">Make_Catalog</a>&nbsp;&nbsp;&nbsp;&rArr;&nbsp;&nbsp;&nbsp;<a href="#[19d]">Make_Catalog</a><BR>
 <LI><a href="#[3f6]">x_obj_del</a>&nbsp;&nbsp;&nbsp;&rArr;&nbsp;&nbsp;&nbsp;<a href="#[3f6]">x_obj_del</a><BR>
</UL>
<P>
<H3>
Function Pointers
</H3><UL>
 <LI><a href="#[2d]">ADC_IRQHandler</a> from stm32f4xx_it.o(i.ADC_IRQHandler) referenced from startup_stm32f40xx.o(RESET)
 <LI><a href="#[10c]">ARGB4444_GetARGB</a> from surface_argb4444.o(i.ARGB4444_GetARGB) referenced from surface_argb4444.o(.constdata)
 <LI><a href="#[10b]">ARGB4444_GetRGB</a> from surface_argb4444.o(i.ARGB4444_GetRGB) referenced from surface_argb4444.o(.constdata)
 <LI><a href="#[10a]">ARGB4444_MapARGB</a> from surface_argb4444.o(i.ARGB4444_MapARGB) referenced from surface_argb4444.o(.constdata)
 <LI><a href="#[103]">ARGB4444_MapARGB1555</a> from surface_argb4444.o(i.ARGB4444_MapARGB1555) referenced from surface_argb4444.o(.constdata)
 <LI><a href="#[105]">ARGB4444_MapARGB4444</a> from surface_argb4444.o(i.ARGB4444_MapARGB4444) referenced from surface_argb4444.o(.constdata)
 <LI><a href="#[107]">ARGB4444_MapARGB8888</a> from surface_argb4444.o(i.ARGB4444_MapARGB8888) referenced from surface_argb4444.o(.constdata)
 <LI><a href="#[109]">ARGB4444_MapRGB</a> from surface_argb4444.o(i.ARGB4444_MapRGB) referenced from surface_argb4444.o(.constdata)
 <LI><a href="#[100]">ARGB4444_MapRGB332</a> from surface_argb4444.o(i.ARGB4444_MapRGB332) referenced from surface_argb4444.o(.constdata)
 <LI><a href="#[101]">ARGB4444_MapRGB565</a> from surface_argb4444.o(i.ARGB4444_MapRGB565) referenced from surface_argb4444.o(.constdata)
 <LI><a href="#[102]">ARGB4444_MapXRGB1555</a> from surface_argb4444.o(i.ARGB4444_MapXRGB1555) referenced from surface_argb4444.o(.constdata)
 <LI><a href="#[104]">ARGB4444_MapXRGB4444</a> from surface_argb4444.o(i.ARGB4444_MapXRGB4444) referenced from surface_argb4444.o(.constdata)
 <LI><a href="#[106]">ARGB4444_MapXRGB8888</a> from surface_argb4444.o(i.ARGB4444_MapXRGB8888) referenced from surface_argb4444.o(.constdata)
 <LI><a href="#[108]">ARGB4444_ToARGB</a> from surface_argb4444.o(i.ARGB4444_ToARGB) referenced from surface_argb4444.o(.constdata)
 <LI><a href="#[70]">App_FLASH_Writer</a> from gui_res_writer_dialog.o(i.App_FLASH_Writer) referenced from gui_res_writer_dialog.o(i.App_FLASH_Writer)
 <LI><a href="#[f3]">App_Load_Res</a> from gui_boot_interface_dialog.o(i.App_Load_Res) referenced from gui_boot_interface_dialog.o(i.win_proc)
 <LI><a href="#[15]">BusFault_Handler</a> from stm32f4xx_it.o(i.BusFault_Handler) referenced from startup_stm32f40xx.o(RESET)
 <LI><a href="#[2f]">CAN1_RX0_IRQHandler</a> from startup_stm32f40xx.o(.text) referenced from startup_stm32f40xx.o(RESET)
 <LI><a href="#[30]">CAN1_RX1_IRQHandler</a> from startup_stm32f40xx.o(.text) referenced from startup_stm32f40xx.o(RESET)
 <LI><a href="#[31]">CAN1_SCE_IRQHandler</a> from startup_stm32f40xx.o(.text) referenced from startup_stm32f40xx.o(RESET)
 <LI><a href="#[2e]">CAN1_TX_IRQHandler</a> from startup_stm32f40xx.o(.text) referenced from startup_stm32f40xx.o(RESET)
 <LI><a href="#[5b]">CAN2_RX0_IRQHandler</a> from startup_stm32f40xx.o(.text) referenced from startup_stm32f40xx.o(RESET)
 <LI><a href="#[5c]">CAN2_RX1_IRQHandler</a> from startup_stm32f40xx.o(.text) referenced from startup_stm32f40xx.o(RESET)
 <LI><a href="#[5d]">CAN2_SCE_IRQHandler</a> from startup_stm32f40xx.o(.text) referenced from startup_stm32f40xx.o(RESET)
 <LI><a href="#[5a]">CAN2_TX_IRQHandler</a> from startup_stm32f40xx.o(.text) referenced from startup_stm32f40xx.o(RESET)
 <LI><a href="#[6a]">CRYP_IRQHandler</a> from startup_stm32f40xx.o(.text) referenced from startup_stm32f40xx.o(RESET)
 <LI><a href="#[69]">DCMI_IRQHandler</a> from startup_stm32f40xx.o(.text) referenced from startup_stm32f40xx.o(RESET)
 <LI><a href="#[26]">DMA1_Stream0_IRQHandler</a> from startup_stm32f40xx.o(.text) referenced from startup_stm32f40xx.o(RESET)
 <LI><a href="#[27]">DMA1_Stream1_IRQHandler</a> from startup_stm32f40xx.o(.text) referenced from startup_stm32f40xx.o(RESET)
 <LI><a href="#[28]">DMA1_Stream2_IRQHandler</a> from startup_stm32f40xx.o(.text) referenced from startup_stm32f40xx.o(RESET)
 <LI><a href="#[29]">DMA1_Stream3_IRQHandler</a> from startup_stm32f40xx.o(.text) referenced from startup_stm32f40xx.o(RESET)
 <LI><a href="#[2a]">DMA1_Stream4_IRQHandler</a> from startup_stm32f40xx.o(.text) referenced from startup_stm32f40xx.o(RESET)
 <LI><a href="#[2b]">DMA1_Stream5_IRQHandler</a> from startup_stm32f40xx.o(.text) referenced from startup_stm32f40xx.o(RESET)
 <LI><a href="#[2c]">DMA1_Stream6_IRQHandler</a> from startup_stm32f40xx.o(.text) referenced from startup_stm32f40xx.o(RESET)
 <LI><a href="#[4a]">DMA1_Stream7_IRQHandler</a> from startup_stm32f40xx.o(.text) referenced from startup_stm32f40xx.o(RESET)
 <LI><a href="#[53]">DMA2_Stream0_IRQHandler</a> from dma_lcd.o(i.DMA2_Stream0_IRQHandler) referenced from startup_stm32f40xx.o(RESET)
 <LI><a href="#[54]">DMA2_Stream1_IRQHandler</a> from startup_stm32f40xx.o(.text) referenced from startup_stm32f40xx.o(RESET)
 <LI><a href="#[55]">DMA2_Stream2_IRQHandler</a> from startup_stm32f40xx.o(.text) referenced from startup_stm32f40xx.o(RESET)
 <LI><a href="#[56]">DMA2_Stream3_IRQHandler</a> from bsp_sdio_sd.o(i.DMA2_Stream3_IRQHandler) referenced from startup_stm32f40xx.o(RESET)
 <LI><a href="#[57]">DMA2_Stream4_IRQHandler</a> from startup_stm32f40xx.o(.text) referenced from startup_stm32f40xx.o(RESET)
 <LI><a href="#[5f]">DMA2_Stream5_IRQHandler</a> from startup_stm32f40xx.o(.text) referenced from startup_stm32f40xx.o(RESET)
 <LI><a href="#[60]">DMA2_Stream6_IRQHandler</a> from startup_stm32f40xx.o(.text) referenced from startup_stm32f40xx.o(RESET)
 <LI><a href="#[61]">DMA2_Stream7_IRQHandler</a> from startup_stm32f40xx.o(.text) referenced from startup_stm32f40xx.o(RESET)
 <LI><a href="#[18]">DebugMon_Handler</a> from stm32f4xx_it.o(i.DebugMon_Handler) referenced from startup_stm32f40xx.o(RESET)
 <LI><a href="#[58]">ETH_IRQHandler</a> from startup_stm32f40xx.o(.text) referenced from startup_stm32f40xx.o(RESET)
 <LI><a href="#[59]">ETH_WKUP_IRQHandler</a> from startup_stm32f40xx.o(.text) referenced from startup_stm32f40xx.o(RESET)
 <LI><a href="#[21]">EXTI0_IRQHandler</a> from startup_stm32f40xx.o(.text) referenced from startup_stm32f40xx.o(RESET)
 <LI><a href="#[43]">EXTI15_10_IRQHandler</a> from startup_stm32f40xx.o(.text) referenced from startup_stm32f40xx.o(RESET)
 <LI><a href="#[22]">EXTI1_IRQHandler</a> from startup_stm32f40xx.o(.text) referenced from startup_stm32f40xx.o(RESET)
 <LI><a href="#[23]">EXTI2_IRQHandler</a> from startup_stm32f40xx.o(.text) referenced from startup_stm32f40xx.o(RESET)
 <LI><a href="#[24]">EXTI3_IRQHandler</a> from startup_stm32f40xx.o(.text) referenced from startup_stm32f40xx.o(RESET)
 <LI><a href="#[25]">EXTI4_IRQHandler</a> from startup_stm32f40xx.o(.text) referenced from startup_stm32f40xx.o(RESET)
 <LI><a href="#[32]">EXTI9_5_IRQHandler</a> from startup_stm32f40xx.o(.text) referenced from startup_stm32f40xx.o(RESET)
 <LI><a href="#[1f]">FLASH_IRQHandler</a> from startup_stm32f40xx.o(.text) referenced from startup_stm32f40xx.o(RESET)
 <LI><a href="#[6c]">FPU_IRQHandler</a> from startup_stm32f40xx.o(.text) referenced from startup_stm32f40xx.o(RESET)
 <LI><a href="#[4b]">FSMC_IRQHandler</a> from startup_stm32f40xx.o(.text) referenced from startup_stm32f40xx.o(RESET)
 <LI><a href="#[cb]">GUI_Board_App_Desktop</a> from gui_board_app_desktop.o(i.GUI_Board_App_Desktop) referenced from gui_boot_interface_dialog.o(i.GUI_Boot_Interface_Dialog)
 <LI><a href="#[ef]">GUI_Boot_Interface_Dialog</a> from gui_boot_interface_dialog.o(i.GUI_Boot_Interface_Dialog) referenced from gui_desktop.o(i.desktop_proc)
 <LI><a href="#[f4]">GUI_LED_KEY_Dialog</a> from gui_led_key_dialog.o(i.GUI_LED_KEY_Dialog) referenced from gui_board_app_desktop.o(.constdata)
 <LI><a href="#[ca]">GUI_RES_Writer_Dialog</a> from gui_res_writer_dialog.o(i.GUI_RES_Writer_Dialog) referenced from gui_boot_interface_dialog.o(i.GUI_Boot_Interface_Dialog)
 <LI><a href="#[f0]">GUI_Thread_Entry</a> from main.o(i.GUI_Thread_Entry) referenced from main.o(i.main)
 <LI><a href="#[6b]">HASH_RNG_IRQHandler</a> from startup_stm32f40xx.o(.text) referenced from startup_stm32f40xx.o(RESET)
 <LI><a href="#[13]">HardFault_Handler</a> from cmb_fault.o(.text) referenced from startup_stm32f40xx.o(RESET)
 <LI><a href="#[3b]">I2C1_ER_IRQHandler</a> from startup_stm32f40xx.o(.text) referenced from startup_stm32f40xx.o(RESET)
 <LI><a href="#[3a]">I2C1_EV_IRQHandler</a> from startup_stm32f40xx.o(.text) referenced from startup_stm32f40xx.o(RESET)
 <LI><a href="#[3d]">I2C2_ER_IRQHandler</a> from startup_stm32f40xx.o(.text) referenced from startup_stm32f40xx.o(RESET)
 <LI><a href="#[3c]">I2C2_EV_IRQHandler</a> from startup_stm32f40xx.o(.text) referenced from startup_stm32f40xx.o(RESET)
 <LI><a href="#[64]">I2C3_ER_IRQHandler</a> from startup_stm32f40xx.o(.text) referenced from startup_stm32f40xx.o(RESET)
 <LI><a href="#[63]">I2C3_EV_IRQHandler</a> from startup_stm32f40xx.o(.text) referenced from startup_stm32f40xx.o(RESET)
 <LI><a href="#[14]">MemManage_Handler</a> from stm32f4xx_it.o(i.MemManage_Handler) referenced from startup_stm32f40xx.o(RESET)
 <LI><a href="#[12]">NMI_Handler</a> from stm32f4xx_it.o(i.NMI_Handler) referenced from startup_stm32f40xx.o(RESET)
 <LI><a href="#[5e]">OTG_FS_IRQHandler</a> from stm32f4xx_it.o(i.OTG_FS_IRQHandler) referenced from startup_stm32f40xx.o(RESET)
 <LI><a href="#[45]">OTG_FS_WKUP_IRQHandler</a> from startup_stm32f40xx.o(.text) referenced from startup_stm32f40xx.o(RESET)
 <LI><a href="#[66]">OTG_HS_EP1_IN_IRQHandler</a> from startup_stm32f40xx.o(.text) referenced from startup_stm32f40xx.o(RESET)
 <LI><a href="#[65]">OTG_HS_EP1_OUT_IRQHandler</a> from startup_stm32f40xx.o(.text) referenced from startup_stm32f40xx.o(RESET)
 <LI><a href="#[68]">OTG_HS_IRQHandler</a> from startup_stm32f40xx.o(.text) referenced from startup_stm32f40xx.o(RESET)
 <LI><a href="#[67]">OTG_HS_WKUP_IRQHandler</a> from startup_stm32f40xx.o(.text) referenced from startup_stm32f40xx.o(RESET)
 <LI><a href="#[1c]">PVD_IRQHandler</a> from startup_stm32f40xx.o(.text) referenced from startup_stm32f40xx.o(RESET)
 <LI><a href="#[19]">PendSV_Handler</a> from port.o(.emb_text) referenced from startup_stm32f40xx.o(RESET)
 <LI><a href="#[20]">RCC_IRQHandler</a> from startup_stm32f40xx.o(.text) referenced from startup_stm32f40xx.o(RESET)
 <LI><a href="#[44]">RTC_Alarm_IRQHandler</a> from startup_stm32f40xx.o(.text) referenced from startup_stm32f40xx.o(RESET)
 <LI><a href="#[1e]">RTC_WKUP_IRQHandler</a> from startup_stm32f40xx.o(.text) referenced from startup_stm32f40xx.o(RESET)
 <LI><a href="#[11]">Reset_Handler</a> from startup_stm32f40xx.o(.text) referenced from startup_stm32f40xx.o(RESET)
 <LI><a href="#[4c]">SDIO_IRQHandler</a> from bsp_sdio_sd.o(i.SDIO_IRQHandler) referenced from startup_stm32f40xx.o(RESET)
 <LI><a href="#[3e]">SPI1_IRQHandler</a> from startup_stm32f40xx.o(.text) referenced from startup_stm32f40xx.o(RESET)
 <LI><a href="#[3f]">SPI2_IRQHandler</a> from startup_stm32f40xx.o(.text) referenced from startup_stm32f40xx.o(RESET)
 <LI><a href="#[4e]">SPI3_IRQHandler</a> from startup_stm32f40xx.o(.text) referenced from startup_stm32f40xx.o(RESET)
 <LI><a href="#[17]">SVC_Handler</a> from port.o(.emb_text) referenced from startup_stm32f40xx.o(RESET)
 <LI><a href="#[1a]">SysTick_Handler</a> from stm32f4xx_it.o(i.SysTick_Handler) referenced from startup_stm32f40xx.o(RESET)
 <LI><a href="#[6e]">SystemInit</a> from system_stm32f4xx.o(i.SystemInit) referenced from startup_stm32f40xx.o(.text)
 <LI><a href="#[1d]">TAMP_STAMP_IRQHandler</a> from startup_stm32f40xx.o(.text) referenced from startup_stm32f40xx.o(RESET)
 <LI><a href="#[33]">TIM1_BRK_TIM9_IRQHandler</a> from startup_stm32f40xx.o(.text) referenced from startup_stm32f40xx.o(RESET)
 <LI><a href="#[36]">TIM1_CC_IRQHandler</a> from startup_stm32f40xx.o(.text) referenced from startup_stm32f40xx.o(RESET)
 <LI><a href="#[35]">TIM1_TRG_COM_TIM11_IRQHandler</a> from startup_stm32f40xx.o(.text) referenced from startup_stm32f40xx.o(RESET)
 <LI><a href="#[34]">TIM1_UP_TIM10_IRQHandler</a> from startup_stm32f40xx.o(.text) referenced from startup_stm32f40xx.o(RESET)
 <LI><a href="#[37]">TIM2_IRQHandler</a> from startup_stm32f40xx.o(.text) referenced from startup_stm32f40xx.o(RESET)
 <LI><a href="#[38]">TIM3_IRQHandler</a> from startup_stm32f40xx.o(.text) referenced from startup_stm32f40xx.o(RESET)
 <LI><a href="#[39]">TIM4_IRQHandler</a> from startup_stm32f40xx.o(.text) referenced from startup_stm32f40xx.o(RESET)
 <LI><a href="#[4d]">TIM5_IRQHandler</a> from startup_stm32f40xx.o(.text) referenced from startup_stm32f40xx.o(RESET)
 <LI><a href="#[51]">TIM6_DAC_IRQHandler</a> from startup_stm32f40xx.o(.text) referenced from startup_stm32f40xx.o(RESET)
 <LI><a href="#[52]">TIM7_IRQHandler</a> from startup_stm32f40xx.o(.text) referenced from startup_stm32f40xx.o(RESET)
 <LI><a href="#[46]">TIM8_BRK_TIM12_IRQHandler</a> from startup_stm32f40xx.o(.text) referenced from startup_stm32f40xx.o(RESET)
 <LI><a href="#[49]">TIM8_CC_IRQHandler</a> from startup_stm32f40xx.o(.text) referenced from startup_stm32f40xx.o(RESET)
 <LI><a href="#[48]">TIM8_TRG_COM_TIM14_IRQHandler</a> from startup_stm32f40xx.o(.text) referenced from startup_stm32f40xx.o(RESET)
 <LI><a href="#[47]">TIM8_UP_TIM13_IRQHandler</a> from startup_stm32f40xx.o(.text) referenced from startup_stm32f40xx.o(RESET)
 <LI><a href="#[4f]">UART4_IRQHandler</a> from startup_stm32f40xx.o(.text) referenced from startup_stm32f40xx.o(RESET)
 <LI><a href="#[50]">UART5_IRQHandler</a> from startup_stm32f40xx.o(.text) referenced from startup_stm32f40xx.o(RESET)
 <LI><a href="#[40]">USART1_IRQHandler</a> from startup_stm32f40xx.o(.text) referenced from startup_stm32f40xx.o(RESET)
 <LI><a href="#[41]">USART2_IRQHandler</a> from startup_stm32f40xx.o(.text) referenced from startup_stm32f40xx.o(RESET)
 <LI><a href="#[42]">USART3_IRQHandler</a> from startup_stm32f40xx.o(.text) referenced from startup_stm32f40xx.o(RESET)
 <LI><a href="#[62]">USART6_IRQHandler</a> from startup_stm32f40xx.o(.text) referenced from startup_stm32f40xx.o(RESET)
 <LI><a href="#[16]">UsageFault_Handler</a> from stm32f4xx_it.o(i.UsageFault_Handler) referenced from startup_stm32f40xx.o(RESET)
 <LI><a href="#[1b]">WWDG_IRQHandler</a> from startup_stm32f40xx.o(.text) referenced from startup_stm32f40xx.o(RESET)
 <LI><a href="#[c8]">WinProc</a> from gui_board_app_desktop.o(i.WinProc) referenced from gui_board_app_desktop.o(i.GUI_Board_App_Desktop)
 <LI><a href="#[72]">_AA_HLine</a> from gui_aa_core.o(i._AA_HLine) referenced from gui_aa_core.o(i.EnableAntiAlias)
 <LI><a href="#[116]">_GetARGB</a> from surface_argb8888.o(i._GetARGB) referenced 4 times from surface_argb8888.o(.constdata)
 <LI><a href="#[115]">_GetRGB</a> from surface_argb8888.o(i._GetRGB) referenced 4 times from surface_argb8888.o(.constdata)
 <LI><a href="#[114]">_MapARGB</a> from surface_argb8888.o(i._MapARGB) referenced 4 times from surface_argb8888.o(.constdata)
 <LI><a href="#[113]">_MapRGB</a> from surface_argb8888.o(i._MapRGB) referenced 4 times from surface_argb8888.o(.constdata)
 <LI><a href="#[10d]">_MapRGB332</a> from surface_argb8888.o(i._MapRGB332) referenced 4 times from surface_argb8888.o(.constdata)
 <LI><a href="#[10e]">_MapRGB565</a> from surface_argb8888.o(i._MapRGB565) referenced 4 times from surface_argb8888.o(.constdata)
 <LI><a href="#[10f]">_MapXRGB1555</a> from surface_argb8888.o(i._MapXRGB1555) referenced 8 times from surface_argb8888.o(.constdata)
 <LI><a href="#[110]">_MapXRGB4444</a> from surface_argb8888.o(i._MapXRGB4444) referenced 8 times from surface_argb8888.o(.constdata)
 <LI><a href="#[111]">_MapXRGB8888</a> from surface_argb8888.o(i._MapXRGB8888) referenced 8 times from surface_argb8888.o(.constdata)
 <LI><a href="#[2]">_Paint</a> from oem_button.o(i._Paint) referenced 16 times from oem_button.o(.data)
 <LI><a href="#[1]">_SetColor</a> from oem_button.o(i._SetColor) referenced 16 times from oem_button.o(.data)
 <LI><a href="#[112]">_ToARGB</a> from surface_argb8888.o(i._ToARGB) referenced 4 times from surface_argb8888.o(.constdata)
 <LI><a href="#[ec]">ListItemDraw(tagDC*, __x_obj_item*)</a> from clistmenu.o(i._Z12ListItemDrawP5tagDCP12__x_obj_item) referenced from clistmenu.o(i._ZN9CListMenu8OnCreateEP9tagWINDOWP15list_menu_cfg_t)
 <LI><a href="#[f5]">WinProc(tagWINDOW*, unsigned, unsigned, long)</a> from clistmenu.o(i._Z7WinProcP9tagWINDOWjjl) referenced from clistmenu.o(.constdata)
 <LI><a href="#[7d]">__copy_bits</a> from gl_mem_16bpp.o(i.__copy_bits) referenced from gl_mem_16bpp.o(i.GL_MEM_16BPP_Init)
 <LI><a href="#[99]">__copy_bits</a> from gl_mem_32bpp.o(i.__copy_bits) referenced from gl_mem_32bpp.o(i.GL_MEM_32BPP_Init)
 <LI><a href="#[b5]">__copy_bits</a> from gl_mem_8bpp.o(i.__copy_bits) referenced from gl_mem_8bpp.o(i.GL_MEM_8BPP_Init)
 <LI><a href="#[d9]">__copy_bits</a> from gl_ext_lcd_16bit.o(i.__copy_bits) referenced from gl_ext_lcd_16bit.o(i._GL_MPU_16BPP_Init)
 <LI><a href="#[f6]">__create_font</a> from gui_font_xft.o(i.__create_font) referenced 2 times from gui_font_xft.o(.constdata)
 <LI><a href="#[f7]">__delete_font</a> from gui_font_xft.o(i.__delete_font) referenced 2 times from gui_font_xft.o(.constdata)
 <LI><a href="#[8a]">__draw_bitmap_AL1</a> from gl_mem_16bpp.o(i.__draw_bitmap_AL1) referenced from gl_mem_16bpp.o(i.GL_MEM_16BPP_Init)
 <LI><a href="#[a6]">__draw_bitmap_AL1</a> from gl_mem_32bpp.o(i.__draw_bitmap_AL1) referenced from gl_mem_32bpp.o(i.GL_MEM_32BPP_Init)
 <LI><a href="#[c2]">__draw_bitmap_AL1</a> from gl_mem_8bpp.o(i.__draw_bitmap_AL1) referenced from gl_mem_8bpp.o(i.GL_MEM_8BPP_Init)
 <LI><a href="#[e6]">__draw_bitmap_AL1</a> from gl_ext_lcd_16bit.o(i.__draw_bitmap_AL1) referenced from gl_ext_lcd_16bit.o(i._GL_MPU_16BPP_Init)
 <LI><a href="#[8b]">__draw_bitmap_AL2</a> from gl_mem_16bpp.o(i.__draw_bitmap_AL2) referenced from gl_mem_16bpp.o(i.GL_MEM_16BPP_Init)
 <LI><a href="#[a7]">__draw_bitmap_AL2</a> from gl_mem_32bpp.o(i.__draw_bitmap_AL2) referenced from gl_mem_32bpp.o(i.GL_MEM_32BPP_Init)
 <LI><a href="#[c3]">__draw_bitmap_AL2</a> from gl_mem_8bpp.o(i.__draw_bitmap_AL2) referenced from gl_mem_8bpp.o(i.GL_MEM_8BPP_Init)
 <LI><a href="#[e7]">__draw_bitmap_AL2</a> from gl_ext_lcd_16bit.o(i.__draw_bitmap_AL2) referenced from gl_ext_lcd_16bit.o(i._GL_MPU_16BPP_Init)
 <LI><a href="#[8c]">__draw_bitmap_AL4</a> from gl_mem_16bpp.o(i.__draw_bitmap_AL4) referenced from gl_mem_16bpp.o(i.GL_MEM_16BPP_Init)
 <LI><a href="#[a8]">__draw_bitmap_AL4</a> from gl_mem_32bpp.o(i.__draw_bitmap_AL4) referenced from gl_mem_32bpp.o(i.GL_MEM_32BPP_Init)
 <LI><a href="#[c4]">__draw_bitmap_AL4</a> from gl_mem_8bpp.o(i.__draw_bitmap_AL4) referenced from gl_mem_8bpp.o(i.GL_MEM_8BPP_Init)
 <LI><a href="#[e8]">__draw_bitmap_AL4</a> from gl_ext_lcd_16bit.o(i.__draw_bitmap_AL4) referenced from gl_ext_lcd_16bit.o(i._GL_MPU_16BPP_Init)
 <LI><a href="#[8d]">__draw_bitmap_AL8</a> from gl_mem_16bpp.o(i.__draw_bitmap_AL8) referenced from gl_mem_16bpp.o(i.GL_MEM_16BPP_Init)
 <LI><a href="#[a9]">__draw_bitmap_AL8</a> from gl_mem_32bpp.o(i.__draw_bitmap_AL8) referenced from gl_mem_32bpp.o(i.GL_MEM_32BPP_Init)
 <LI><a href="#[c5]">__draw_bitmap_AL8</a> from gl_mem_8bpp.o(i.__draw_bitmap_AL8) referenced from gl_mem_8bpp.o(i.GL_MEM_8BPP_Init)
 <LI><a href="#[e9]">__draw_bitmap_AL8</a> from gl_ext_lcd_16bit.o(i.__draw_bitmap_AL8) referenced from gl_ext_lcd_16bit.o(i._GL_MPU_16BPP_Init)
 <LI><a href="#[85]">__draw_bitmap_ARGB1555</a> from gl_mem_16bpp.o(i.__draw_bitmap_ARGB1555) referenced from gl_mem_16bpp.o(i.GL_MEM_16BPP_Init)
 <LI><a href="#[a1]">__draw_bitmap_ARGB1555</a> from gl_mem_32bpp.o(i.__draw_bitmap_ARGB1555) referenced from gl_mem_32bpp.o(i.GL_MEM_32BPP_Init)
 <LI><a href="#[bd]">__draw_bitmap_ARGB1555</a> from gl_mem_8bpp.o(i.__draw_bitmap_ARGB1555) referenced from gl_mem_8bpp.o(i.GL_MEM_8BPP_Init)
 <LI><a href="#[e1]">__draw_bitmap_ARGB1555</a> from gl_ext_lcd_16bit.o(i.__draw_bitmap_ARGB1555) referenced from gl_ext_lcd_16bit.o(i._GL_MPU_16BPP_Init)
 <LI><a href="#[86]">__draw_bitmap_ARGB4444</a> from gl_mem_16bpp.o(i.__draw_bitmap_ARGB4444) referenced from gl_mem_16bpp.o(i.GL_MEM_16BPP_Init)
 <LI><a href="#[a2]">__draw_bitmap_ARGB4444</a> from gl_mem_32bpp.o(i.__draw_bitmap_ARGB4444) referenced from gl_mem_32bpp.o(i.GL_MEM_32BPP_Init)
 <LI><a href="#[be]">__draw_bitmap_ARGB4444</a> from gl_mem_8bpp.o(i.__draw_bitmap_ARGB4444) referenced from gl_mem_8bpp.o(i.GL_MEM_8BPP_Init)
 <LI><a href="#[e2]">__draw_bitmap_ARGB4444</a> from gl_ext_lcd_16bit.o(i.__draw_bitmap_ARGB4444) referenced from gl_ext_lcd_16bit.o(i._GL_MPU_16BPP_Init)
 <LI><a href="#[89]">__draw_bitmap_ARGB8888</a> from gl_mem_16bpp.o(i.__draw_bitmap_ARGB8888) referenced from gl_mem_16bpp.o(i.GL_MEM_16BPP_Init)
 <LI><a href="#[a5]">__draw_bitmap_ARGB8888</a> from gl_mem_32bpp.o(i.__draw_bitmap_ARGB8888) referenced from gl_mem_32bpp.o(i.GL_MEM_32BPP_Init)
 <LI><a href="#[c1]">__draw_bitmap_ARGB8888</a> from gl_mem_8bpp.o(i.__draw_bitmap_ARGB8888) referenced from gl_mem_8bpp.o(i.GL_MEM_8BPP_Init)
 <LI><a href="#[e5]">__draw_bitmap_ARGB8888</a> from gl_ext_lcd_16bit.o(i.__draw_bitmap_ARGB8888) referenced from gl_ext_lcd_16bit.o(i._GL_MPU_16BPP_Init)
 <LI><a href="#[7e]">__draw_bitmap_LUT1</a> from gl_mem_16bpp.o(i.__draw_bitmap_LUT1) referenced from gl_mem_16bpp.o(i.GL_MEM_16BPP_Init)
 <LI><a href="#[9a]">__draw_bitmap_LUT1</a> from gl_mem_32bpp.o(i.__draw_bitmap_LUT1) referenced from gl_mem_32bpp.o(i.GL_MEM_32BPP_Init)
 <LI><a href="#[b6]">__draw_bitmap_LUT1</a> from gl_mem_8bpp.o(i.__draw_bitmap_LUT1) referenced from gl_mem_8bpp.o(i.GL_MEM_8BPP_Init)
 <LI><a href="#[da]">__draw_bitmap_LUT1</a> from gl_ext_lcd_16bit.o(i.__draw_bitmap_LUT1) referenced from gl_ext_lcd_16bit.o(i._GL_MPU_16BPP_Init)
 <LI><a href="#[7f]">__draw_bitmap_LUT2</a> from gl_mem_16bpp.o(i.__draw_bitmap_LUT2) referenced from gl_mem_16bpp.o(i.GL_MEM_16BPP_Init)
 <LI><a href="#[9b]">__draw_bitmap_LUT2</a> from gl_mem_32bpp.o(i.__draw_bitmap_LUT2) referenced from gl_mem_32bpp.o(i.GL_MEM_32BPP_Init)
 <LI><a href="#[b7]">__draw_bitmap_LUT2</a> from gl_mem_8bpp.o(i.__draw_bitmap_LUT2) referenced from gl_mem_8bpp.o(i.GL_MEM_8BPP_Init)
 <LI><a href="#[db]">__draw_bitmap_LUT2</a> from gl_ext_lcd_16bit.o(i.__draw_bitmap_LUT2) referenced from gl_ext_lcd_16bit.o(i._GL_MPU_16BPP_Init)
 <LI><a href="#[80]">__draw_bitmap_LUT4</a> from gl_mem_16bpp.o(i.__draw_bitmap_LUT4) referenced from gl_mem_16bpp.o(i.GL_MEM_16BPP_Init)
 <LI><a href="#[9c]">__draw_bitmap_LUT4</a> from gl_mem_32bpp.o(i.__draw_bitmap_LUT4) referenced from gl_mem_32bpp.o(i.GL_MEM_32BPP_Init)
 <LI><a href="#[b8]">__draw_bitmap_LUT4</a> from gl_mem_8bpp.o(i.__draw_bitmap_LUT4) referenced from gl_mem_8bpp.o(i.GL_MEM_8BPP_Init)
 <LI><a href="#[dc]">__draw_bitmap_LUT4</a> from gl_ext_lcd_16bit.o(i.__draw_bitmap_LUT4) referenced from gl_ext_lcd_16bit.o(i._GL_MPU_16BPP_Init)
 <LI><a href="#[81]">__draw_bitmap_LUT8</a> from gl_mem_16bpp.o(i.__draw_bitmap_LUT8) referenced from gl_mem_16bpp.o(i.GL_MEM_16BPP_Init)
 <LI><a href="#[9d]">__draw_bitmap_LUT8</a> from gl_mem_32bpp.o(i.__draw_bitmap_LUT8) referenced from gl_mem_32bpp.o(i.GL_MEM_32BPP_Init)
 <LI><a href="#[b9]">__draw_bitmap_LUT8</a> from gl_mem_8bpp.o(i.__draw_bitmap_LUT8) referenced from gl_mem_8bpp.o(i.GL_MEM_8BPP_Init)
 <LI><a href="#[dd]">__draw_bitmap_LUT8</a> from gl_ext_lcd_16bit.o(i.__draw_bitmap_LUT8) referenced from gl_ext_lcd_16bit.o(i._GL_MPU_16BPP_Init)
 <LI><a href="#[82]">__draw_bitmap_RGB332</a> from gl_mem_16bpp.o(i.__draw_bitmap_RGB332) referenced from gl_mem_16bpp.o(i.GL_MEM_16BPP_Init)
 <LI><a href="#[9e]">__draw_bitmap_RGB332</a> from gl_mem_32bpp.o(i.__draw_bitmap_RGB332) referenced from gl_mem_32bpp.o(i.GL_MEM_32BPP_Init)
 <LI><a href="#[ba]">__draw_bitmap_RGB332</a> from gl_mem_8bpp.o(i.__draw_bitmap_RGB332) referenced from gl_mem_8bpp.o(i.GL_MEM_8BPP_Init)
 <LI><a href="#[de]">__draw_bitmap_RGB332</a> from gl_ext_lcd_16bit.o(i.__draw_bitmap_RGB332) referenced from gl_ext_lcd_16bit.o(i._GL_MPU_16BPP_Init)
 <LI><a href="#[83]">__draw_bitmap_RGB565</a> from gl_mem_16bpp.o(i.__draw_bitmap_RGB565) referenced from gl_mem_16bpp.o(i.GL_MEM_16BPP_Init)
 <LI><a href="#[9f]">__draw_bitmap_RGB565</a> from gl_mem_32bpp.o(i.__draw_bitmap_RGB565) referenced from gl_mem_32bpp.o(i.GL_MEM_32BPP_Init)
 <LI><a href="#[bb]">__draw_bitmap_RGB565</a> from gl_mem_8bpp.o(i.__draw_bitmap_RGB565) referenced from gl_mem_8bpp.o(i.GL_MEM_8BPP_Init)
 <LI><a href="#[df]">__draw_bitmap_RGB565</a> from gl_ext_lcd_16bit.o(i.__draw_bitmap_RGB565) referenced from gl_ext_lcd_16bit.o(i._GL_MPU_16BPP_Init)
 <LI><a href="#[87]">__draw_bitmap_RGB888</a> from gl_mem_16bpp.o(i.__draw_bitmap_RGB888) referenced from gl_mem_16bpp.o(i.GL_MEM_16BPP_Init)
 <LI><a href="#[a3]">__draw_bitmap_RGB888</a> from gl_mem_32bpp.o(i.__draw_bitmap_RGB888) referenced from gl_mem_32bpp.o(i.GL_MEM_32BPP_Init)
 <LI><a href="#[bf]">__draw_bitmap_RGB888</a> from gl_mem_8bpp.o(i.__draw_bitmap_RGB888) referenced from gl_mem_8bpp.o(i.GL_MEM_8BPP_Init)
 <LI><a href="#[e3]">__draw_bitmap_RGB888</a> from gl_ext_lcd_16bit.o(i.__draw_bitmap_RGB888) referenced from gl_ext_lcd_16bit.o(i._GL_MPU_16BPP_Init)
 <LI><a href="#[84]">__draw_bitmap_XRGB1555</a> from gl_mem_16bpp.o(i.__draw_bitmap_XRGB1555) referenced from gl_mem_16bpp.o(i.GL_MEM_16BPP_Init)
 <LI><a href="#[a0]">__draw_bitmap_XRGB1555</a> from gl_mem_32bpp.o(i.__draw_bitmap_XRGB1555) referenced from gl_mem_32bpp.o(i.GL_MEM_32BPP_Init)
 <LI><a href="#[bc]">__draw_bitmap_XRGB1555</a> from gl_mem_8bpp.o(i.__draw_bitmap_XRGB1555) referenced from gl_mem_8bpp.o(i.GL_MEM_8BPP_Init)
 <LI><a href="#[e0]">__draw_bitmap_XRGB1555</a> from gl_ext_lcd_16bit.o(i.__draw_bitmap_XRGB1555) referenced from gl_ext_lcd_16bit.o(i._GL_MPU_16BPP_Init)
 <LI><a href="#[88]">__draw_bitmap_XRGB8888</a> from gl_mem_16bpp.o(i.__draw_bitmap_XRGB8888) referenced from gl_mem_16bpp.o(i.GL_MEM_16BPP_Init)
 <LI><a href="#[a4]">__draw_bitmap_XRGB8888</a> from gl_mem_32bpp.o(i.__draw_bitmap_XRGB8888) referenced from gl_mem_32bpp.o(i.GL_MEM_32BPP_Init)
 <LI><a href="#[c0]">__draw_bitmap_XRGB8888</a> from gl_mem_8bpp.o(i.__draw_bitmap_XRGB8888) referenced from gl_mem_8bpp.o(i.GL_MEM_8BPP_Init)
 <LI><a href="#[e4]">__draw_bitmap_XRGB8888</a> from gl_ext_lcd_16bit.o(i.__draw_bitmap_XRGB8888) referenced from gl_ext_lcd_16bit.o(i._GL_MPU_16BPP_Init)
 <LI><a href="#[fa]">__draw_char</a> from gui_font_xft.o(i.__draw_char) referenced 2 times from gui_font_xft.o(.constdata)
 <LI><a href="#[79]">__draw_hline</a> from gl_mem_16bpp.o(i.__draw_hline) referenced from gl_mem_16bpp.o(i.GL_MEM_16BPP_Init)
 <LI><a href="#[95]">__draw_hline</a> from gl_mem_32bpp.o(i.__draw_hline) referenced from gl_mem_32bpp.o(i.GL_MEM_32BPP_Init)
 <LI><a href="#[b1]">__draw_hline</a> from gl_mem_8bpp.o(i.__draw_hline) referenced from gl_mem_8bpp.o(i.GL_MEM_8BPP_Init)
 <LI><a href="#[d5]">__draw_hline</a> from gl_ext_lcd_16bit.o(i.__draw_hline) referenced from gl_ext_lcd_16bit.o(i._GL_MPU_16BPP_Init)
 <LI><a href="#[7a]">__draw_vline</a> from gl_mem_16bpp.o(i.__draw_vline) referenced from gl_mem_16bpp.o(i.GL_MEM_16BPP_Init)
 <LI><a href="#[96]">__draw_vline</a> from gl_mem_32bpp.o(i.__draw_vline) referenced from gl_mem_32bpp.o(i.GL_MEM_32BPP_Init)
 <LI><a href="#[b2]">__draw_vline</a> from gl_mem_8bpp.o(i.__draw_vline) referenced from gl_mem_8bpp.o(i.GL_MEM_8BPP_Init)
 <LI><a href="#[d6]">__draw_vline</a> from gl_ext_lcd_16bit.o(i.__draw_vline) referenced from gl_ext_lcd_16bit.o(i._GL_MPU_16BPP_Init)
 <LI><a href="#[7b]">__fill_rect</a> from gl_mem_16bpp.o(i.__fill_rect) referenced from gl_mem_16bpp.o(i.GL_MEM_16BPP_Init)
 <LI><a href="#[97]">__fill_rect</a> from gl_mem_32bpp.o(i.__fill_rect) referenced from gl_mem_32bpp.o(i.GL_MEM_32BPP_Init)
 <LI><a href="#[b3]">__fill_rect</a> from gl_mem_8bpp.o(i.__fill_rect) referenced from gl_mem_8bpp.o(i.GL_MEM_8BPP_Init)
 <LI><a href="#[d7]">__fill_rect</a> from gl_ext_lcd_16bit.o(i.__fill_rect) referenced from gl_ext_lcd_16bit.o(i._GL_MPU_16BPP_Init)
 <LI><a href="#[7c]">__fill_rect_ARGB</a> from gl_mem_16bpp.o(i.__fill_rect_ARGB) referenced from gl_mem_16bpp.o(i.GL_MEM_16BPP_Init)
 <LI><a href="#[98]">__fill_rect_ARGB</a> from gl_mem_32bpp.o(i.__fill_rect_ARGB) referenced from gl_mem_32bpp.o(i.GL_MEM_32BPP_Init)
 <LI><a href="#[b4]">__fill_rect_ARGB</a> from gl_mem_8bpp.o(i.__fill_rect_ARGB) referenced from gl_mem_8bpp.o(i.GL_MEM_8BPP_Init)
 <LI><a href="#[d8]">__fill_rect_ARGB</a> from gl_ext_lcd_16bit.o(i.__fill_rect_ARGB) referenced from gl_ext_lcd_16bit.o(i._GL_MPU_16BPP_Init)
 <LI><a href="#[f9]">__get_char_info</a> from gui_font_xft.o(i.__get_char_info) referenced 2 times from gui_font_xft.o(.constdata)
 <LI><a href="#[f8]">__get_font_info</a> from gui_font_xft.o(i.__get_font_info) referenced 2 times from gui_font_xft.o(.constdata)
 <LI><a href="#[76]">__get_pixel</a> from gl_mem_16bpp.o(i.__get_pixel) referenced from gl_mem_16bpp.o(i.GL_MEM_16BPP_Init)
 <LI><a href="#[92]">__get_pixel</a> from gl_mem_32bpp.o(i.__get_pixel) referenced from gl_mem_32bpp.o(i.GL_MEM_32BPP_Init)
 <LI><a href="#[ae]">__get_pixel</a> from gl_mem_8bpp.o(i.__get_pixel) referenced from gl_mem_8bpp.o(i.GL_MEM_8BPP_Init)
 <LI><a href="#[d2]">__get_pixel</a> from gl_ext_lcd_16bit.o(i.__get_pixel) referenced from gl_ext_lcd_16bit.o(i._GL_MPU_16BPP_Init)
 <LI><a href="#[6f]">__main</a> from entry.o(.ARM.Collect$$$$00000000) referenced from startup_stm32f40xx.o(.text)
 <LI><a href="#[71]">__mem_get_data</a> from gui_imagebmp.o(i.__mem_get_data) referenced from gui_imagebmp.o(i.BMP_Draw)
 <LI><a href="#[8f]">__rotate_bitmap</a> from gl_mem_16bpp.o(i.__rotate_bitmap) referenced from gl_mem_16bpp.o(i.GL_MEM_16BPP_Init)
 <LI><a href="#[ab]">__rotate_bitmap</a> from gl_mem_32bpp.o(i.__rotate_bitmap) referenced from gl_mem_32bpp.o(i.GL_MEM_32BPP_Init)
 <LI><a href="#[c7]">__rotate_bitmap</a> from gl_mem_8bpp.o(i.__rotate_bitmap) referenced from gl_mem_8bpp.o(i.GL_MEM_8BPP_Init)
 <LI><a href="#[eb]">__rotate_bitmap</a> from gl_ext_lcd_16bit.o(i.__rotate_bitmap) referenced from gl_ext_lcd_16bit.o(i._GL_MPU_16BPP_Init)
 <LI><a href="#[8e]">__scale_bitmap</a> from gl_mem_16bpp.o(i.__scale_bitmap) referenced from gl_mem_16bpp.o(i.GL_MEM_16BPP_Init)
 <LI><a href="#[aa]">__scale_bitmap</a> from gl_mem_32bpp.o(i.__scale_bitmap) referenced from gl_mem_32bpp.o(i.GL_MEM_32BPP_Init)
 <LI><a href="#[c6]">__scale_bitmap</a> from gl_mem_8bpp.o(i.__scale_bitmap) referenced from gl_mem_8bpp.o(i.GL_MEM_8BPP_Init)
 <LI><a href="#[ea]">__scale_bitmap</a> from gl_ext_lcd_16bit.o(i.__scale_bitmap) referenced from gl_ext_lcd_16bit.o(i._GL_MPU_16BPP_Init)
 <LI><a href="#[75]">__set_pixel</a> from gl_mem_16bpp.o(i.__set_pixel) referenced from gl_mem_16bpp.o(i.GL_MEM_16BPP_Init)
 <LI><a href="#[91]">__set_pixel</a> from gl_mem_32bpp.o(i.__set_pixel) referenced from gl_mem_32bpp.o(i.GL_MEM_32BPP_Init)
 <LI><a href="#[ad]">__set_pixel</a> from gl_mem_8bpp.o(i.__set_pixel) referenced from gl_mem_8bpp.o(i.GL_MEM_8BPP_Init)
 <LI><a href="#[d1]">__set_pixel</a> from gl_ext_lcd_16bit.o(i.__set_pixel) referenced from gl_ext_lcd_16bit.o(i._GL_MPU_16BPP_Init)
 <LI><a href="#[78]">__set_pixel_ARGB</a> from gl_mem_16bpp.o(i.__set_pixel_ARGB) referenced from gl_mem_16bpp.o(i.GL_MEM_16BPP_Init)
 <LI><a href="#[94]">__set_pixel_ARGB</a> from gl_mem_32bpp.o(i.__set_pixel_ARGB) referenced from gl_mem_32bpp.o(i.GL_MEM_32BPP_Init)
 <LI><a href="#[b0]">__set_pixel_ARGB</a> from gl_mem_8bpp.o(i.__set_pixel_ARGB) referenced from gl_mem_8bpp.o(i.GL_MEM_8BPP_Init)
 <LI><a href="#[d4]">__set_pixel_ARGB</a> from gl_ext_lcd_16bit.o(i.__set_pixel_ARGB) referenced from gl_ext_lcd_16bit.o(i._GL_MPU_16BPP_Init)
 <LI><a href="#[74]">__set_pos</a> from gl_mem_16bpp.o(i.__set_pos) referenced from gl_mem_16bpp.o(i.GL_MEM_16BPP_Init)
 <LI><a href="#[90]">__set_pos</a> from gl_mem_32bpp.o(i.__set_pos) referenced from gl_mem_32bpp.o(i.GL_MEM_32BPP_Init)
 <LI><a href="#[ac]">__set_pos</a> from gl_mem_8bpp.o(i.__set_pos) referenced from gl_mem_8bpp.o(i.GL_MEM_8BPP_Init)
 <LI><a href="#[d0]">__set_pos</a> from gl_ext_lcd_16bit.o(i.__set_pos) referenced from gl_ext_lcd_16bit.o(i._GL_MPU_16BPP_Init)
 <LI><a href="#[77]">__xor_pixel</a> from gl_mem_16bpp.o(i.__xor_pixel) referenced from gl_mem_16bpp.o(i.GL_MEM_16BPP_Init)
 <LI><a href="#[93]">__xor_pixel</a> from gl_mem_32bpp.o(i.__xor_pixel) referenced from gl_mem_32bpp.o(i.GL_MEM_32BPP_Init)
 <LI><a href="#[af]">__xor_pixel</a> from gl_mem_8bpp.o(i.__xor_pixel) referenced from gl_mem_8bpp.o(i.GL_MEM_8BPP_Init)
 <LI><a href="#[d3]">__xor_pixel</a> from gl_ext_lcd_16bit.o(i.__xor_pixel) referenced from gl_ext_lcd_16bit.o(i._GL_MPU_16BPP_Init)
 <LI><a href="#[73]">_gdHLine</a> from gd_line.o(i._gdHLine) referenced from gui_aa_core.o(i.EnableAntiAlias)
 <LI><a href="#[73]">_gdHLine</a> from gd_line.o(i._gdHLine) referenced from gui_gdi.o(i.InitDC)
 <LI><a href="#[ee]">_sputc</a> from printf8.o(i._sputc) referenced from printf8.o(i.__0sprintf$8)
 <LI><a href="#[135]">button_proc</a> from widget_button2.o(i.button_proc) referenced from widget_button2.o(.constdata)
 <LI><a href="#[cc]">desktop_proc</a> from gui_desktop.o(i.desktop_proc) referenced from gui_desktop.o(i.GUI_DesktopStartup)
 <LI><a href="#[cd]">font_read_data_exFlash</a> from gui_font_port.o(i.font_read_data_exFlash) referenced from gui_font_port.o(i.GUI_Init_Extern_Font_Stream)
 <LI><a href="#[ed]">fputc</a> from bsp_debug_usart.o(i.fputc) referenced from printf8.o(i.__0printf$8)
 <LI><a href="#[136]">groupbox_proc</a> from widget_groupbox2.o(i.groupbox_proc) referenced from widget_groupbox2.o(.constdata)
 <LI><a href="#[137]">listboxWinProc</a> from widget_listbox2.o(i.listboxWinProc) referenced from widget_listbox2.o(.constdata)
 <LI><a href="#[6d]">main</a> from main.o(i.main) referenced from entry9a.o(.ARM.Collect$$$$0000000B)
 <LI><a href="#[f2]">prvIdleTask</a> from tasks.o(i.prvIdleTask) referenced from tasks.o(i.vTaskStartScheduler)
 <LI><a href="#[f1]">prvTaskExitError</a> from port.o(i.prvTaskExitError) referenced from port.o(i.pxPortInitialiseStack)
 <LI><a href="#[13a]">textbox_proc</a> from widget_textbox2.o(i.textbox_proc) referenced from widget_textbox2.o(.constdata)
 <LI><a href="#[138]">win_proc</a> from widget_progressbar2.o(i.win_proc) referenced 2 times from widget_progressbar2.o(.constdata)
 <LI><a href="#[c9]">win_proc</a> from gui_boot_interface_dialog.o(i.win_proc) referenced from gui_boot_interface_dialog.o(i.GUI_Boot_Interface_Dialog)
 <LI><a href="#[ce]">win_proc</a> from gui_led_key_dialog.o(i.win_proc) referenced from gui_led_key_dialog.o(i.GUI_LED_KEY_Dialog)
 <LI><a href="#[cf]">win_proc</a> from gui_res_writer_dialog.o(i.win_proc) referenced from gui_res_writer_dialog.o(i.GUI_RES_Writer_Dialog)
</UL>
<P>
<H3>
Global Symbols
</H3>
<P><STRONG><a name="[6f]"></a>__main</STRONG> (Thumb, 0 bytes, Stack size unknown bytes, entry.o(.ARM.Collect$$$$00000000))
<BR>[Address Reference Count : 1]<UL><LI> startup_stm32f40xx.o(.text)
</UL>
<P><STRONG><a name="[510]"></a>_main_stk</STRONG> (Thumb, 0 bytes, Stack size unknown bytes, entry2.o(.ARM.Collect$$$$00000001))

<P><STRONG><a name="[13b]"></a>_main_scatterload</STRONG> (Thumb, 0 bytes, Stack size unknown bytes, entry5.o(.ARM.Collect$$$$00000004))
<BR><BR>[Calls]<UL><LI><a href="#[13c]">&gt;&gt;</a>&nbsp;&nbsp;&nbsp;__scatterload
</UL>

<P><STRONG><a name="[160]"></a>__main_after_scatterload</STRONG> (Thumb, 0 bytes, Stack size unknown bytes, entry5.o(.ARM.Collect$$$$00000004))
<BR><BR>[Called By]<UL><LI><a href="#[13c]">&gt;&gt;</a>&nbsp;&nbsp;&nbsp;__scatterload
</UL>

<P><STRONG><a name="[511]"></a>_main_clock</STRONG> (Thumb, 0 bytes, Stack size unknown bytes, entry7b.o(.ARM.Collect$$$$00000008))

<P><STRONG><a name="[512]"></a>_main_cpp_init</STRONG> (Thumb, 0 bytes, Stack size unknown bytes, entry8b.o(.ARM.Collect$$$$0000000A))

<P><STRONG><a name="[513]"></a>_main_init</STRONG> (Thumb, 0 bytes, Stack size unknown bytes, entry9a.o(.ARM.Collect$$$$0000000B))

<P><STRONG><a name="[514]"></a>__rt_lib_shutdown_fini</STRONG> (Thumb, 0 bytes, Stack size unknown bytes, entry12b.o(.ARM.Collect$$$$0000000E))

<P><STRONG><a name="[515]"></a>__rt_final_cpp</STRONG> (Thumb, 0 bytes, Stack size unknown bytes, entry10a.o(.ARM.Collect$$$$0000000F))

<P><STRONG><a name="[516]"></a>__rt_final_exit</STRONG> (Thumb, 0 bytes, Stack size unknown bytes, entry11a.o(.ARM.Collect$$$$00000011))

<P><STRONG><a name="[517]"></a>__asm___14_cm_backtrace_c_13c737ea__cmb_get_msp</STRONG> (Thumb, 6 bytes, Stack size 0 bytes, cm_backtrace.o(.emb_text), UNUSED)

<P><STRONG><a name="[43e]"></a>__asm___14_cm_backtrace_c_13c737ea__cmb_get_psp</STRONG> (Thumb, 6 bytes, Stack size 0 bytes, cm_backtrace.o(.emb_text))
<BR><BR>[Called By]<UL><LI><a href="#[13e]">&gt;&gt;</a>&nbsp;&nbsp;&nbsp;cm_backtrace_fault
<LI><a href="#[43b]">&gt;&gt;</a>&nbsp;&nbsp;&nbsp;cm_backtrace_call_stack
</UL>

<P><STRONG><a name="[43d]"></a>__asm___14_cm_backtrace_c_13c737ea__cmb_get_sp</STRONG> (Thumb, 4 bytes, Stack size 0 bytes, cm_backtrace.o(.emb_text))
<BR><BR>[Called By]<UL><LI><a href="#[43b]">&gt;&gt;</a>&nbsp;&nbsp;&nbsp;cm_backtrace_call_stack
</UL>

<P><STRONG><a name="[17]"></a>SVC_Handler</STRONG> (Thumb, 28 bytes, Stack size 0 bytes, port.o(.emb_text))
<BR>[Address Reference Count : 1]<UL><LI> startup_stm32f40xx.o(RESET)
</UL>
<P><STRONG><a name="[505]"></a>__asm___6_port_c_39a90d8d__prvStartFirstTask</STRONG> (Thumb, 28 bytes, Stack size 0 bytes, port.o(.emb_text))
<BR><BR>[Called By]<UL><LI><a href="#[4f6]">&gt;&gt;</a>&nbsp;&nbsp;&nbsp;xPortStartScheduler
</UL>

<P><STRONG><a name="[504]"></a>__asm___6_port_c_39a90d8d__prvEnableVFP</STRONG> (Thumb, 16 bytes, Stack size 0 bytes, port.o(.emb_text))
<BR><BR>[Called By]<UL><LI><a href="#[4f6]">&gt;&gt;</a>&nbsp;&nbsp;&nbsp;xPortStartScheduler
</UL>

<P><STRONG><a name="[19]"></a>PendSV_Handler</STRONG> (Thumb, 88 bytes, Stack size 0 bytes, port.o(.emb_text))
<BR><BR>[Stack]<UL><LI>Max Depth = 40<LI>Call Chain = PendSV_Handler &rArr; vTaskSwitchContext &rArr; __2printf
</UL>
<BR>[Calls]<UL><LI><a href="#[13d]">&gt;&gt;</a>&nbsp;&nbsp;&nbsp;vTaskSwitchContext
</UL>
<BR>[Address Reference Count : 1]<UL><LI> startup_stm32f40xx.o(RESET)
</UL>
<P><STRONG><a name="[4f0]"></a>vPortGetIPSR</STRONG> (Thumb, 6 bytes, Stack size 0 bytes, port.o(.emb_text))
<BR><BR>[Called By]<UL><LI><a href="#[4ef]">&gt;&gt;</a>&nbsp;&nbsp;&nbsp;vPortValidateInterruptPriority
</UL>

<P><STRONG><a name="[11]"></a>Reset_Handler</STRONG> (Thumb, 8 bytes, Stack size 0 bytes, startup_stm32f40xx.o(.text))
<BR>[Address Reference Count : 1]<UL><LI> startup_stm32f40xx.o(RESET)
</UL>
<P><STRONG><a name="[2f]"></a>CAN1_RX0_IRQHandler</STRONG> (Thumb, 0 bytes, Stack size 0 bytes, startup_stm32f40xx.o(.text))
<BR><BR>[Calls]<UL><LI><a href="#[2f]">&gt;&gt;</a>&nbsp;&nbsp;&nbsp;CAN1_RX0_IRQHandler
</UL>
<BR>[Called By]<UL><LI><a href="#[2f]">&gt;&gt;</a>&nbsp;&nbsp;&nbsp;CAN1_RX0_IRQHandler
</UL>
<BR>[Address Reference Count : 1]<UL><LI> startup_stm32f40xx.o(RESET)
</UL>
<P><STRONG><a name="[30]"></a>CAN1_RX1_IRQHandler</STRONG> (Thumb, 0 bytes, Stack size 0 bytes, startup_stm32f40xx.o(.text))
<BR>[Address Reference Count : 1]<UL><LI> startup_stm32f40xx.o(RESET)
</UL>
<P><STRONG><a name="[31]"></a>CAN1_SCE_IRQHandler</STRONG> (Thumb, 0 bytes, Stack size 0 bytes, startup_stm32f40xx.o(.text))
<BR>[Address Reference Count : 1]<UL><LI> startup_stm32f40xx.o(RESET)
</UL>
<P><STRONG><a name="[2e]"></a>CAN1_TX_IRQHandler</STRONG> (Thumb, 0 bytes, Stack size 0 bytes, startup_stm32f40xx.o(.text))
<BR>[Address Reference Count : 1]<UL><LI> startup_stm32f40xx.o(RESET)
</UL>
<P><STRONG><a name="[5b]"></a>CAN2_RX0_IRQHandler</STRONG> (Thumb, 0 bytes, Stack size 0 bytes, startup_stm32f40xx.o(.text))
<BR>[Address Reference Count : 1]<UL><LI> startup_stm32f40xx.o(RESET)
</UL>
<P><STRONG><a name="[5c]"></a>CAN2_RX1_IRQHandler</STRONG> (Thumb, 0 bytes, Stack size 0 bytes, startup_stm32f40xx.o(.text))
<BR>[Address Reference Count : 1]<UL><LI> startup_stm32f40xx.o(RESET)
</UL>
<P><STRONG><a name="[5d]"></a>CAN2_SCE_IRQHandler</STRONG> (Thumb, 0 bytes, Stack size 0 bytes, startup_stm32f40xx.o(.text))
<BR>[Address Reference Count : 1]<UL><LI> startup_stm32f40xx.o(RESET)
</UL>
<P><STRONG><a name="[5a]"></a>CAN2_TX_IRQHandler</STRONG> (Thumb, 0 bytes, Stack size 0 bytes, startup_stm32f40xx.o(.text))
<BR>[Address Reference Count : 1]<UL><LI> startup_stm32f40xx.o(RESET)
</UL>
<P><STRONG><a name="[6a]"></a>CRYP_IRQHandler</STRONG> (Thumb, 0 bytes, Stack size 0 bytes, startup_stm32f40xx.o(.text))
<BR>[Address Reference Count : 1]<UL><LI> startup_stm32f40xx.o(RESET)
</UL>
<P><STRONG><a name="[69]"></a>DCMI_IRQHandler</STRONG> (Thumb, 0 bytes, Stack size 0 bytes, startup_stm32f40xx.o(.text))
<BR>[Address Reference Count : 1]<UL><LI> startup_stm32f40xx.o(RESET)
</UL>
<P><STRONG><a name="[26]"></a>DMA1_Stream0_IRQHandler</STRONG> (Thumb, 0 bytes, Stack size 0 bytes, startup_stm32f40xx.o(.text))
<BR>[Address Reference Count : 1]<UL><LI> startup_stm32f40xx.o(RESET)
</UL>
<P><STRONG><a name="[27]"></a>DMA1_Stream1_IRQHandler</STRONG> (Thumb, 0 bytes, Stack size 0 bytes, startup_stm32f40xx.o(.text))
<BR>[Address Reference Count : 1]<UL><LI> startup_stm32f40xx.o(RESET)
</UL>
<P><STRONG><a name="[28]"></a>DMA1_Stream2_IRQHandler</STRONG> (Thumb, 0 bytes, Stack size 0 bytes, startup_stm32f40xx.o(.text))
<BR>[Address Reference Count : 1]<UL><LI> startup_stm32f40xx.o(RESET)
</UL>
<P><STRONG><a name="[29]"></a>DMA1_Stream3_IRQHandler</STRONG> (Thumb, 0 bytes, Stack size 0 bytes, startup_stm32f40xx.o(.text))
<BR>[Address Reference Count : 1]<UL><LI> startup_stm32f40xx.o(RESET)
</UL>
<P><STRONG><a name="[2a]"></a>DMA1_Stream4_IRQHandler</STRONG> (Thumb, 0 bytes, Stack size 0 bytes, startup_stm32f40xx.o(.text))
<BR>[Address Reference Count : 1]<UL><LI> startup_stm32f40xx.o(RESET)
</UL>
<P><STRONG><a name="[2b]"></a>DMA1_Stream5_IRQHandler</STRONG> (Thumb, 0 bytes, Stack size 0 bytes, startup_stm32f40xx.o(.text))
<BR>[Address Reference Count : 1]<UL><LI> startup_stm32f40xx.o(RESET)
</UL>
<P><STRONG><a name="[2c]"></a>DMA1_Stream6_IRQHandler</STRONG> (Thumb, 0 bytes, Stack size 0 bytes, startup_stm32f40xx.o(.text))
<BR>[Address Reference Count : 1]<UL><LI> startup_stm32f40xx.o(RESET)
</UL>
<P><STRONG><a name="[4a]"></a>DMA1_Stream7_IRQHandler</STRONG> (Thumb, 0 bytes, Stack size 0 bytes, startup_stm32f40xx.o(.text))
<BR>[Address Reference Count : 1]<UL><LI> startup_stm32f40xx.o(RESET)
</UL>
<P><STRONG><a name="[54]"></a>DMA2_Stream1_IRQHandler</STRONG> (Thumb, 0 bytes, Stack size 0 bytes, startup_stm32f40xx.o(.text))
<BR>[Address Reference Count : 1]<UL><LI> startup_stm32f40xx.o(RESET)
</UL>
<P><STRONG><a name="[55]"></a>DMA2_Stream2_IRQHandler</STRONG> (Thumb, 0 bytes, Stack size 0 bytes, startup_stm32f40xx.o(.text))
<BR>[Address Reference Count : 1]<UL><LI> startup_stm32f40xx.o(RESET)
</UL>
<P><STRONG><a name="[57]"></a>DMA2_Stream4_IRQHandler</STRONG> (Thumb, 0 bytes, Stack size 0 bytes, startup_stm32f40xx.o(.text))
<BR>[Address Reference Count : 1]<UL><LI> startup_stm32f40xx.o(RESET)
</UL>
<P><STRONG><a name="[5f]"></a>DMA2_Stream5_IRQHandler</STRONG> (Thumb, 0 bytes, Stack size 0 bytes, startup_stm32f40xx.o(.text))
<BR>[Address Reference Count : 1]<UL><LI> startup_stm32f40xx.o(RESET)
</UL>
<P><STRONG><a name="[60]"></a>DMA2_Stream6_IRQHandler</STRONG> (Thumb, 0 bytes, Stack size 0 bytes, startup_stm32f40xx.o(.text))
<BR>[Address Reference Count : 1]<UL><LI> startup_stm32f40xx.o(RESET)
</UL>
<P><STRONG><a name="[61]"></a>DMA2_Stream7_IRQHandler</STRONG> (Thumb, 0 bytes, Stack size 0 bytes, startup_stm32f40xx.o(.text))
<BR>[Address Reference Count : 1]<UL><LI> startup_stm32f40xx.o(RESET)
</UL>
<P><STRONG><a name="[58]"></a>ETH_IRQHandler</STRONG> (Thumb, 0 bytes, Stack size 0 bytes, startup_stm32f40xx.o(.text))
<BR>[Address Reference Count : 1]<UL><LI> startup_stm32f40xx.o(RESET)
</UL>
<P><STRONG><a name="[59]"></a>ETH_WKUP_IRQHandler</STRONG> (Thumb, 0 bytes, Stack size 0 bytes, startup_stm32f40xx.o(.text))
<BR>[Address Reference Count : 1]<UL><LI> startup_stm32f40xx.o(RESET)
</UL>
<P><STRONG><a name="[21]"></a>EXTI0_IRQHandler</STRONG> (Thumb, 0 bytes, Stack size 0 bytes, startup_stm32f40xx.o(.text))
<BR>[Address Reference Count : 1]<UL><LI> startup_stm32f40xx.o(RESET)
</UL>
<P><STRONG><a name="[43]"></a>EXTI15_10_IRQHandler</STRONG> (Thumb, 0 bytes, Stack size 0 bytes, startup_stm32f40xx.o(.text))
<BR>[Address Reference Count : 1]<UL><LI> startup_stm32f40xx.o(RESET)
</UL>
<P><STRONG><a name="[22]"></a>EXTI1_IRQHandler</STRONG> (Thumb, 0 bytes, Stack size 0 bytes, startup_stm32f40xx.o(.text))
<BR>[Address Reference Count : 1]<UL><LI> startup_stm32f40xx.o(RESET)
</UL>
<P><STRONG><a name="[23]"></a>EXTI2_IRQHandler</STRONG> (Thumb, 0 bytes, Stack size 0 bytes, startup_stm32f40xx.o(.text))
<BR>[Address Reference Count : 1]<UL><LI> startup_stm32f40xx.o(RESET)
</UL>
<P><STRONG><a name="[24]"></a>EXTI3_IRQHandler</STRONG> (Thumb, 0 bytes, Stack size 0 bytes, startup_stm32f40xx.o(.text))
<BR>[Address Reference Count : 1]<UL><LI> startup_stm32f40xx.o(RESET)
</UL>
<P><STRONG><a name="[25]"></a>EXTI4_IRQHandler</STRONG> (Thumb, 0 bytes, Stack size 0 bytes, startup_stm32f40xx.o(.text))
<BR>[Address Reference Count : 1]<UL><LI> startup_stm32f40xx.o(RESET)
</UL>
<P><STRONG><a name="[32]"></a>EXTI9_5_IRQHandler</STRONG> (Thumb, 0 bytes, Stack size 0 bytes, startup_stm32f40xx.o(.text))
<BR>[Address Reference Count : 1]<UL><LI> startup_stm32f40xx.o(RESET)
</UL>
<P><STRONG><a name="[1f]"></a>FLASH_IRQHandler</STRONG> (Thumb, 0 bytes, Stack size 0 bytes, startup_stm32f40xx.o(.text))
<BR>[Address Reference Count : 1]<UL><LI> startup_stm32f40xx.o(RESET)
</UL>
<P><STRONG><a name="[6c]"></a>FPU_IRQHandler</STRONG> (Thumb, 0 bytes, Stack size 0 bytes, startup_stm32f40xx.o(.text))
<BR>[Address Reference Count : 1]<UL><LI> startup_stm32f40xx.o(RESET)
</UL>
<P><STRONG><a name="[4b]"></a>FSMC_IRQHandler</STRONG> (Thumb, 0 bytes, Stack size 0 bytes, startup_stm32f40xx.o(.text))
<BR>[Address Reference Count : 1]<UL><LI> startup_stm32f40xx.o(RESET)
</UL>
<P><STRONG><a name="[6b]"></a>HASH_RNG_IRQHandler</STRONG> (Thumb, 0 bytes, Stack size 0 bytes, startup_stm32f40xx.o(.text))
<BR>[Address Reference Count : 1]<UL><LI> startup_stm32f40xx.o(RESET)
</UL>
<P><STRONG><a name="[3b]"></a>I2C1_ER_IRQHandler</STRONG> (Thumb, 0 bytes, Stack size 0 bytes, startup_stm32f40xx.o(.text))
<BR>[Address Reference Count : 1]<UL><LI> startup_stm32f40xx.o(RESET)
</UL>
<P><STRONG><a name="[3a]"></a>I2C1_EV_IRQHandler</STRONG> (Thumb, 0 bytes, Stack size 0 bytes, startup_stm32f40xx.o(.text))
<BR>[Address Reference Count : 1]<UL><LI> startup_stm32f40xx.o(RESET)
</UL>
<P><STRONG><a name="[3d]"></a>I2C2_ER_IRQHandler</STRONG> (Thumb, 0 bytes, Stack size 0 bytes, startup_stm32f40xx.o(.text))
<BR>[Address Reference Count : 1]<UL><LI> startup_stm32f40xx.o(RESET)
</UL>
<P><STRONG><a name="[3c]"></a>I2C2_EV_IRQHandler</STRONG> (Thumb, 0 bytes, Stack size 0 bytes, startup_stm32f40xx.o(.text))
<BR>[Address Reference Count : 1]<UL><LI> startup_stm32f40xx.o(RESET)
</UL>
<P><STRONG><a name="[64]"></a>I2C3_ER_IRQHandler</STRONG> (Thumb, 0 bytes, Stack size 0 bytes, startup_stm32f40xx.o(.text))
<BR>[Address Reference Count : 1]<UL><LI> startup_stm32f40xx.o(RESET)
</UL>
<P><STRONG><a name="[63]"></a>I2C3_EV_IRQHandler</STRONG> (Thumb, 0 bytes, Stack size 0 bytes, startup_stm32f40xx.o(.text))
<BR>[Address Reference Count : 1]<UL><LI> startup_stm32f40xx.o(RESET)
</UL>
<P><STRONG><a name="[45]"></a>OTG_FS_WKUP_IRQHandler</STRONG> (Thumb, 0 bytes, Stack size 0 bytes, startup_stm32f40xx.o(.text))
<BR>[Address Reference Count : 1]<UL><LI> startup_stm32f40xx.o(RESET)
</UL>
<P><STRONG><a name="[66]"></a>OTG_HS_EP1_IN_IRQHandler</STRONG> (Thumb, 0 bytes, Stack size 0 bytes, startup_stm32f40xx.o(.text))
<BR>[Address Reference Count : 1]<UL><LI> startup_stm32f40xx.o(RESET)
</UL>
<P><STRONG><a name="[65]"></a>OTG_HS_EP1_OUT_IRQHandler</STRONG> (Thumb, 0 bytes, Stack size 0 bytes, startup_stm32f40xx.o(.text))
<BR>[Address Reference Count : 1]<UL><LI> startup_stm32f40xx.o(RESET)
</UL>
<P><STRONG><a name="[68]"></a>OTG_HS_IRQHandler</STRONG> (Thumb, 0 bytes, Stack size 0 bytes, startup_stm32f40xx.o(.text))
<BR>[Address Reference Count : 1]<UL><LI> startup_stm32f40xx.o(RESET)
</UL>
<P><STRONG><a name="[67]"></a>OTG_HS_WKUP_IRQHandler</STRONG> (Thumb, 0 bytes, Stack size 0 bytes, startup_stm32f40xx.o(.text))
<BR>[Address Reference Count : 1]<UL><LI> startup_stm32f40xx.o(RESET)
</UL>
<P><STRONG><a name="[1c]"></a>PVD_IRQHandler</STRONG> (Thumb, 0 bytes, Stack size 0 bytes, startup_stm32f40xx.o(.text))
<BR>[Address Reference Count : 1]<UL><LI> startup_stm32f40xx.o(RESET)
</UL>
<P><STRONG><a name="[20]"></a>RCC_IRQHandler</STRONG> (Thumb, 0 bytes, Stack size 0 bytes, startup_stm32f40xx.o(.text))
<BR>[Address Reference Count : 1]<UL><LI> startup_stm32f40xx.o(RESET)
</UL>
<P><STRONG><a name="[44]"></a>RTC_Alarm_IRQHandler</STRONG> (Thumb, 0 bytes, Stack size 0 bytes, startup_stm32f40xx.o(.text))
<BR>[Address Reference Count : 1]<UL><LI> startup_stm32f40xx.o(RESET)
</UL>
<P><STRONG><a name="[1e]"></a>RTC_WKUP_IRQHandler</STRONG> (Thumb, 0 bytes, Stack size 0 bytes, startup_stm32f40xx.o(.text))
<BR>[Address Reference Count : 1]<UL><LI> startup_stm32f40xx.o(RESET)
</UL>
<P><STRONG><a name="[3e]"></a>SPI1_IRQHandler</STRONG> (Thumb, 0 bytes, Stack size 0 bytes, startup_stm32f40xx.o(.text))
<BR>[Address Reference Count : 1]<UL><LI> startup_stm32f40xx.o(RESET)
</UL>
<P><STRONG><a name="[3f]"></a>SPI2_IRQHandler</STRONG> (Thumb, 0 bytes, Stack size 0 bytes, startup_stm32f40xx.o(.text))
<BR>[Address Reference Count : 1]<UL><LI> startup_stm32f40xx.o(RESET)
</UL>
<P><STRONG><a name="[4e]"></a>SPI3_IRQHandler</STRONG> (Thumb, 0 bytes, Stack size 0 bytes, startup_stm32f40xx.o(.text))
<BR>[Address Reference Count : 1]<UL><LI> startup_stm32f40xx.o(RESET)
</UL>
<P><STRONG><a name="[1d]"></a>TAMP_STAMP_IRQHandler</STRONG> (Thumb, 0 bytes, Stack size 0 bytes, startup_stm32f40xx.o(.text))
<BR>[Address Reference Count : 1]<UL><LI> startup_stm32f40xx.o(RESET)
</UL>
<P><STRONG><a name="[33]"></a>TIM1_BRK_TIM9_IRQHandler</STRONG> (Thumb, 0 bytes, Stack size 0 bytes, startup_stm32f40xx.o(.text))
<BR>[Address Reference Count : 1]<UL><LI> startup_stm32f40xx.o(RESET)
</UL>
<P><STRONG><a name="[36]"></a>TIM1_CC_IRQHandler</STRONG> (Thumb, 0 bytes, Stack size 0 bytes, startup_stm32f40xx.o(.text))
<BR>[Address Reference Count : 1]<UL><LI> startup_stm32f40xx.o(RESET)
</UL>
<P><STRONG><a name="[35]"></a>TIM1_TRG_COM_TIM11_IRQHandler</STRONG> (Thumb, 0 bytes, Stack size 0 bytes, startup_stm32f40xx.o(.text))
<BR>[Address Reference Count : 1]<UL><LI> startup_stm32f40xx.o(RESET)
</UL>
<P><STRONG><a name="[34]"></a>TIM1_UP_TIM10_IRQHandler</STRONG> (Thumb, 0 bytes, Stack size 0 bytes, startup_stm32f40xx.o(.text))
<BR>[Address Reference Count : 1]<UL><LI> startup_stm32f40xx.o(RESET)
</UL>
<P><STRONG><a name="[37]"></a>TIM2_IRQHandler</STRONG> (Thumb, 0 bytes, Stack size 0 bytes, startup_stm32f40xx.o(.text))
<BR>[Address Reference Count : 1]<UL><LI> startup_stm32f40xx.o(RESET)
</UL>
<P><STRONG><a name="[38]"></a>TIM3_IRQHandler</STRONG> (Thumb, 0 bytes, Stack size 0 bytes, startup_stm32f40xx.o(.text))
<BR>[Address Reference Count : 1]<UL><LI> startup_stm32f40xx.o(RESET)
</UL>
<P><STRONG><a name="[39]"></a>TIM4_IRQHandler</STRONG> (Thumb, 0 bytes, Stack size 0 bytes, startup_stm32f40xx.o(.text))
<BR>[Address Reference Count : 1]<UL><LI> startup_stm32f40xx.o(RESET)
</UL>
<P><STRONG><a name="[4d]"></a>TIM5_IRQHandler</STRONG> (Thumb, 0 bytes, Stack size 0 bytes, startup_stm32f40xx.o(.text))
<BR>[Address Reference Count : 1]<UL><LI> startup_stm32f40xx.o(RESET)
</UL>
<P><STRONG><a name="[51]"></a>TIM6_DAC_IRQHandler</STRONG> (Thumb, 0 bytes, Stack size 0 bytes, startup_stm32f40xx.o(.text))
<BR>[Address Reference Count : 1]<UL><LI> startup_stm32f40xx.o(RESET)
</UL>
<P><STRONG><a name="[52]"></a>TIM7_IRQHandler</STRONG> (Thumb, 0 bytes, Stack size 0 bytes, startup_stm32f40xx.o(.text))
<BR>[Address Reference Count : 1]<UL><LI> startup_stm32f40xx.o(RESET)
</UL>
<P><STRONG><a name="[46]"></a>TIM8_BRK_TIM12_IRQHandler</STRONG> (Thumb, 0 bytes, Stack size 0 bytes, startup_stm32f40xx.o(.text))
<BR>[Address Reference Count : 1]<UL><LI> startup_stm32f40xx.o(RESET)
</UL>
<P><STRONG><a name="[49]"></a>TIM8_CC_IRQHandler</STRONG> (Thumb, 0 bytes, Stack size 0 bytes, startup_stm32f40xx.o(.text))
<BR>[Address Reference Count : 1]<UL><LI> startup_stm32f40xx.o(RESET)
</UL>
<P><STRONG><a name="[48]"></a>TIM8_TRG_COM_TIM14_IRQHandler</STRONG> (Thumb, 0 bytes, Stack size 0 bytes, startup_stm32f40xx.o(.text))
<BR>[Address Reference Count : 1]<UL><LI> startup_stm32f40xx.o(RESET)
</UL>
<P><STRONG><a name="[47]"></a>TIM8_UP_TIM13_IRQHandler</STRONG> (Thumb, 0 bytes, Stack size 0 bytes, startup_stm32f40xx.o(.text))
<BR>[Address Reference Count : 1]<UL><LI> startup_stm32f40xx.o(RESET)
</UL>
<P><STRONG><a name="[4f]"></a>UART4_IRQHandler</STRONG> (Thumb, 0 bytes, Stack size 0 bytes, startup_stm32f40xx.o(.text))
<BR>[Address Reference Count : 1]<UL><LI> startup_stm32f40xx.o(RESET)
</UL>
<P><STRONG><a name="[50]"></a>UART5_IRQHandler</STRONG> (Thumb, 0 bytes, Stack size 0 bytes, startup_stm32f40xx.o(.text))
<BR>[Address Reference Count : 1]<UL><LI> startup_stm32f40xx.o(RESET)
</UL>
<P><STRONG><a name="[40]"></a>USART1_IRQHandler</STRONG> (Thumb, 0 bytes, Stack size 0 bytes, startup_stm32f40xx.o(.text))
<BR>[Address Reference Count : 1]<UL><LI> startup_stm32f40xx.o(RESET)
</UL>
<P><STRONG><a name="[41]"></a>USART2_IRQHandler</STRONG> (Thumb, 0 bytes, Stack size 0 bytes, startup_stm32f40xx.o(.text))
<BR>[Address Reference Count : 1]<UL><LI> startup_stm32f40xx.o(RESET)
</UL>
<P><STRONG><a name="[42]"></a>USART3_IRQHandler</STRONG> (Thumb, 0 bytes, Stack size 0 bytes, startup_stm32f40xx.o(.text))
<BR>[Address Reference Count : 1]<UL><LI> startup_stm32f40xx.o(RESET)
</UL>
<P><STRONG><a name="[62]"></a>USART6_IRQHandler</STRONG> (Thumb, 0 bytes, Stack size 0 bytes, startup_stm32f40xx.o(.text))
<BR>[Address Reference Count : 1]<UL><LI> startup_stm32f40xx.o(RESET)
</UL>
<P><STRONG><a name="[1b]"></a>WWDG_IRQHandler</STRONG> (Thumb, 0 bytes, Stack size 0 bytes, startup_stm32f40xx.o(.text))
<BR>[Address Reference Count : 1]<UL><LI> startup_stm32f40xx.o(RESET)
</UL>
<P><STRONG><a name="[13]"></a>HardFault_Handler</STRONG> (Thumb, 12 bytes, Stack size 0 bytes, cmb_fault.o(.text))
<BR><BR>[Stack]<UL><LI>Max Depth = 264<LI>Call Chain = HardFault_Handler &rArr; cm_backtrace_fault &rArr; print_call_stack &rArr; cm_backtrace_call_stack &rArr; get_cur_thread_stack_info &rArr; __2printf
</UL>
<BR>[Calls]<UL><LI><a href="#[13e]">&gt;&gt;</a>&nbsp;&nbsp;&nbsp;cm_backtrace_fault
</UL>
<BR>[Address Reference Count : 1]<UL><LI> startup_stm32f40xx.o(RESET)
</UL>
<P><STRONG><a name="[13f]"></a>__aeabi_uldivmod</STRONG> (Thumb, 98 bytes, Stack size 40 bytes, uldiv.o(.text))
<BR><BR>[Stack]<UL><LI>Max Depth = 40<LI>Call Chain = __aeabi_uldivmod
</UL>
<BR>[Calls]<UL><LI><a href="#[140]">&gt;&gt;</a>&nbsp;&nbsp;&nbsp;__aeabi_llsr
<LI><a href="#[141]">&gt;&gt;</a>&nbsp;&nbsp;&nbsp;__aeabi_llsl
</UL>
<BR>[Called By]<UL><LI><a href="#[466]">&gt;&gt;</a>&nbsp;&nbsp;&nbsp;disk_ioctl
<LI><a href="#[3f8]">&gt;&gt;</a>&nbsp;&nbsp;&nbsp;_printf_core
</UL>

<P><STRONG><a name="[518]"></a>___aeabi_memcpy8$ret</STRONG> (Thumb, 0 bytes, Stack size 8 bytes, memcpy.o(.text), UNUSED)

<P><STRONG><a name="[182]"></a>__aeabi_memcpy</STRONG> (Thumb, 40 bytes, Stack size 8 bytes, memcpy.o(.text))
<BR><BR>[Stack]<UL><LI>Max Depth = 8<LI>Call Chain = __aeabi_memcpy
</UL>
<BR>[Called By]<UL><LI><a href="#[258]">&gt;&gt;</a>&nbsp;&nbsp;&nbsp;GTP_Execu
<LI><a href="#[4db]">&gt;&gt;</a>&nbsp;&nbsp;&nbsp;prvCopyDataToQueue
<LI><a href="#[4da]">&gt;&gt;</a>&nbsp;&nbsp;&nbsp;prvCopyDataFromQueue
<LI><a href="#[468]">&gt;&gt;</a>&nbsp;&nbsp;&nbsp;disk_write
<LI><a href="#[467]">&gt;&gt;</a>&nbsp;&nbsp;&nbsp;disk_read
<LI><a href="#[181]">&gt;&gt;</a>&nbsp;&nbsp;&nbsp;BMP_GetInfo
<LI><a href="#[1a1]">&gt;&gt;</a>&nbsp;&nbsp;&nbsp;Read_CatalogInfo
<LI><a href="#[f6]">&gt;&gt;</a>&nbsp;&nbsp;&nbsp;__create_font
<LI><a href="#[71]">&gt;&gt;</a>&nbsp;&nbsp;&nbsp;__mem_get_data
<LI><a href="#[7d]">&gt;&gt;</a>&nbsp;&nbsp;&nbsp;__copy_bits
<LI><a href="#[b5]">&gt;&gt;</a>&nbsp;&nbsp;&nbsp;__copy_bits
<LI><a href="#[2de]">&gt;&gt;</a>&nbsp;&nbsp;&nbsp;lodepng_realloc
<LI><a href="#[4c2]">&gt;&gt;</a>&nbsp;&nbsp;&nbsp;lodepng_inflatev
<LI><a href="#[a4]">&gt;&gt;</a>&nbsp;&nbsp;&nbsp;__draw_bitmap_XRGB8888
<LI><a href="#[99]">&gt;&gt;</a>&nbsp;&nbsp;&nbsp;__copy_bits
<LI><a href="#[83]">&gt;&gt;</a>&nbsp;&nbsp;&nbsp;__draw_bitmap_RGB565
</UL>

<P><STRONG><a name="[427]"></a>__aeabi_memcpy4</STRONG> (Thumb, 0 bytes, Stack size 8 bytes, memcpy.o(.text))
<BR><BR>[Stack]<UL><LI>Max Depth = 8<LI>Call Chain = __aeabi_memcpy4
</UL>
<BR>[Called By]<UL><LI><a href="#[13e]">&gt;&gt;</a>&nbsp;&nbsp;&nbsp;cm_backtrace_fault
<LI><a href="#[cf]">&gt;&gt;</a>&nbsp;&nbsp;&nbsp;win_proc
<LI><a href="#[336]">&gt;&gt;</a>&nbsp;&nbsp;&nbsp;_copy_msg
</UL>

<P><STRONG><a name="[519]"></a>memcpy</STRONG> (Thumb, 0 bytes, Stack size 8 bytes, memcpy.o(.text), UNUSED)

<P><STRONG><a name="[143]"></a>__aeabi_memset</STRONG> (Thumb, 14 bytes, Stack size 0 bytes, memseta.o(.text))
<BR><BR>[Called By]<UL><LI><a href="#[4e0]">&gt;&gt;</a>&nbsp;&nbsp;&nbsp;prvInitialiseNewTask
<LI><a href="#[2b9]">&gt;&gt;</a>&nbsp;&nbsp;&nbsp;GUI_memset8
<LI><a href="#[144]">&gt;&gt;</a>&nbsp;&nbsp;&nbsp;memset
<LI><a href="#[142]">&gt;&gt;</a>&nbsp;&nbsp;&nbsp;__aeabi_memclr
</UL>

<P><STRONG><a name="[51a]"></a>__aeabi_memset4</STRONG> (Thumb, 0 bytes, Stack size 0 bytes, memseta.o(.text), UNUSED)

<P><STRONG><a name="[51b]"></a>__aeabi_memset8</STRONG> (Thumb, 0 bytes, Stack size 0 bytes, memseta.o(.text), UNUSED)

<P><STRONG><a name="[142]"></a>__aeabi_memclr</STRONG> (Thumb, 4 bytes, Stack size 0 bytes, memseta.o(.text))
<BR><BR>[Calls]<UL><LI><a href="#[143]">&gt;&gt;</a>&nbsp;&nbsp;&nbsp;__aeabi_memset
</UL>
<BR>[Called By]<UL><LI><a href="#[16d]">&gt;&gt;</a>&nbsp;&nbsp;&nbsp;_CleanLine
</UL>

<P><STRONG><a name="[1df]"></a>__aeabi_memclr4</STRONG> (Thumb, 0 bytes, Stack size 0 bytes, memseta.o(.text))
<BR><BR>[Called By]<UL><LI><a href="#[444]">&gt;&gt;</a>&nbsp;&nbsp;&nbsp;print_call_stack
<LI><a href="#[258]">&gt;&gt;</a>&nbsp;&nbsp;&nbsp;GTP_Execu
<LI><a href="#[1ca]">&gt;&gt;</a>&nbsp;&nbsp;&nbsp;DC_Alloc
<LI><a href="#[4b2]">&gt;&gt;</a>&nbsp;&nbsp;&nbsp;listbox_item_alloc
</UL>

<P><STRONG><a name="[51c]"></a>__aeabi_memclr8</STRONG> (Thumb, 0 bytes, Stack size 0 bytes, memseta.o(.text), UNUSED)

<P><STRONG><a name="[144]"></a>memset</STRONG> (Thumb, 18 bytes, Stack size 8 bytes, memseta.o(.text), UNUSED)
<BR><BR>[Calls]<UL><LI><a href="#[143]">&gt;&gt;</a>&nbsp;&nbsp;&nbsp;__aeabi_memset
</UL>

<P><STRONG><a name="[305]"></a>strlen</STRONG> (Thumb, 14 bytes, Stack size 0 bytes, strlen.o(.text))
<BR><BR>[Called By]<UL><LI><a href="#[1a1]">&gt;&gt;</a>&nbsp;&nbsp;&nbsp;Read_CatalogInfo
<LI><a href="#[19d]">&gt;&gt;</a>&nbsp;&nbsp;&nbsp;Make_Catalog
<LI><a href="#[302]">&gt;&gt;</a>&nbsp;&nbsp;&nbsp;Is_Ignore
<LI><a href="#[4ba]">&gt;&gt;</a>&nbsp;&nbsp;&nbsp;string_set
<LI><a href="#[44e]">&gt;&gt;</a>&nbsp;&nbsp;&nbsp;decodeGeneric
</UL>

<P><STRONG><a name="[197]"></a>strcpy</STRONG> (Thumb, 18 bytes, Stack size 0 bytes, strcpy.o(.text))
<BR><BR>[Called By]<UL><LI><a href="#[302]">&gt;&gt;</a>&nbsp;&nbsp;&nbsp;Is_Ignore
<LI><a href="#[173]">&gt;&gt;</a>&nbsp;&nbsp;&nbsp;BurnFile
</UL>

<P><STRONG><a name="[303]"></a>strrchr</STRONG> (Thumb, 22 bytes, Stack size 0 bytes, strrchr.o(.text))
<BR><BR>[Called By]<UL><LI><a href="#[302]">&gt;&gt;</a>&nbsp;&nbsp;&nbsp;Is_Ignore
</UL>

<P><STRONG><a name="[145]"></a>strcasecmp</STRONG> (Thumb, 42 bytes, Stack size 24 bytes, strcasecmp.o(.text))
<BR><BR>[Stack]<UL><LI>Max Depth = 24<LI>Call Chain = strcasecmp
</UL>
<BR>[Calls]<UL><LI><a href="#[146]">&gt;&gt;</a>&nbsp;&nbsp;&nbsp;tolower
</UL>
<BR>[Called By]<UL><LI><a href="#[19d]">&gt;&gt;</a>&nbsp;&nbsp;&nbsp;Make_Catalog
<LI><a href="#[302]">&gt;&gt;</a>&nbsp;&nbsp;&nbsp;Is_Ignore
</UL>

<P><STRONG><a name="[147]"></a>atoi</STRONG> (Thumb, 26 bytes, Stack size 16 bytes, atoi.o(.text))
<BR><BR>[Stack]<UL><LI>Max Depth = 88<LI>Call Chain = atoi &rArr; strtol &rArr; _strtoul
</UL>
<BR>[Calls]<UL><LI><a href="#[149]">&gt;&gt;</a>&nbsp;&nbsp;&nbsp;strtol
<LI><a href="#[148]">&gt;&gt;</a>&nbsp;&nbsp;&nbsp;__aeabi_errno_addr
</UL>
<BR>[Called By]<UL><LI><a href="#[1a1]">&gt;&gt;</a>&nbsp;&nbsp;&nbsp;Read_CatalogInfo
</UL>

<P><STRONG><a name="[14a]"></a>__aeabi_fadd</STRONG> (Thumb, 164 bytes, Stack size 16 bytes, fadd.o(.text))
<BR><BR>[Stack]<UL><LI>Max Depth = 20<LI>Call Chain = __aeabi_fadd &rArr; _float_epilogue
</UL>
<BR>[Calls]<UL><LI><a href="#[14c]">&gt;&gt;</a>&nbsp;&nbsp;&nbsp;_float_round
<LI><a href="#[14b]">&gt;&gt;</a>&nbsp;&nbsp;&nbsp;_float_epilogue
</UL>
<BR>[Called By]<UL><LI><a href="#[14d]">&gt;&gt;</a>&nbsp;&nbsp;&nbsp;__aeabi_fsub
<LI><a href="#[20c]">&gt;&gt;</a>&nbsp;&nbsp;&nbsp;DrawCircle
<LI><a href="#[163]">&gt;&gt;</a>&nbsp;&nbsp;&nbsp;_Wu_DrawBoldLine
<LI><a href="#[14e]">&gt;&gt;</a>&nbsp;&nbsp;&nbsp;__aeabi_frsub
<LI><a href="#[399]">&gt;&gt;</a>&nbsp;&nbsp;&nbsp;_CalcInterSectLin
</UL>

<P><STRONG><a name="[14d]"></a>__aeabi_fsub</STRONG> (Thumb, 6 bytes, Stack size 0 bytes, fadd.o(.text))
<BR><BR>[Stack]<UL><LI>Max Depth = 20<LI>Call Chain = __aeabi_fsub &rArr; __aeabi_fadd &rArr; _float_epilogue
</UL>
<BR>[Calls]<UL><LI><a href="#[14a]">&gt;&gt;</a>&nbsp;&nbsp;&nbsp;__aeabi_fadd
</UL>
<BR>[Called By]<UL><LI><a href="#[20c]">&gt;&gt;</a>&nbsp;&nbsp;&nbsp;DrawCircle
<LI><a href="#[163]">&gt;&gt;</a>&nbsp;&nbsp;&nbsp;_Wu_DrawBoldLine
<LI><a href="#[399]">&gt;&gt;</a>&nbsp;&nbsp;&nbsp;_CalcInterSectLin
</UL>

<P><STRONG><a name="[14e]"></a>__aeabi_frsub</STRONG> (Thumb, 6 bytes, Stack size 0 bytes, fadd.o(.text))
<BR><BR>[Stack]<UL><LI>Max Depth = 20<LI>Call Chain = __aeabi_frsub &rArr; __aeabi_fadd &rArr; _float_epilogue
</UL>
<BR>[Calls]<UL><LI><a href="#[14a]">&gt;&gt;</a>&nbsp;&nbsp;&nbsp;__aeabi_fadd
</UL>
<BR>[Called By]<UL><LI><a href="#[163]">&gt;&gt;</a>&nbsp;&nbsp;&nbsp;_Wu_DrawBoldLine
</UL>

<P><STRONG><a name="[39b]"></a>__aeabi_fmul</STRONG> (Thumb, 100 bytes, Stack size 8 bytes, fmul.o(.text))
<BR><BR>[Stack]<UL><LI>Max Depth = 8<LI>Call Chain = __aeabi_fmul
</UL>
<BR>[Called By]<UL><LI><a href="#[163]">&gt;&gt;</a>&nbsp;&nbsp;&nbsp;_Wu_DrawBoldLine
<LI><a href="#[c7]">&gt;&gt;</a>&nbsp;&nbsp;&nbsp;__rotate_bitmap
<LI><a href="#[256]">&gt;&gt;</a>&nbsp;&nbsp;&nbsp;_DrawArc
<LI><a href="#[399]">&gt;&gt;</a>&nbsp;&nbsp;&nbsp;_CalcInterSectLin
<LI><a href="#[eb]">&gt;&gt;</a>&nbsp;&nbsp;&nbsp;__rotate_bitmap
<LI><a href="#[ab]">&gt;&gt;</a>&nbsp;&nbsp;&nbsp;__rotate_bitmap
<LI><a href="#[8f]">&gt;&gt;</a>&nbsp;&nbsp;&nbsp;__rotate_bitmap
</UL>

<P><STRONG><a name="[14f]"></a>__aeabi_fdiv</STRONG> (Thumb, 124 bytes, Stack size 8 bytes, fdiv.o(.text))
<BR><BR>[Stack]<UL><LI>Max Depth = 8<LI>Call Chain = __aeabi_fdiv
</UL>
<BR>[Calls]<UL><LI><a href="#[14c]">&gt;&gt;</a>&nbsp;&nbsp;&nbsp;_float_round
</UL>
<BR>[Called By]<UL><LI><a href="#[20c]">&gt;&gt;</a>&nbsp;&nbsp;&nbsp;DrawCircle
<LI><a href="#[163]">&gt;&gt;</a>&nbsp;&nbsp;&nbsp;_Wu_DrawBoldLine
<LI><a href="#[c7]">&gt;&gt;</a>&nbsp;&nbsp;&nbsp;__rotate_bitmap
<LI><a href="#[256]">&gt;&gt;</a>&nbsp;&nbsp;&nbsp;_DrawArc
<LI><a href="#[399]">&gt;&gt;</a>&nbsp;&nbsp;&nbsp;_CalcInterSectLin
<LI><a href="#[eb]">&gt;&gt;</a>&nbsp;&nbsp;&nbsp;__rotate_bitmap
<LI><a href="#[ab]">&gt;&gt;</a>&nbsp;&nbsp;&nbsp;__rotate_bitmap
<LI><a href="#[8f]">&gt;&gt;</a>&nbsp;&nbsp;&nbsp;__rotate_bitmap
</UL>

<P><STRONG><a name="[150]"></a>__aeabi_dadd</STRONG> (Thumb, 322 bytes, Stack size 48 bytes, dadd.o(.text))
<BR><BR>[Stack]<UL><LI>Max Depth = 88<LI>Call Chain = __aeabi_dadd &rArr; _double_epilogue &rArr; _double_round
</UL>
<BR>[Calls]<UL><LI><a href="#[151]">&gt;&gt;</a>&nbsp;&nbsp;&nbsp;__aeabi_lasr
<LI><a href="#[141]">&gt;&gt;</a>&nbsp;&nbsp;&nbsp;__aeabi_llsl
<LI><a href="#[153]">&gt;&gt;</a>&nbsp;&nbsp;&nbsp;_double_round
<LI><a href="#[152]">&gt;&gt;</a>&nbsp;&nbsp;&nbsp;_double_epilogue
</UL>
<BR>[Called By]<UL><LI><a href="#[154]">&gt;&gt;</a>&nbsp;&nbsp;&nbsp;__aeabi_dsub
<LI><a href="#[31a]">&gt;&gt;</a>&nbsp;&nbsp;&nbsp;solid_line
<LI><a href="#[469]">&gt;&gt;</a>&nbsp;&nbsp;&nbsp;double_val_init
<LI><a href="#[155]">&gt;&gt;</a>&nbsp;&nbsp;&nbsp;__aeabi_drsub
<LI><a href="#[417]">&gt;&gt;</a>&nbsp;&nbsp;&nbsp;__hardfp_floor
<LI><a href="#[40e]">&gt;&gt;</a>&nbsp;&nbsp;&nbsp;__hardfp_ceil
<LI><a href="#[41a]">&gt;&gt;</a>&nbsp;&nbsp;&nbsp;__kernel_poly
<LI><a href="#[415]">&gt;&gt;</a>&nbsp;&nbsp;&nbsp;__kernel_sin
<LI><a href="#[414]">&gt;&gt;</a>&nbsp;&nbsp;&nbsp;__ieee754_rem_pio2
<LI><a href="#[413]">&gt;&gt;</a>&nbsp;&nbsp;&nbsp;__mathlib_dbl_infnan
</UL>

<P><STRONG><a name="[154]"></a>__aeabi_dsub</STRONG> (Thumb, 6 bytes, Stack size 0 bytes, dadd.o(.text))
<BR><BR>[Stack]<UL><LI>Max Depth = 88<LI>Call Chain = __aeabi_dsub &rArr; __aeabi_dadd &rArr; _double_epilogue &rArr; _double_round
</UL>
<BR>[Calls]<UL><LI><a href="#[150]">&gt;&gt;</a>&nbsp;&nbsp;&nbsp;__aeabi_dadd
</UL>
<BR>[Called By]<UL><LI><a href="#[31a]">&gt;&gt;</a>&nbsp;&nbsp;&nbsp;solid_line
<LI><a href="#[469]">&gt;&gt;</a>&nbsp;&nbsp;&nbsp;double_val_init
<LI><a href="#[415]">&gt;&gt;</a>&nbsp;&nbsp;&nbsp;__kernel_sin
<LI><a href="#[414]">&gt;&gt;</a>&nbsp;&nbsp;&nbsp;__ieee754_rem_pio2
<LI><a href="#[416]">&gt;&gt;</a>&nbsp;&nbsp;&nbsp;__kernel_cos
</UL>

<P><STRONG><a name="[155]"></a>__aeabi_drsub</STRONG> (Thumb, 6 bytes, Stack size 0 bytes, dadd.o(.text))
<BR><BR>[Stack]<UL><LI>Max Depth = 88<LI>Call Chain = __aeabi_drsub &rArr; __aeabi_dadd &rArr; _double_epilogue &rArr; _double_round
</UL>
<BR>[Calls]<UL><LI><a href="#[150]">&gt;&gt;</a>&nbsp;&nbsp;&nbsp;__aeabi_dadd
</UL>
<BR>[Called By]<UL><LI><a href="#[50d]">&gt;&gt;</a>&nbsp;&nbsp;&nbsp;x_wvsprintf
<LI><a href="#[417]">&gt;&gt;</a>&nbsp;&nbsp;&nbsp;__hardfp_floor
<LI><a href="#[40e]">&gt;&gt;</a>&nbsp;&nbsp;&nbsp;__hardfp_ceil
<LI><a href="#[415]">&gt;&gt;</a>&nbsp;&nbsp;&nbsp;__kernel_sin
<LI><a href="#[414]">&gt;&gt;</a>&nbsp;&nbsp;&nbsp;__ieee754_rem_pio2
<LI><a href="#[416]">&gt;&gt;</a>&nbsp;&nbsp;&nbsp;__kernel_cos
</UL>

<P><STRONG><a name="[156]"></a>__aeabi_dmul</STRONG> (Thumb, 228 bytes, Stack size 48 bytes, dmul.o(.text))
<BR><BR>[Stack]<UL><LI>Max Depth = 88<LI>Call Chain = __aeabi_dmul &rArr; _double_epilogue &rArr; _double_round
</UL>
<BR>[Calls]<UL><LI><a href="#[152]">&gt;&gt;</a>&nbsp;&nbsp;&nbsp;_double_epilogue
</UL>
<BR>[Called By]<UL><LI><a href="#[31a]">&gt;&gt;</a>&nbsp;&nbsp;&nbsp;solid_line
<LI><a href="#[50d]">&gt;&gt;</a>&nbsp;&nbsp;&nbsp;x_wvsprintf
<LI><a href="#[41a]">&gt;&gt;</a>&nbsp;&nbsp;&nbsp;__kernel_poly
<LI><a href="#[415]">&gt;&gt;</a>&nbsp;&nbsp;&nbsp;__kernel_sin
<LI><a href="#[414]">&gt;&gt;</a>&nbsp;&nbsp;&nbsp;__ieee754_rem_pio2
<LI><a href="#[41c]">&gt;&gt;</a>&nbsp;&nbsp;&nbsp;__mathlib_dbl_underflow
<LI><a href="#[416]">&gt;&gt;</a>&nbsp;&nbsp;&nbsp;__kernel_cos
</UL>

<P><STRONG><a name="[157]"></a>__aeabi_ddiv</STRONG> (Thumb, 222 bytes, Stack size 32 bytes, ddiv.o(.text))
<BR><BR>[Stack]<UL><LI>Max Depth = 40<LI>Call Chain = __aeabi_ddiv &rArr; _double_round
</UL>
<BR>[Calls]<UL><LI><a href="#[153]">&gt;&gt;</a>&nbsp;&nbsp;&nbsp;_double_round
</UL>
<BR>[Called By]<UL><LI><a href="#[31a]">&gt;&gt;</a>&nbsp;&nbsp;&nbsp;solid_line
<LI><a href="#[412]">&gt;&gt;</a>&nbsp;&nbsp;&nbsp;__mathlib_dbl_invalid
</UL>

<P><STRONG><a name="[158]"></a>__aeabi_i2f</STRONG> (Thumb, 18 bytes, Stack size 0 bytes, fflti.o(.text))
<BR><BR>[Stack]<UL><LI>Max Depth = 4<LI>Call Chain = __aeabi_i2f &rArr; _float_epilogue
</UL>
<BR>[Calls]<UL><LI><a href="#[14b]">&gt;&gt;</a>&nbsp;&nbsp;&nbsp;_float_epilogue
</UL>
<BR>[Called By]<UL><LI><a href="#[20c]">&gt;&gt;</a>&nbsp;&nbsp;&nbsp;DrawCircle
<LI><a href="#[163]">&gt;&gt;</a>&nbsp;&nbsp;&nbsp;_Wu_DrawBoldLine
<LI><a href="#[c7]">&gt;&gt;</a>&nbsp;&nbsp;&nbsp;__rotate_bitmap
<LI><a href="#[256]">&gt;&gt;</a>&nbsp;&nbsp;&nbsp;_DrawArc
<LI><a href="#[eb]">&gt;&gt;</a>&nbsp;&nbsp;&nbsp;__rotate_bitmap
<LI><a href="#[ab]">&gt;&gt;</a>&nbsp;&nbsp;&nbsp;__rotate_bitmap
<LI><a href="#[8f]">&gt;&gt;</a>&nbsp;&nbsp;&nbsp;__rotate_bitmap
</UL>

<P><STRONG><a name="[159]"></a>__aeabi_i2d</STRONG> (Thumb, 34 bytes, Stack size 16 bytes, dflti.o(.text))
<BR><BR>[Stack]<UL><LI>Max Depth = 56<LI>Call Chain = __aeabi_i2d &rArr; _double_epilogue &rArr; _double_round
</UL>
<BR>[Calls]<UL><LI><a href="#[152]">&gt;&gt;</a>&nbsp;&nbsp;&nbsp;_double_epilogue
</UL>
<BR>[Called By]<UL><LI><a href="#[31a]">&gt;&gt;</a>&nbsp;&nbsp;&nbsp;solid_line
<LI><a href="#[50d]">&gt;&gt;</a>&nbsp;&nbsp;&nbsp;x_wvsprintf
<LI><a href="#[414]">&gt;&gt;</a>&nbsp;&nbsp;&nbsp;__ieee754_rem_pio2
</UL>

<P><STRONG><a name="[15a]"></a>__aeabi_ui2d</STRONG> (Thumb, 26 bytes, Stack size 16 bytes, dfltui.o(.text))
<BR><BR>[Stack]<UL><LI>Max Depth = 56<LI>Call Chain = __aeabi_ui2d &rArr; _double_epilogue &rArr; _double_round
</UL>
<BR>[Calls]<UL><LI><a href="#[152]">&gt;&gt;</a>&nbsp;&nbsp;&nbsp;_double_epilogue
</UL>
<BR>[Called By]<UL><LI><a href="#[414]">&gt;&gt;</a>&nbsp;&nbsp;&nbsp;__ieee754_rem_pio2
</UL>

<P><STRONG><a name="[20d]"></a>__aeabi_f2iz</STRONG> (Thumb, 50 bytes, Stack size 0 bytes, ffixi.o(.text))
<BR><BR>[Called By]<UL><LI><a href="#[20c]">&gt;&gt;</a>&nbsp;&nbsp;&nbsp;DrawCircle
<LI><a href="#[163]">&gt;&gt;</a>&nbsp;&nbsp;&nbsp;_Wu_DrawBoldLine
<LI><a href="#[c7]">&gt;&gt;</a>&nbsp;&nbsp;&nbsp;__rotate_bitmap
<LI><a href="#[256]">&gt;&gt;</a>&nbsp;&nbsp;&nbsp;_DrawArc
<LI><a href="#[eb]">&gt;&gt;</a>&nbsp;&nbsp;&nbsp;__rotate_bitmap
<LI><a href="#[ab]">&gt;&gt;</a>&nbsp;&nbsp;&nbsp;__rotate_bitmap
<LI><a href="#[8f]">&gt;&gt;</a>&nbsp;&nbsp;&nbsp;__rotate_bitmap
</UL>

<P><STRONG><a name="[3d0]"></a>__aeabi_f2uiz</STRONG> (Thumb, 40 bytes, Stack size 0 bytes, ffixui.o(.text))
<BR><BR>[Called By]<UL><LI><a href="#[163]">&gt;&gt;</a>&nbsp;&nbsp;&nbsp;_Wu_DrawBoldLine
</UL>

<P><STRONG><a name="[15b]"></a>__aeabi_d2iz</STRONG> (Thumb, 62 bytes, Stack size 16 bytes, dfixi.o(.text))
<BR><BR>[Stack]<UL><LI>Max Depth = 16<LI>Call Chain = __aeabi_d2iz
</UL>
<BR>[Calls]<UL><LI><a href="#[140]">&gt;&gt;</a>&nbsp;&nbsp;&nbsp;__aeabi_llsr
</UL>
<BR>[Called By]<UL><LI><a href="#[31a]">&gt;&gt;</a>&nbsp;&nbsp;&nbsp;solid_line
<LI><a href="#[256]">&gt;&gt;</a>&nbsp;&nbsp;&nbsp;_DrawArc
<LI><a href="#[50d]">&gt;&gt;</a>&nbsp;&nbsp;&nbsp;x_wvsprintf
<LI><a href="#[414]">&gt;&gt;</a>&nbsp;&nbsp;&nbsp;__ieee754_rem_pio2
<LI><a href="#[416]">&gt;&gt;</a>&nbsp;&nbsp;&nbsp;__kernel_cos
</UL>

<P><STRONG><a name="[15c]"></a>__aeabi_d2uiz</STRONG> (Thumb, 50 bytes, Stack size 8 bytes, dfixui.o(.text))
<BR><BR>[Stack]<UL><LI>Max Depth = 8<LI>Call Chain = __aeabi_d2uiz
</UL>
<BR>[Calls]<UL><LI><a href="#[140]">&gt;&gt;</a>&nbsp;&nbsp;&nbsp;__aeabi_llsr
</UL>
<BR>[Called By]<UL><LI><a href="#[50d]">&gt;&gt;</a>&nbsp;&nbsp;&nbsp;x_wvsprintf
</UL>

<P><STRONG><a name="[3a8]"></a>__aeabi_f2d</STRONG> (Thumb, 38 bytes, Stack size 0 bytes, f2d.o(.text))
<BR><BR>[Called By]<UL><LI><a href="#[c7]">&gt;&gt;</a>&nbsp;&nbsp;&nbsp;__rotate_bitmap
<LI><a href="#[256]">&gt;&gt;</a>&nbsp;&nbsp;&nbsp;_DrawArc
<LI><a href="#[eb]">&gt;&gt;</a>&nbsp;&nbsp;&nbsp;__rotate_bitmap
<LI><a href="#[ab]">&gt;&gt;</a>&nbsp;&nbsp;&nbsp;__rotate_bitmap
<LI><a href="#[8f]">&gt;&gt;</a>&nbsp;&nbsp;&nbsp;__rotate_bitmap
</UL>

<P><STRONG><a name="[51d]"></a>__aeabi_cdcmpeq</STRONG> (Thumb, 0 bytes, Stack size 0 bytes, cdcmple.o(.text), UNUSED)

<P><STRONG><a name="[46a]"></a>__aeabi_cdcmple</STRONG> (Thumb, 48 bytes, Stack size 0 bytes, cdcmple.o(.text))
<BR><BR>[Called By]<UL><LI><a href="#[50d]">&gt;&gt;</a>&nbsp;&nbsp;&nbsp;x_wvsprintf
<LI><a href="#[469]">&gt;&gt;</a>&nbsp;&nbsp;&nbsp;double_val_init
</UL>

<P><STRONG><a name="[40f]"></a>__aeabi_cdrcmple</STRONG> (Thumb, 48 bytes, Stack size 0 bytes, cdrcmple.o(.text))
<BR><BR>[Called By]<UL><LI><a href="#[469]">&gt;&gt;</a>&nbsp;&nbsp;&nbsp;double_val_init
<LI><a href="#[417]">&gt;&gt;</a>&nbsp;&nbsp;&nbsp;__hardfp_floor
<LI><a href="#[40e]">&gt;&gt;</a>&nbsp;&nbsp;&nbsp;__hardfp_ceil
</UL>

<P><STRONG><a name="[15d]"></a>__aeabi_d2f</STRONG> (Thumb, 56 bytes, Stack size 8 bytes, d2f.o(.text))
<BR><BR>[Stack]<UL><LI>Max Depth = 8<LI>Call Chain = __aeabi_d2f
</UL>
<BR>[Calls]<UL><LI><a href="#[14c]">&gt;&gt;</a>&nbsp;&nbsp;&nbsp;_float_round
</UL>
<BR>[Called By]<UL><LI><a href="#[c7]">&gt;&gt;</a>&nbsp;&nbsp;&nbsp;__rotate_bitmap
<LI><a href="#[256]">&gt;&gt;</a>&nbsp;&nbsp;&nbsp;_DrawArc
<LI><a href="#[eb]">&gt;&gt;</a>&nbsp;&nbsp;&nbsp;__rotate_bitmap
<LI><a href="#[ab]">&gt;&gt;</a>&nbsp;&nbsp;&nbsp;__rotate_bitmap
<LI><a href="#[8f]">&gt;&gt;</a>&nbsp;&nbsp;&nbsp;__rotate_bitmap
</UL>

<P><STRONG><a name="[39a]"></a>__aeabi_cfcmpeq</STRONG> (Thumb, 0 bytes, Stack size 0 bytes, cfcmple.o(.text))
<BR><BR>[Called By]<UL><LI><a href="#[399]">&gt;&gt;</a>&nbsp;&nbsp;&nbsp;_CalcInterSectLin
</UL>

<P><STRONG><a name="[3ae]"></a>__aeabi_cfcmple</STRONG> (Thumb, 20 bytes, Stack size 0 bytes, cfcmple.o(.text))
<BR><BR>[Called By]<UL><LI><a href="#[256]">&gt;&gt;</a>&nbsp;&nbsp;&nbsp;_DrawArc
</UL>

<P><STRONG><a name="[3af]"></a>__aeabi_cfrcmple</STRONG> (Thumb, 20 bytes, Stack size 0 bytes, cfrcmple.o(.text))
<BR><BR>[Called By]<UL><LI><a href="#[256]">&gt;&gt;</a>&nbsp;&nbsp;&nbsp;_DrawArc
</UL>

<P><STRONG><a name="[141]"></a>__aeabi_llsl</STRONG> (Thumb, 30 bytes, Stack size 0 bytes, llshl.o(.text))
<BR><BR>[Called By]<UL><LI><a href="#[150]">&gt;&gt;</a>&nbsp;&nbsp;&nbsp;__aeabi_dadd
<LI><a href="#[13f]">&gt;&gt;</a>&nbsp;&nbsp;&nbsp;__aeabi_uldivmod
<LI><a href="#[152]">&gt;&gt;</a>&nbsp;&nbsp;&nbsp;_double_epilogue
</UL>

<P><STRONG><a name="[51e]"></a>_ll_shift_l</STRONG> (Thumb, 0 bytes, Stack size 0 bytes, llshl.o(.text), UNUSED)

<P><STRONG><a name="[140]"></a>__aeabi_llsr</STRONG> (Thumb, 32 bytes, Stack size 0 bytes, llushr.o(.text))
<BR><BR>[Called By]<UL><LI><a href="#[15b]">&gt;&gt;</a>&nbsp;&nbsp;&nbsp;__aeabi_d2iz
<LI><a href="#[15c]">&gt;&gt;</a>&nbsp;&nbsp;&nbsp;__aeabi_d2uiz
<LI><a href="#[13f]">&gt;&gt;</a>&nbsp;&nbsp;&nbsp;__aeabi_uldivmod
<LI><a href="#[152]">&gt;&gt;</a>&nbsp;&nbsp;&nbsp;_double_epilogue
</UL>

<P><STRONG><a name="[51f]"></a>_ll_ushift_r</STRONG> (Thumb, 0 bytes, Stack size 0 bytes, llushr.o(.text), UNUSED)

<P><STRONG><a name="[151]"></a>__aeabi_lasr</STRONG> (Thumb, 36 bytes, Stack size 0 bytes, llsshr.o(.text))
<BR><BR>[Called By]<UL><LI><a href="#[150]">&gt;&gt;</a>&nbsp;&nbsp;&nbsp;__aeabi_dadd
</UL>

<P><STRONG><a name="[520]"></a>_ll_sshift_r</STRONG> (Thumb, 0 bytes, Stack size 0 bytes, llsshr.o(.text), UNUSED)

<P><STRONG><a name="[146]"></a>tolower</STRONG> (Thumb, 12 bytes, Stack size 0 bytes, tolower.o(.text))
<BR><BR>[Called By]<UL><LI><a href="#[145]">&gt;&gt;</a>&nbsp;&nbsp;&nbsp;strcasecmp
</UL>

<P><STRONG><a name="[149]"></a>strtol</STRONG> (Thumb, 112 bytes, Stack size 32 bytes, strtol.o(.text))
<BR><BR>[Stack]<UL><LI>Max Depth = 72<LI>Call Chain = strtol &rArr; _strtoul
</UL>
<BR>[Calls]<UL><LI><a href="#[15f]">&gt;&gt;</a>&nbsp;&nbsp;&nbsp;_strtoul
<LI><a href="#[15e]">&gt;&gt;</a>&nbsp;&nbsp;&nbsp;__rt_ctype_table
<LI><a href="#[148]">&gt;&gt;</a>&nbsp;&nbsp;&nbsp;__aeabi_errno_addr
</UL>
<BR>[Called By]<UL><LI><a href="#[147]">&gt;&gt;</a>&nbsp;&nbsp;&nbsp;atoi
</UL>

<P><STRONG><a name="[521]"></a>__I$use$fp</STRONG> (Thumb, 0 bytes, Stack size 0 bytes, iusefp.o(.text), UNUSED)

<P><STRONG><a name="[14c]"></a>_float_round</STRONG> (Thumb, 18 bytes, Stack size 0 bytes, fepilogue.o(.text))
<BR><BR>[Called By]<UL><LI><a href="#[14a]">&gt;&gt;</a>&nbsp;&nbsp;&nbsp;__aeabi_fadd
<LI><a href="#[15d]">&gt;&gt;</a>&nbsp;&nbsp;&nbsp;__aeabi_d2f
<LI><a href="#[14f]">&gt;&gt;</a>&nbsp;&nbsp;&nbsp;__aeabi_fdiv
</UL>

[...]
</UL>
<BR>[Called By]<UL><LI><a href="#[4a2]">&gt;&gt;</a>&nbsp;&nbsp;&nbsp;listbox_set_top_index
<LI><a href="#[137]">&gt;&gt;</a>&nbsp;&nbsp;&nbsp;listboxWinProc
</UL>

<P><STRONG><a name="[4a4]"></a>listbox_set_text</STRONG> (Thumb, 50 bytes, Stack size 24 bytes, widget_listbox2.o(i.listbox_set_text))
<BR><BR>[Stack]<UL><LI>Max Depth = 144<LI>Call Chain = listbox_set_text &rArr; GUI_wstr_alloc &rArr; GUI_MEM_Alloc &rArr; pvPortMalloc &rArr; xTaskResumeAll &rArr; xTaskIncrementTick &rArr; __2printf
</UL>
<BR>[Calls]<UL><LI><a href="#[2bc]">&gt;&gt;</a>&nbsp;&nbsp;&nbsp;GUI_wstr_free
<LI><a href="#[2ba]">&gt;&gt;</a>&nbsp;&nbsp;&nbsp;GUI_wstr_alloc
<LI><a href="#[4b5]">&gt;&gt;</a>&nbsp;&nbsp;&nbsp;listbox_find_item
</UL>
<BR>[Called By]<UL><LI><a href="#[137]">&gt;&gt;</a>&nbsp;&nbsp;&nbsp;listboxWinProc
</UL>

<P><STRONG><a name="[4a2]"></a>listbox_set_top_index</STRONG> (Thumb, 42 bytes, Stack size 32 bytes, widget_listbox2.o(i.listbox_set_top_index))
<BR><BR>[Stack]<UL><LI>Max Depth = 368<LI>Call Chain = listbox_set_top_index &rArr; listbox_set_pos &rArr; NotifyParent &rArr; SendMessage &rArr; PostMessage &rArr; WIN_Lock &rArr; GUI_Lock &rArr; GUI_MutexLock &rArr; xQueueTakeMutexRecursive &rArr; xQueueGenericReceive &rArr; prvUnlockQueue &rArr; prvNotifyQueueSetContainer &rArr; prvCopyDataToQueue &rArr; xTaskPriorityDisinherit &rArr; __2printf
</UL>
<BR>[Calls]<UL><LI><a href="#[49f]">&gt;&gt;</a>&nbsp;&nbsp;&nbsp;listbox_set_pos
<LI><a href="#[4ab]">&gt;&gt;</a>&nbsp;&nbsp;&nbsp;listbox_get_item_rect
</UL>
<BR>[Called By]<UL><LI><a href="#[137]">&gt;&gt;</a>&nbsp;&nbsp;&nbsp;listboxWinProc
</UL>

<P><STRONG><a name="[4b7]"></a>pos_in_rect</STRONG> (Thumb, 22 bytes, Stack size 24 bytes, widget_listbox2.o(i.pos_in_rect))
<BR><BR>[Stack]<UL><LI>Max Depth = 36<LI>Call Chain = pos_in_rect &rArr; PtInRect
</UL>
<BR>[Calls]<UL><LI><a href="#[341]">&gt;&gt;</a>&nbsp;&nbsp;&nbsp;PtInRect
</UL>
<BR>[Called By]<UL><LI><a href="#[4b6]">&gt;&gt;</a>&nbsp;&nbsp;&nbsp;listbox_get_item_from_pos
</UL>

<P><STRONG><a name="[4c5]"></a>on_paint</STRONG> (Thumb, 68 bytes, Stack size 40 bytes, widget_progressbar2.o(i.on_paint))
<BR><BR>[Stack]<UL><LI>Max Depth = 320<LI>Call Chain = on_paint &rArr; SendMessage &rArr; PostMessage &rArr; WIN_Lock &rArr; GUI_Lock &rArr; GUI_MutexLock &rArr; xQueueTakeMutexRecursive &rArr; xQueueGenericReceive &rArr; prvUnlockQueue &rArr; prvNotifyQueueSetContainer &rArr; prvCopyDataToQueue &rArr; xTaskPriorityDisinherit &rArr; __2printf
</UL>
<BR>[Calls]<UL><LI><a href="#[174]">&gt;&gt;</a>&nbsp;&nbsp;&nbsp;SendMessage
<LI><a href="#[1bf]">&gt;&gt;</a>&nbsp;&nbsp;&nbsp;GetParent
<LI><a href="#[4c6]">&gt;&gt;</a>&nbsp;&nbsp;&nbsp;GetProgressBarOEM
</UL>
<BR>[Called By]<UL><LI><a href="#[138]">&gt;&gt;</a>&nbsp;&nbsp;&nbsp;win_proc
</UL>

<P><STRONG><a name="[138]"></a>win_proc</STRONG> (Thumb, 422 bytes, Stack size 112 bytes, widget_progressbar2.o(i.win_proc))
<BR><BR>[Stack]<UL><LI>Max Depth = 1384<LI>Call Chain = win_proc &rArr; DefWindowProc &rArr; DestroyWindow &rArr;  DestroyWindow (Cycle)
</UL>
<BR>[Calls]<UL><LI><a href="#[174]">&gt;&gt;</a>&nbsp;&nbsp;&nbsp;SendMessage
<LI><a href="#[1db]">&gt;&gt;</a>&nbsp;&nbsp;&nbsp;InvalidateRect
<LI><a href="#[2c4]">&gt;&gt;</a>&nbsp;&nbsp;&nbsp;GetWindowLong
<LI><a href="#[1bf]">&gt;&gt;</a>&nbsp;&nbsp;&nbsp;GetParent
<LI><a href="#[1f2]">&gt;&gt;</a>&nbsp;&nbsp;&nbsp;EndPaint
<LI><a href="#[18d]">&gt;&gt;</a>&nbsp;&nbsp;&nbsp;BeginPaint
<LI><a href="#[2c0]">&gt;&gt;</a>&nbsp;&nbsp;&nbsp;GetClientRect
<LI><a href="#[1ee]">&gt;&gt;</a>&nbsp;&nbsp;&nbsp;DefWindowProc
<LI><a href="#[1f0]">&gt;&gt;</a>&nbsp;&nbsp;&nbsp;SetBrushColor
<LI><a href="#[17c]">&gt;&gt;</a>&nbsp;&nbsp;&nbsp;MapRGB
<LI><a href="#[1f1]">&gt;&gt;</a>&nbsp;&nbsp;&nbsp;FillRect
<LI><a href="#[4c5]">&gt;&gt;</a>&nbsp;&nbsp;&nbsp;on_paint
</UL>
<BR>[Address Reference Count : 1]<UL><LI> widget_progressbar2.o(.constdata)
</UL>
<P><STRONG><a name="[488]"></a>get_hscroll_rect</STRONG> (Thumb, 142 bytes, Stack size 40 bytes, widget_scrollbar2.o(i.get_hscroll_rect))
<BR><BR>[Stack]<UL><LI>Max Depth = 80<LI>Call Chain = get_hscroll_rect &rArr; make_hscroll_by_value &rArr; CopyRect
</UL>
<BR>[Calls]<UL><LI><a href="#[1bb]">&gt;&gt;</a>&nbsp;&nbsp;&nbsp;InflateRect
<LI><a href="#[1ae]">&gt;&gt;</a>&nbsp;&nbsp;&nbsp;CopyRect
<LI><a href="#[489]">&gt;&gt;</a>&nbsp;&nbsp;&nbsp;make_hscroll_by_value
</UL>
<BR>[Called By]<UL><LI><a href="#[139]">&gt;&gt;</a>&nbsp;&nbsp;&nbsp;win_proc
<LI><a href="#[493]">&gt;&gt;</a>&nbsp;&nbsp;&nbsp;hscrollbar_mouse_move
<LI><a href="#[490]">&gt;&gt;</a>&nbsp;&nbsp;&nbsp;hscrollbar_lbutton_down
</UL>

<P><STRONG><a name="[48a]"></a>get_value_for_pos</STRONG> (Thumb, 60 bytes, Stack size 24 bytes, widget_scrollbar2.o(i.get_value_for_pos))
<BR><BR>[Stack]<UL><LI>Max Depth = 24<LI>Call Chain = get_value_for_pos
</UL>
<BR>[Calls]<UL><LI><a href="#[328]">&gt;&gt;</a>&nbsp;&nbsp;&nbsp;GUI_abs
</UL>
<BR>[Called By]<UL><LI><a href="#[4fb]">&gt;&gt;</a>&nbsp;&nbsp;&nbsp;vscrollbar_mouse_move
<LI><a href="#[493]">&gt;&gt;</a>&nbsp;&nbsp;&nbsp;hscrollbar_mouse_move
</UL>

<P><STRONG><a name="[48b]"></a>get_vscroll_rect</STRONG> (Thumb, 140 bytes, Stack size 40 bytes, widget_scrollbar2.o(i.get_vscroll_rect))
<BR><BR>[Stack]<UL><LI>Max Depth = 80<LI>Call Chain = get_vscroll_rect &rArr; make_vscroll_by_value &rArr; CopyRect
</UL>
<BR>[Calls]<UL><LI><a href="#[1bb]">&gt;&gt;</a>&nbsp;&nbsp;&nbsp;InflateRect
<LI><a href="#[1ae]">&gt;&gt;</a>&nbsp;&nbsp;&nbsp;CopyRect
<LI><a href="#[48c]">&gt;&gt;</a>&nbsp;&nbsp;&nbsp;make_vscroll_by_value
</UL>
<BR>[Called By]<UL><LI><a href="#[139]">&gt;&gt;</a>&nbsp;&nbsp;&nbsp;win_proc
<LI><a href="#[4fb]">&gt;&gt;</a>&nbsp;&nbsp;&nbsp;vscrollbar_mouse_move
<LI><a href="#[4f9]">&gt;&gt;</a>&nbsp;&nbsp;&nbsp;vscrollbar_lbutton_down
</UL>

<P><STRONG><a name="[490]"></a>hscrollbar_lbutton_down</STRONG> (Thumb, 150 bytes, Stack size 120 bytes, widget_scrollbar2.o(i.hscrollbar_lbutton_down))
<BR><BR>[Stack]<UL><LI>Max Depth = 640<LI>Call Chain = hscrollbar_lbutton_down &rArr; InvalidateRect &rArr; _InsertInvRect &rArr; RECT_LLAddRect &rArr; InsertRECT_LL &rArr; __AddRectRECT_LL &rArr; GUI_RectLL_Alloc &rArr; GUI_MutexLock &rArr; xQueueTakeMutexRecursive &rArr; xQueueGenericReceive &rArr; prvUnlockQueue &rArr; prvNotifyQueueSetContainer &rArr; prvCopyDataToQueue &rArr; xTaskPriorityDisinherit &rArr; __2printf
</UL>
<BR>[Calls]<UL><LI><a href="#[1db]">&gt;&gt;</a>&nbsp;&nbsp;&nbsp;InvalidateRect
<LI><a href="#[2c0]">&gt;&gt;</a>&nbsp;&nbsp;&nbsp;GetClientRect
<LI><a href="#[491]">&gt;&gt;</a>&nbsp;&nbsp;&nbsp;pos_in_rect
<LI><a href="#[488]">&gt;&gt;</a>&nbsp;&nbsp;&nbsp;get_hscroll_rect
</UL>
<BR>[Called By]<UL><LI><a href="#[139]">&gt;&gt;</a>&nbsp;&nbsp;&nbsp;win_proc
</UL>

<P><STRONG><a name="[492]"></a>hscrollbar_lbutton_up</STRONG> (Thumb, 130 bytes, Stack size 32 bytes, widget_scrollbar2.o(i.hscrollbar_lbutton_up))
<BR><BR>[Stack]<UL><LI>Max Depth = 336<LI>Call Chain = hscrollbar_lbutton_up &rArr; NotifyParentEx &rArr; SendMessage &rArr; PostMessage &rArr; WIN_Lock &rArr; GUI_Lock &rArr; GUI_MutexLock &rArr; xQueueTakeMutexRecursive &rArr; xQueueGenericReceive &rArr; prvUnlockQueue &rArr; prvNotifyQueueSetContainer &rArr; prvCopyDataToQueue &rArr; xTaskPriorityDisinherit &rArr; __2printf
</UL>
<BR>[Calls]<UL><LI><a href="#[32e]">&gt;&gt;</a>&nbsp;&nbsp;&nbsp;NotifyParentEx
</UL>
<BR>[Called By]<UL><LI><a href="#[139]">&gt;&gt;</a>&nbsp;&nbsp;&nbsp;win_proc
</UL>

<P><STRONG><a name="[493]"></a>hscrollbar_mouse_move</STRONG> (Thumb, 196 bytes, Stack size 152 bytes, widget_scrollbar2.o(i.hscrollbar_mouse_move))
<BR><BR>[Stack]<UL><LI>Max Depth = 672<LI>Call Chain = hscrollbar_mouse_move &rArr; InvalidateRect &rArr; _InsertInvRect &rArr; RECT_LLAddRect &rArr; InsertRECT_LL &rArr; __AddRectRECT_LL &rArr; GUI_RectLL_Alloc &rArr; GUI_MutexLock &rArr; xQueueTakeMutexRecursive &rArr; xQueueGenericReceive &rArr; prvUnlockQueue &rArr; prvNotifyQueueSetContainer &rArr; prvCopyDataToQueue &rArr; xTaskPriorityDisinherit &rArr; __2printf
</UL>
<BR>[Calls]<UL><LI><a href="#[32e]">&gt;&gt;</a>&nbsp;&nbsp;&nbsp;NotifyParentEx
<LI><a href="#[1db]">&gt;&gt;</a>&nbsp;&nbsp;&nbsp;InvalidateRect
<LI><a href="#[2c0]">&gt;&gt;</a>&nbsp;&nbsp;&nbsp;GetClientRect
<LI><a href="#[48a]">&gt;&gt;</a>&nbsp;&nbsp;&nbsp;get_value_for_pos
<LI><a href="#[488]">&gt;&gt;</a>&nbsp;&nbsp;&nbsp;get_hscroll_rect
</UL>
<BR>[Called By]<UL><LI><a href="#[139]">&gt;&gt;</a>&nbsp;&nbsp;&nbsp;win_proc
</UL>

<P><STRONG><a name="[501]"></a>is_vscroll</STRONG> (Thumb, 18 bytes, Stack size 0 bytes, widget_scrollbar2.o(i.is_vscroll))
<BR><BR>[Called By]<UL><LI><a href="#[139]">&gt;&gt;</a>&nbsp;&nbsp;&nbsp;win_proc
</UL>

<P><STRONG><a name="[489]"></a>make_hscroll_by_value</STRONG> (Thumb, 178 bytes, Stack size 32 bytes, widget_scrollbar2.o(i.make_hscroll_by_value))
<BR><BR>[Stack]<UL><LI>Max Depth = 40<LI>Call Chain = make_hscroll_by_value &rArr; CopyRect
</UL>
<BR>[Calls]<UL><LI><a href="#[1ae]">&gt;&gt;</a>&nbsp;&nbsp;&nbsp;CopyRect
<LI><a href="#[2f9]">&gt;&gt;</a>&nbsp;&nbsp;&nbsp;SetRectEmpty
</UL>
<BR>[Called By]<UL><LI><a href="#[488]">&gt;&gt;</a>&nbsp;&nbsp;&nbsp;get_hscroll_rect
</UL>

<P><STRONG><a name="[48c]"></a>make_vscroll_by_value</STRONG> (Thumb, 178 bytes, Stack size 32 bytes, widget_scrollbar2.o(i.make_vscroll_by_value))
<BR><BR>[Stack]<UL><LI>Max Depth = 40<LI>Call Chain = make_vscroll_by_value &rArr; CopyRect
</UL>
<BR>[Calls]<UL><LI><a href="#[1ae]">&gt;&gt;</a>&nbsp;&nbsp;&nbsp;CopyRect
<LI><a href="#[2f9]">&gt;&gt;</a>&nbsp;&nbsp;&nbsp;SetRectEmpty
</UL>
<BR>[Called By]<UL><LI><a href="#[48b]">&gt;&gt;</a>&nbsp;&nbsp;&nbsp;get_vscroll_rect
</UL>

<P><STRONG><a name="[502]"></a>on_destroy</STRONG> (Thumb, 2 bytes, Stack size 0 bytes, widget_scrollbar2.o(i.on_destroy))
<BR><BR>[Called By]<UL><LI><a href="#[139]">&gt;&gt;</a>&nbsp;&nbsp;&nbsp;win_proc
</UL>

<P><STRONG><a name="[4c7]"></a>on_paint</STRONG> (Thumb, 68 bytes, Stack size 40 bytes, widget_scrollbar2.o(i.on_paint))
<BR><BR>[Stack]<UL><LI>Max Depth = 320<LI>Call Chain = on_paint &rArr; SendMessage &rArr; PostMessage &rArr; WIN_Lock &rArr; GUI_Lock &rArr; GUI_MutexLock &rArr; xQueueTakeMutexRecursive &rArr; xQueueGenericReceive &rArr; prvUnlockQueue &rArr; prvNotifyQueueSetContainer &rArr; prvCopyDataToQueue &rArr; xTaskPriorityDisinherit &rArr; __2printf
</UL>
<BR>[Calls]<UL><LI><a href="#[174]">&gt;&gt;</a>&nbsp;&nbsp;&nbsp;SendMessage
<LI><a href="#[1bf]">&gt;&gt;</a>&nbsp;&nbsp;&nbsp;GetParent
<LI><a href="#[4c8]">&gt;&gt;</a>&nbsp;&nbsp;&nbsp;GetScrollBarOEM
</UL>
<BR>[Called By]<UL><LI><a href="#[139]">&gt;&gt;</a>&nbsp;&nbsp;&nbsp;win_proc
</UL>

<P><STRONG><a name="[491]"></a>pos_in_rect</STRONG> (Thumb, 22 bytes, Stack size 24 bytes, widget_scrollbar2.o(i.pos_in_rect))
<BR><BR>[Stack]<UL><LI>Max Depth = 36<LI>Call Chain = pos_in_rect &rArr; PtInRect
</UL>
<BR>[Calls]<UL><LI><a href="#[341]">&gt;&gt;</a>&nbsp;&nbsp;&nbsp;PtInRect
</UL>
<BR>[Called By]<UL><LI><a href="#[4f9]">&gt;&gt;</a>&nbsp;&nbsp;&nbsp;vscrollbar_lbutton_down
<LI><a href="#[490]">&gt;&gt;</a>&nbsp;&nbsp;&nbsp;hscrollbar_lbutton_down
</UL>

<P><STRONG><a name="[500]"></a>scroll_set_rangle</STRONG> (Thumb, 10 bytes, Stack size 0 bytes, widget_scrollbar2.o(i.scroll_set_rangle))
<BR><BR>[Called By]<UL><LI><a href="#[139]">&gt;&gt;</a>&nbsp;&nbsp;&nbsp;win_proc
</UL>

<P><STRONG><a name="[4ff]"></a>scroll_set_value</STRONG> (Thumb, 34 bytes, Stack size 0 bytes, widget_scrollbar2.o(i.scroll_set_value))
<BR><BR>[Called By]<UL><LI><a href="#[139]">&gt;&gt;</a>&nbsp;&nbsp;&nbsp;win_proc
</UL>

<P><STRONG><a name="[4f9]"></a>vscrollbar_lbutton_down</STRONG> (Thumb, 150 bytes, Stack size 120 bytes, widget_scrollbar2.o(i.vscrollbar_lbutton_down))
<BR><BR>[Stack]<UL><LI>Max Depth = 640<LI>Call Chain = vscrollbar_lbutton_down &rArr; InvalidateRect &rArr; _InsertInvRect &rArr; RECT_LLAddRect &rArr; InsertRECT_LL &rArr; __AddRectRECT_LL &rArr; GUI_RectLL_Alloc &rArr; GUI_MutexLock &rArr; xQueueTakeMutexRecursive &rArr; xQueueGenericReceive &rArr; prvUnlockQueue &rArr; prvNotifyQueueSetContainer &rArr; prvCopyDataToQueue &rArr; xTaskPriorityDisinherit &rArr; __2printf
</UL>
<BR>[Calls]<UL><LI><a href="#[1db]">&gt;&gt;</a>&nbsp;&nbsp;&nbsp;InvalidateRect
<LI><a href="#[2c0]">&gt;&gt;</a>&nbsp;&nbsp;&nbsp;GetClientRect
<LI><a href="#[491]">&gt;&gt;</a>&nbsp;&nbsp;&nbsp;pos_in_rect
<LI><a href="#[48b]">&gt;&gt;</a>&nbsp;&nbsp;&nbsp;get_vscroll_rect
</UL>
<BR>[Called By]<UL><LI><a href="#[139]">&gt;&gt;</a>&nbsp;&nbsp;&nbsp;win_proc
</UL>

<P><STRONG><a name="[4fa]"></a>vscrollbar_lbutton_up</STRONG> (Thumb, 130 bytes, Stack size 32 bytes, widget_scrollbar2.o(i.vscrollbar_lbutton_up))
<BR><BR>[Stack]<UL><LI>Max Depth = 336<LI>Call Chain = vscrollbar_lbutton_up &rArr; NotifyParentEx &rArr; SendMessage &rArr; PostMessage &rArr; WIN_Lock &rArr; GUI_Lock &rArr; GUI_MutexLock &rArr; xQueueTakeMutexRecursive &rArr; xQueueGenericReceive &rArr; prvUnlockQueue &rArr; prvNotifyQueueSetContainer &rArr; prvCopyDataToQueue &rArr; xTaskPriorityDisinherit &rArr; __2printf
</UL>
<BR>[Calls]<UL><LI><a href="#[32e]">&gt;&gt;</a>&nbsp;&nbsp;&nbsp;NotifyParentEx
</UL>
<BR>[Called By]<UL><LI><a href="#[139]">&gt;&gt;</a>&nbsp;&nbsp;&nbsp;win_proc
</UL>

<P><STRONG><a name="[4fb]"></a>vscrollbar_mouse_move</STRONG> (Thumb, 194 bytes, Stack size 152 bytes, widget_scrollbar2.o(i.vscrollbar_mouse_move))
<BR><BR>[Stack]<UL><LI>Max Depth = 672<LI>Call Chain = vscrollbar_mouse_move &rArr; InvalidateRect &rArr; _InsertInvRect &rArr; RECT_LLAddRect &rArr; InsertRECT_LL &rArr; __AddRectRECT_LL &rArr; GUI_RectLL_Alloc &rArr; GUI_MutexLock &rArr; xQueueTakeMutexRecursive &rArr; xQueueGenericReceive &rArr; prvUnlockQueue &rArr; prvNotifyQueueSetContainer &rArr; prvCopyDataToQueue &rArr; xTaskPriorityDisinherit &rArr; __2printf
</UL>
<BR>[Calls]<UL><LI><a href="#[32e]">&gt;&gt;</a>&nbsp;&nbsp;&nbsp;NotifyParentEx
<LI><a href="#[1db]">&gt;&gt;</a>&nbsp;&nbsp;&nbsp;InvalidateRect
<LI><a href="#[2c0]">&gt;&gt;</a>&nbsp;&nbsp;&nbsp;GetClientRect
<LI><a href="#[48b]">&gt;&gt;</a>&nbsp;&nbsp;&nbsp;get_vscroll_rect
<LI><a href="#[48a]">&gt;&gt;</a>&nbsp;&nbsp;&nbsp;get_value_for_pos
</UL>
<BR>[Called By]<UL><LI><a href="#[139]">&gt;&gt;</a>&nbsp;&nbsp;&nbsp;win_proc
</UL>

<P><STRONG><a name="[139]"></a>win_proc</STRONG> (Thumb, 1174 bytes, Stack size 160 bytes, widget_scrollbar2.o(i.win_proc))
<BR><BR>[Stack]<UL><LI>Max Depth = 1432<LI>Call Chain = win_proc &rArr; DefWindowProc &rArr; DestroyWindow &rArr;  DestroyWindow (Cycle)
</UL>
<BR>[Calls]<UL><LI><a href="#[174]">&gt;&gt;</a>&nbsp;&nbsp;&nbsp;SendMessage
<LI><a href="#[1db]">&gt;&gt;</a>&nbsp;&nbsp;&nbsp;InvalidateRect
<LI><a href="#[2c4]">&gt;&gt;</a>&nbsp;&nbsp;&nbsp;GetWindowLong
<LI><a href="#[1bf]">&gt;&gt;</a>&nbsp;&nbsp;&nbsp;GetParent
<LI><a href="#[1f2]">&gt;&gt;</a>&nbsp;&nbsp;&nbsp;EndPaint
<LI><a href="#[18d]">&gt;&gt;</a>&nbsp;&nbsp;&nbsp;BeginPaint
<LI><a href="#[2c0]">&gt;&gt;</a>&nbsp;&nbsp;&nbsp;GetClientRect
<LI><a href="#[1ee]">&gt;&gt;</a>&nbsp;&nbsp;&nbsp;DefWindowProc
<LI><a href="#[1ae]">&gt;&gt;</a>&nbsp;&nbsp;&nbsp;CopyRect
<LI><a href="#[1f0]">&gt;&gt;</a>&nbsp;&nbsp;&nbsp;SetBrushColor
<LI><a href="#[17c]">&gt;&gt;</a>&nbsp;&nbsp;&nbsp;MapRGB
<LI><a href="#[1f1]">&gt;&gt;</a>&nbsp;&nbsp;&nbsp;FillRect
<LI><a href="#[376]">&gt;&gt;</a>&nbsp;&nbsp;&nbsp;SetCapture
<LI><a href="#[349]">&gt;&gt;</a>&nbsp;&nbsp;&nbsp;ReleaseCapture
<LI><a href="#[4fb]">&gt;&gt;</a>&nbsp;&nbsp;&nbsp;vscrollbar_mouse_move
<LI><a href="#[4fa]">&gt;&gt;</a>&nbsp;&nbsp;&nbsp;vscrollbar_lbutton_up
<LI><a href="#[4f9]">&gt;&gt;</a>&nbsp;&nbsp;&nbsp;vscrollbar_lbutton_down
<LI><a href="#[4ff]">&gt;&gt;</a>&nbsp;&nbsp;&nbsp;scroll_set_value
<LI><a href="#[500]">&gt;&gt;</a>&nbsp;&nbsp;&nbsp;scroll_set_rangle
<LI><a href="#[4c7]">&gt;&gt;</a>&nbsp;&nbsp;&nbsp;on_paint
<LI><a href="#[502]">&gt;&gt;</a>&nbsp;&nbsp;&nbsp;on_destroy
<LI><a href="#[501]">&gt;&gt;</a>&nbsp;&nbsp;&nbsp;is_vscroll
<LI><a href="#[493]">&gt;&gt;</a>&nbsp;&nbsp;&nbsp;hscrollbar_mouse_move
<LI><a href="#[492]">&gt;&gt;</a>&nbsp;&nbsp;&nbsp;hscrollbar_lbutton_up
<LI><a href="#[490]">&gt;&gt;</a>&nbsp;&nbsp;&nbsp;hscrollbar_lbutton_down
<LI><a href="#[48b]">&gt;&gt;</a>&nbsp;&nbsp;&nbsp;get_vscroll_rect
<LI><a href="#[488]">&gt;&gt;</a>&nbsp;&nbsp;&nbsp;get_hscroll_rect
</UL>
<BR>[Address Reference Count : 1]<UL><LI> widget_scrollbar2.o(.constdata)
</UL>
<P><STRONG><a name="[4c9]"></a>on_paint</STRONG> (Thumb, 68 bytes, Stack size 40 bytes, widget_textbox2.o(i.on_paint))
<BR><BR>[Stack]<UL><LI>Max Depth = 320<LI>Call Chain = on_paint &rArr; SendMessage &rArr; PostMessage &rArr; WIN_Lock &rArr; GUI_Lock &rArr; GUI_MutexLock &rArr; xQueueTakeMutexRecursive &rArr; xQueueGenericReceive &rArr; prvUnlockQueue &rArr; prvNotifyQueueSetContainer &rArr; prvCopyDataToQueue &rArr; xTaskPriorityDisinherit &rArr; __2printf
</UL>
<BR>[Calls]<UL><LI><a href="#[174]">&gt;&gt;</a>&nbsp;&nbsp;&nbsp;SendMessage
<LI><a href="#[1bf]">&gt;&gt;</a>&nbsp;&nbsp;&nbsp;GetParent
<LI><a href="#[4ca]">&gt;&gt;</a>&nbsp;&nbsp;&nbsp;GetTextBoxOEM
</UL>
<BR>[Called By]<UL><LI><a href="#[13a]">&gt;&gt;</a>&nbsp;&nbsp;&nbsp;textbox_proc
</UL>

<P><STRONG><a name="[13a]"></a>textbox_proc</STRONG> (Thumb, 368 bytes, Stack size 112 bytes, widget_textbox2.o(i.textbox_proc))
<BR><BR>[Stack]<UL><LI>Max Depth = 1384<LI>Call Chain = textbox_proc &rArr; DefWindowProc &rArr; DestroyWindow &rArr;  DestroyWindow (Cycle)
</UL>
<BR>[Calls]<UL><LI><a href="#[174]">&gt;&gt;</a>&nbsp;&nbsp;&nbsp;SendMessage
<LI><a href="#[1db]">&gt;&gt;</a>&nbsp;&nbsp;&nbsp;InvalidateRect
<LI><a href="#[2c4]">&gt;&gt;</a>&nbsp;&nbsp;&nbsp;GetWindowLong
<LI><a href="#[1bf]">&gt;&gt;</a>&nbsp;&nbsp;&nbsp;GetParent
<LI><a href="#[1f2]">&gt;&gt;</a>&nbsp;&nbsp;&nbsp;EndPaint
<LI><a href="#[18d]">&gt;&gt;</a>&nbsp;&nbsp;&nbsp;BeginPaint
<LI><a href="#[2c0]">&gt;&gt;</a>&nbsp;&nbsp;&nbsp;GetClientRect
<LI><a href="#[1ee]">&gt;&gt;</a>&nbsp;&nbsp;&nbsp;DefWindowProc
<LI><a href="#[1f0]">&gt;&gt;</a>&nbsp;&nbsp;&nbsp;SetBrushColor
<LI><a href="#[17c]">&gt;&gt;</a>&nbsp;&nbsp;&nbsp;MapRGB
<LI><a href="#[1f1]">&gt;&gt;</a>&nbsp;&nbsp;&nbsp;FillRect
<LI><a href="#[32d]">&gt;&gt;</a>&nbsp;&nbsp;&nbsp;NotifyParent
<LI><a href="#[4c9]">&gt;&gt;</a>&nbsp;&nbsp;&nbsp;on_paint
</UL>
<BR>[Address Reference Count : 1]<UL><LI> widget_textbox2.o(.constdata)
</UL>
<P><STRONG><a name="[3f8]"></a>_printf_core</STRONG> (Thumb, 984 bytes, Stack size 104 bytes, printf8.o(i._printf_core), UNUSED)
<BR><BR>[Calls]<UL><LI><a href="#[13f]">&gt;&gt;</a>&nbsp;&nbsp;&nbsp;__aeabi_uldivmod
<LI><a href="#[42c]">&gt;&gt;</a>&nbsp;&nbsp;&nbsp;_printf_pre_padding
<LI><a href="#[42d]">&gt;&gt;</a>&nbsp;&nbsp;&nbsp;_printf_post_padding
</UL>
<BR>[Called By]<UL><LI><a href="#[3f9]">&gt;&gt;</a>&nbsp;&nbsp;&nbsp;__0sprintf$8
<LI><a href="#[3f7]">&gt;&gt;</a>&nbsp;&nbsp;&nbsp;__0printf$8
</UL>

<P><STRONG><a name="[42d]"></a>_printf_post_padding</STRONG> (Thumb, 36 bytes, Stack size 24 bytes, printf8.o(i._printf_post_padding), UNUSED)
<BR><BR>[Called By]<UL><LI><a href="#[3f8]">&gt;&gt;</a>&nbsp;&nbsp;&nbsp;_printf_core
</UL>

<P><STRONG><a name="[42c]"></a>_printf_pre_padding</STRONG> (Thumb, 46 bytes, Stack size 24 bytes, printf8.o(i._printf_pre_padding), UNUSED)
<BR><BR>[Called By]<UL><LI><a href="#[3f8]">&gt;&gt;</a>&nbsp;&nbsp;&nbsp;_printf_core
</UL>

<P><STRONG><a name="[ee]"></a>_sputc</STRONG> (Thumb, 10 bytes, Stack size 0 bytes, printf8.o(i._sputc))
<BR><BR>[Called By]<UL><LI><a href="#[3f9]">&gt;&gt;</a>&nbsp;&nbsp;&nbsp;__0sprintf$8
</UL>
<BR>[Address Reference Count : 1]<UL><LI> printf8.o(i.__0sprintf$8)
</UL><P>
<H3>
Undefined Global Symbols
</H3><HR></body></html>
